[2025-03-20T02:18:45.862Z] FRONTEND:ORDERS - DEBUG: Fetching order count
  Details: {
  "log_destination": "orders",
  "timestamp": "2025-03-20T02:18:45.862Z"
}
[2025-03-20T02:18:45.867Z] FRONTEND:ORDERS - INFO: Orders page initialized
  Details: {
  "is_connected": true,
  "is_ready": false,
  "has_address": true,
  "has_effective_address": true,
  "using_auth_wallet": false,
  "status_filter": "all",
  "log_destination": "orders",
  "timestamp": "2025-03-20T02:18:45.867Z"
}
[2025-03-20T02:18:45.868Z] FRONTEND:ORDERS - INFO: Fetching orders
  Details: {
  "wallet_address": "0x0300...",
  "page": 1,
  "limit": 10,
  "has_search": false,
  "log_destination": "orders",
  "timestamp": "2025-03-20T02:18:45.868Z"
}
[2025-03-20T02:18:45.869Z] FRONTEND:ORDERS - DEBUG: Fetching user orders
  Details: {
  "wallet_address": "0x0300B70e40F138927e3a988ce4A9a069Ff875336",
  "page": 1,
  "limit": 10,
  "url": "/orders/user/0x0300B70e40F138927e3a988ce4A9a069Ff875336",
  "log_destination": "orders",
  "timestamp": "2025-03-20T02:18:45.869Z"
}
[2025-03-20T02:18:45.879Z] FRONTEND:ORDERS - DEBUG: Fetching order count
  Details: {
  "log_destination": "orders",
  "timestamp": "2025-03-20T02:18:45.879Z"
}
[2025-03-20T02:18:45.881Z] FRONTEND:ORDERS - INFO: Orders page initialized
  Details: {
  "is_connected": true,
  "is_ready": false,
  "has_address": true,
  "has_effective_address": true,
  "using_auth_wallet": false,
  "status_filter": "all",
  "log_destination": "orders",
  "timestamp": "2025-03-20T02:18:45.881Z"
}
[2025-03-20T02:18:45.923Z] FRONTEND:ORDERS - INFO: Wallet state changed in orders page
  Details: {
  "is_connected": true,
  "is_ready": true,
  "has_address": true,
  "has_effective_address": true,
  "using_auth_wallet": false,
  "log_destination": "orders",
  "timestamp": "2025-03-20T02:18:45.923Z"
}
[2025-03-20T02:18:45.932Z] FRONTEND:ORDERS - ERROR: Order Error: Request failed with status code 403
  Details: {
  "stack": "AxiosError: Request failed with status code 403\n    at settle (webpack-internal:///(app-pages-browser)/./node_modules/axios/lib/core/settle.js:24:12)\n    at XMLHttpRequest.onloadend (webpack-internal:///(app-pages-browser)/./node_modules/axios/lib/adapters/xhr.js:73:66)\n    at Axios.request (webpack-internal:///(app-pages-browser)/./node_modules/axios/lib/core/Axios.js:57:41)\n    at async eval (webpack-internal:///(app-pages-browser)/./src/api/orders.ts:160:32)\n    at async makeRequest (webpack-internal:///(app-pages-browser)/./src/api/orders.ts:41:16)\n    at async Object.getOrderCount (webpack-internal:///(app-pages-browser)/./src/api/orders.ts:159:30)\n    at async Navigation.useEffect.fetchOrderCount (webpack-internal:///(app-pages-browser)/./src/components/layouts/customer-dashboard/navigation.tsx:81:43)",
  "status": 403,
  "url": "http://127.0.0.1:8000/orders/summary/",
  "method": "get",
  "response_data": {
    "detail": "Not authenticated"
  },
  "log_destination": "orders",
  "timestamp": "2025-03-20T02:18:45.932Z"
}
[2025-03-20T02:18:46.616Z] FRONTEND:ORDERS - DEBUG: Successfully fetched user orders
  Details: {
  "orderCount": 2,
  "total": 2,
  "page": 1,
  "limit": 10,
  "firstOrderId": "ORD-001-TEST",
  "log_destination": "orders",
  "timestamp": "2025-03-20T02:18:46.616Z"
}
[2025-03-20T02:18:46.617Z] FRONTEND:ORDERS - INFO: Orders fetched successfully
  Details: {
  "wallet_address": "0x0300...",
  "order_count": 2,
  "total_orders": 2,
  "page": 1,
  "limit": 10,
  "log_destination": "orders",
  "timestamp": "2025-03-20T02:18:46.617Z"
}
[2025-03-20T02:18:46.624Z] FRONTEND:ORDERS - INFO: Orders loaded
  Details: {
  "total_orders": 2,
  "status_filter": "all",
  "log_destination": "orders",
  "timestamp": "2025-03-20T02:18:46.624Z"
}
[2025-03-20T02:18:46.629Z] FRONTEND:ORDERS - ERROR: Order Error: Request failed with status code 403
  Details: {
  "stack": "AxiosError: Request failed with status code 403\n    at settle (webpack-internal:///(app-pages-browser)/./node_modules/axios/lib/core/settle.js:24:12)\n    at XMLHttpRequest.onloadend (webpack-internal:///(app-pages-browser)/./node_modules/axios/lib/adapters/xhr.js:73:66)\n    at Axios.request (webpack-internal:///(app-pages-browser)/./node_modules/axios/lib/core/Axios.js:57:41)\n    at async eval (webpack-internal:///(app-pages-browser)/./src/api/orders.ts:160:32)\n    at async makeRequest (webpack-internal:///(app-pages-browser)/./src/api/orders.ts:41:16)\n    at async Object.getOrderCount (webpack-internal:///(app-pages-browser)/./src/api/orders.ts:159:30)\n    at async Navigation.useEffect.fetchOrderCount (webpack-internal:///(app-pages-browser)/./src/components/layouts/customer-dashboard/navigation.tsx:81:43)",
  "status": 403,
  "url": "http://127.0.0.1:8000/orders/summary/",
  "method": "get",
  "response_data": {
    "detail": "Not authenticated"
  },
  "log_destination": "orders",
  "timestamp": "2025-03-20T02:18:46.629Z"
}
[2025-03-20T02:18:46.710Z] FRONTEND:ORDERS - INFO: OrderList orders updated
  Details: {
  "has_orders": true,
  "order_count": 2,
  "is_array": true,
  "is_null": false,
  "is_undefined": false,
  "current_page": 1,
  "total_pages": 1,
  "total_orders": 2,
  "log_destination": "orders",
  "timestamp": "2025-03-20T02:18:46.710Z"
}
[2025-03-20T02:18:46.709Z] FRONTEND:ORDERS - INFO: OrderList component initialized
  Details: {
  "has_orders": true,
  "order_count": 2,
  "is_array": true,
  "is_null": false,
  "is_undefined": false,
  "current_page": 1,
  "total_pages": 1,
  "total_orders": 2,
  "log_destination": "orders",
  "timestamp": "2025-03-20T02:18:46.709Z"
}
[2025-03-20T02:18:46.712Z] FRONTEND:ORDERS - INFO: OrderList component initialized
  Details: {
  "has_orders": true,
  "order_count": 2,
  "is_array": true,
  "is_null": false,
  "is_undefined": false,
  "current_page": 1,
  "total_pages": 1,
  "total_orders": 2,
  "log_destination": "orders",
  "timestamp": "2025-03-20T02:18:46.712Z"
}
[2025-03-20T02:18:46.713Z] FRONTEND:ORDERS - INFO: OrderList orders updated
  Details: {
  "has_orders": true,
  "order_count": 2,
  "is_array": true,
  "is_null": false,
  "is_undefined": false,
  "current_page": 1,
  "total_pages": 1,
  "total_orders": 2,
  "log_destination": "orders",
  "timestamp": "2025-03-20T02:18:46.713Z"
}
[2025-03-20T02:19:08.323Z] FRONTEND:ORDERS - INFO: Wallet state changed in orders page
  Details: {
  "is_connected": false,
  "is_ready": true,
  "has_address": false,
  "has_effective_address": true,
  "using_auth_wallet": true,
  "log_destination": "orders",
  "timestamp": "2025-03-20T02:19:08.323Z"
}
[2025-03-20T02:19:08.353Z] FRONTEND:ORDERS - INFO: Wallet state changed in orders page
  Details: {
  "is_connected": false,
  "is_ready": false,
  "has_address": false,
  "has_effective_address": false,
  "using_auth_wallet": false,
  "log_destination": "orders",
  "timestamp": "2025-03-20T02:19:08.353Z"
}
[2025-03-20T09:43:34.508Z] FRONTEND:ORDERS - DEBUG: Fetching order count
  Details: {
  "log_destination": "orders",
  "timestamp": "2025-03-20T09:43:34.508Z"
}
[2025-03-20T09:43:34.512Z] FRONTEND:ORDERS - INFO: Fetching orders
  Details: {
  "wallet_address": "0x0300...",
  "page": 1,
  "limit": 10,
  "has_search": false,
  "log_destination": "orders",
  "timestamp": "2025-03-20T09:43:34.512Z"
}
[2025-03-20T09:43:34.511Z] FRONTEND:ORDERS - INFO: Orders page initialized
  Details: {
  "is_connected": true,
  "is_ready": false,
  "has_address": true,
  "has_effective_address": true,
  "using_auth_wallet": false,
  "status_filter": "all",
  "log_destination": "orders",
  "timestamp": "2025-03-20T09:43:34.511Z"
}
[2025-03-20T09:43:34.513Z] FRONTEND:ORDERS - DEBUG: Fetching user orders
  Details: {
  "wallet_address": "0x0300B70e40F138927e3a988ce4A9a069Ff875336",
  "page": 1,
  "limit": 10,
  "url": "/orders/user/0x0300B70e40F138927e3a988ce4A9a069Ff875336",
  "log_destination": "orders",
  "timestamp": "2025-03-20T09:43:34.513Z"
}
[2025-03-20T09:43:34.520Z] FRONTEND:ORDERS - DEBUG: Fetching order count
  Details: {
  "log_destination": "orders",
  "timestamp": "2025-03-20T09:43:34.520Z"
}
[2025-03-20T09:43:34.523Z] FRONTEND:ORDERS - INFO: Orders page initialized
  Details: {
  "is_connected": true,
  "is_ready": false,
  "has_address": true,
  "has_effective_address": true,
  "using_auth_wallet": false,
  "status_filter": "all",
  "log_destination": "orders",
  "timestamp": "2025-03-20T09:43:34.523Z"
}
[2025-03-20T09:43:34.552Z] FRONTEND:ORDERS - INFO: Wallet state changed in orders page
  Details: {
  "is_connected": true,
  "is_ready": true,
  "has_address": true,
  "has_effective_address": true,
  "using_auth_wallet": false,
  "log_destination": "orders",
  "timestamp": "2025-03-20T09:43:34.552Z"
}
[2025-03-20T09:43:34.566Z] FRONTEND:ORDERS - ERROR: Order Error: Request failed with status code 403
  Details: {
  "stack": "AxiosError: Request failed with status code 403\n    at settle (webpack-internal:///(app-pages-browser)/./node_modules/axios/lib/core/settle.js:24:12)\n    at XMLHttpRequest.onloadend (webpack-internal:///(app-pages-browser)/./node_modules/axios/lib/adapters/xhr.js:73:66)\n    at Axios.request (webpack-internal:///(app-pages-browser)/./node_modules/axios/lib/core/Axios.js:57:41)\n    at async eval (webpack-internal:///(app-pages-browser)/./src/api/orders.ts:160:32)\n    at async makeRequest (webpack-internal:///(app-pages-browser)/./src/api/orders.ts:41:16)\n    at async Object.getOrderCount (webpack-internal:///(app-pages-browser)/./src/api/orders.ts:159:30)\n    at async Navigation.useEffect.fetchOrderCount (webpack-internal:///(app-pages-browser)/./src/components/layouts/customer-dashboard/navigation.tsx:81:43)",
  "status": 403,
  "url": "http://127.0.0.1:8000/orders/summary/",
  "method": "get",
  "response_data": {
    "detail": "Not authenticated"
  },
  "log_destination": "orders",
  "timestamp": "2025-03-20T09:43:34.566Z"
}
[2025-03-20T09:43:35.231Z] FRONTEND:ORDERS - DEBUG: Successfully fetched user orders
  Details: {
  "orderCount": 2,
  "total": 2,
  "page": 1,
  "limit": 10,
  "firstOrderId": "ORD-001-TEST",
  "log_destination": "orders",
  "timestamp": "2025-03-20T09:43:35.231Z"
}
[2025-03-20T09:43:35.232Z] FRONTEND:ORDERS - INFO: Orders fetched successfully
  Details: {
  "wallet_address": "0x0300...",
  "order_count": 2,
  "total_orders": 2,
  "page": 1,
  "limit": 10,
  "log_destination": "orders",
  "timestamp": "2025-03-20T09:43:35.232Z"
}
[2025-03-20T09:43:35.233Z] FRONTEND:ORDERS - ERROR: Order Error: Request failed with status code 403
  Details: {
  "stack": "AxiosError: Request failed with status code 403\n    at settle (webpack-internal:///(app-pages-browser)/./node_modules/axios/lib/core/settle.js:24:12)\n    at XMLHttpRequest.onloadend (webpack-internal:///(app-pages-browser)/./node_modules/axios/lib/adapters/xhr.js:73:66)\n    at Axios.request (webpack-internal:///(app-pages-browser)/./node_modules/axios/lib/core/Axios.js:57:41)\n    at async eval (webpack-internal:///(app-pages-browser)/./src/api/orders.ts:160:32)\n    at async makeRequest (webpack-internal:///(app-pages-browser)/./src/api/orders.ts:41:16)\n    at async Object.getOrderCount (webpack-internal:///(app-pages-browser)/./src/api/orders.ts:159:30)\n    at async Navigation.useEffect.fetchOrderCount (webpack-internal:///(app-pages-browser)/./src/components/layouts/customer-dashboard/navigation.tsx:81:43)",
  "status": 403,
  "url": "http://127.0.0.1:8000/orders/summary/",
  "method": "get",
  "response_data": {
    "detail": "Not authenticated"
  },
  "log_destination": "orders",
  "timestamp": "2025-03-20T09:43:35.233Z"
}
[2025-03-20T09:43:35.268Z] FRONTEND:ORDERS - INFO: Orders loaded
  Details: {
  "total_orders": 2,
  "status_filter": "all",
  "log_destination": "orders",
  "timestamp": "2025-03-20T09:43:35.268Z"
}
[2025-03-20T09:43:35.339Z] FRONTEND:ORDERS - INFO: OrderList component initialized
  Details: {
  "has_orders": true,
  "order_count": 2,
  "is_array": true,
  "is_null": false,
  "is_undefined": false,
  "current_page": 1,
  "total_pages": 1,
  "total_orders": 2,
  "log_destination": "orders",
  "timestamp": "2025-03-20T09:43:35.339Z"
}
[2025-03-20T09:43:35.340Z] FRONTEND:ORDERS - INFO: OrderList orders updated
  Details: {
  "has_orders": true,
  "order_count": 2,
  "is_array": true,
  "is_null": false,
  "is_undefined": false,
  "current_page": 1,
  "total_pages": 1,
  "total_orders": 2,
  "log_destination": "orders",
  "timestamp": "2025-03-20T09:43:35.340Z"
}
[2025-03-20T09:43:35.341Z] FRONTEND:ORDERS - INFO: OrderList component initialized
  Details: {
  "has_orders": true,
  "order_count": 2,
  "is_array": true,
  "is_null": false,
  "is_undefined": false,
  "current_page": 1,
  "total_pages": 1,
  "total_orders": 2,
  "log_destination": "orders",
  "timestamp": "2025-03-20T09:43:35.341Z"
}
[2025-03-20T09:43:35.342Z] FRONTEND:ORDERS - INFO: OrderList orders updated
  Details: {
  "has_orders": true,
  "order_count": 2,
  "is_array": true,
  "is_null": false,
  "is_undefined": false,
  "current_page": 1,
  "total_pages": 1,
  "total_orders": 2,
  "log_destination": "orders",
  "timestamp": "2025-03-20T09:43:35.342Z"
}
[2025-03-20T10:00:20.345Z] FRONTEND:ORDERS - DEBUG: Fetching order count
  Details: {
  "log_destination": "orders",
  "timestamp": "2025-03-20T10:00:20.345Z"
}
[2025-03-20T10:00:20.346Z] FRONTEND:ORDERS - INFO: Orders page initialized
  Details: {
  "is_connected": true,
  "is_ready": false,
  "has_address": true,
  "has_effective_address": true,
  "using_auth_wallet": false,
  "status_filter": "all",
  "log_destination": "orders",
  "timestamp": "2025-03-20T10:00:20.346Z"
}
[2025-03-20T10:00:20.347Z] FRONTEND:ORDERS - INFO: Fetching orders
  Details: {
  "wallet_address": "0x0300...",
  "page": 1,
  "limit": 10,
  "has_search": false,
  "log_destination": "orders",
  "timestamp": "2025-03-20T10:00:20.347Z"
}
[2025-03-20T10:00:20.348Z] FRONTEND:ORDERS - DEBUG: Fetching user orders
  Details: {
  "wallet_address": "0x0300B70e40F138927e3a988ce4A9a069Ff875336",
  "page": 1,
  "limit": 10,
  "url": "/orders/user/0x0300B70e40F138927e3a988ce4A9a069Ff875336",
  "log_destination": "orders",
  "timestamp": "2025-03-20T10:00:20.348Z"
}
[2025-03-20T10:00:20.356Z] FRONTEND:ORDERS - DEBUG: Fetching order count
  Details: {
  "log_destination": "orders",
  "timestamp": "2025-03-20T10:00:20.356Z"
}
[2025-03-20T10:00:20.360Z] FRONTEND:ORDERS - INFO: Orders page initialized
  Details: {
  "is_connected": true,
  "is_ready": false,
  "has_address": true,
  "has_effective_address": true,
  "using_auth_wallet": false,
  "status_filter": "all",
  "log_destination": "orders",
  "timestamp": "2025-03-20T10:00:20.360Z"
}
[2025-03-20T10:00:20.383Z] FRONTEND:ORDERS - INFO: Wallet state changed in orders page
  Details: {
  "is_connected": true,
  "is_ready": true,
  "has_address": true,
  "has_effective_address": true,
  "using_auth_wallet": false,
  "log_destination": "orders",
  "timestamp": "2025-03-20T10:00:20.383Z"
}
[2025-03-20T10:00:20.391Z] FRONTEND:ORDERS - ERROR: Order Error: Request failed with status code 403
  Details: {
  "stack": "AxiosError: Request failed with status code 403\n    at settle (webpack-internal:///(app-pages-browser)/./node_modules/axios/lib/core/settle.js:24:12)\n    at XMLHttpRequest.onloadend (webpack-internal:///(app-pages-browser)/./node_modules/axios/lib/adapters/xhr.js:73:66)\n    at Axios.request (webpack-internal:///(app-pages-browser)/./node_modules/axios/lib/core/Axios.js:57:41)\n    at async eval (webpack-internal:///(app-pages-browser)/./src/api/orders.ts:160:32)\n    at async makeRequest (webpack-internal:///(app-pages-browser)/./src/api/orders.ts:41:16)\n    at async Object.getOrderCount (webpack-internal:///(app-pages-browser)/./src/api/orders.ts:159:30)\n    at async Navigation.useEffect.fetchOrderCount (webpack-internal:///(app-pages-browser)/./src/components/layouts/customer-dashboard/navigation.tsx:81:43)",
  "status": 403,
  "url": "http://127.0.0.1:8000/orders/summary/",
  "method": "get",
  "response_data": {
    "detail": "Not authenticated"
  },
  "log_destination": "orders",
  "timestamp": "2025-03-20T10:00:20.391Z"
}
[2025-03-20T10:00:20.395Z] FRONTEND:ORDERS - WARNING: Retrying fetch orders after 500 error
  Details: {
  "retries_left": 2,
  "retry_delay": 1000,
  "log_destination": "orders",
  "timestamp": "2025-03-20T10:00:20.395Z"
}
[2025-03-20T10:00:20.396Z] FRONTEND:ORDERS - ERROR: Order Error: Request failed with status code 403
  Details: {
  "stack": "AxiosError: Request failed with status code 403\n    at settle (webpack-internal:///(app-pages-browser)/./node_modules/axios/lib/core/settle.js:24:12)\n    at XMLHttpRequest.onloadend (webpack-internal:///(app-pages-browser)/./node_modules/axios/lib/adapters/xhr.js:73:66)\n    at Axios.request (webpack-internal:///(app-pages-browser)/./node_modules/axios/lib/core/Axios.js:57:41)\n    at async eval (webpack-internal:///(app-pages-browser)/./src/api/orders.ts:160:32)\n    at async makeRequest (webpack-internal:///(app-pages-browser)/./src/api/orders.ts:41:16)\n    at async Object.getOrderCount (webpack-internal:///(app-pages-browser)/./src/api/orders.ts:159:30)\n    at async Navigation.useEffect.fetchOrderCount (webpack-internal:///(app-pages-browser)/./src/components/layouts/customer-dashboard/navigation.tsx:81:43)",
  "status": 403,
  "url": "http://127.0.0.1:8000/orders/summary/",
  "method": "get",
  "response_data": {
    "detail": "Not authenticated"
  },
  "log_destination": "orders",
  "timestamp": "2025-03-20T10:00:20.396Z"
}
[2025-03-20T10:00:22.891Z] FRONTEND:ORDERS - DEBUG: Successfully fetched user orders
  Details: {
  "orderCount": 2,
  "total": 2,
  "page": 1,
  "limit": 10,
  "firstOrderId": "ORD-001-TEST",
  "log_destination": "orders",
  "timestamp": "2025-03-20T10:00:22.891Z"
}
[2025-03-20T10:00:22.892Z] FRONTEND:ORDERS - INFO: Orders fetched successfully
  Details: {
  "wallet_address": "0x0300...",
  "order_count": 2,
  "total_orders": 2,
  "page": 1,
  "limit": 10,
  "log_destination": "orders",
  "timestamp": "2025-03-20T10:00:22.892Z"
}
[2025-03-20T10:00:22.897Z] FRONTEND:ORDERS - INFO: Orders loaded
  Details: {
  "total_orders": 2,
  "status_filter": "all",
  "log_destination": "orders",
  "timestamp": "2025-03-20T10:00:22.897Z"
}
[2025-03-20T10:00:23.447Z] FRONTEND:ORDERS - INFO: OrderList component initialized
  Details: {
  "has_orders": true,
  "order_count": 2,
  "is_array": true,
  "is_null": false,
  "is_undefined": false,
  "current_page": 1,
  "total_pages": 1,
  "total_orders": 2,
  "log_destination": "orders",
  "timestamp": "2025-03-20T10:00:23.447Z"
}
[2025-03-20T10:00:23.448Z] FRONTEND:ORDERS - INFO: OrderList orders updated
  Details: {
  "has_orders": true,
  "order_count": 2,
  "is_array": true,
  "is_null": false,
  "is_undefined": false,
  "current_page": 1,
  "total_pages": 1,
  "total_orders": 2,
  "log_destination": "orders",
  "timestamp": "2025-03-20T10:00:23.448Z"
}
[2025-03-20T10:00:23.449Z] FRONTEND:ORDERS - INFO: OrderList component initialized
  Details: {
  "has_orders": true,
  "order_count": 2,
  "is_array": true,
  "is_null": false,
  "is_undefined": false,
  "current_page": 1,
  "total_pages": 1,
  "total_orders": 2,
  "log_destination": "orders",
  "timestamp": "2025-03-20T10:00:23.449Z"
}
[2025-03-20T10:00:23.449Z] FRONTEND:ORDERS - INFO: OrderList orders updated
  Details: {
  "has_orders": true,
  "order_count": 2,
  "is_array": true,
  "is_null": false,
  "is_undefined": false,
  "current_page": 1,
  "total_pages": 1,
  "total_orders": 2,
  "log_destination": "orders",
  "timestamp": "2025-03-20T10:00:23.449Z"
}
[2025-03-20T10:00:27.201Z] FRONTEND:ORDERS - DEBUG: Fetching order count
  Details: {
  "log_destination": "orders",
  "timestamp": "2025-03-20T10:00:27.201Z"
}
[2025-03-20T10:00:27.202Z] FRONTEND:ORDERS - INFO: Orders page initialized
  Details: {
  "is_connected": true,
  "is_ready": false,
  "has_address": true,
  "has_effective_address": true,
  "using_auth_wallet": false,
  "status_filter": "all",
  "log_destination": "orders",
  "timestamp": "2025-03-20T10:00:27.202Z"
}
[2025-03-20T10:00:27.202Z] FRONTEND:ORDERS - INFO: Fetching orders
  Details: {
  "wallet_address": "0x0300...",
  "page": 1,
  "limit": 10,
  "has_search": false,
  "log_destination": "orders",
  "timestamp": "2025-03-20T10:00:27.202Z"
}
[2025-03-20T10:00:27.202Z] FRONTEND:ORDERS - DEBUG: Fetching user orders
  Details: {
  "wallet_address": "0x0300B70e40F138927e3a988ce4A9a069Ff875336",
  "page": 1,
  "limit": 10,
  "url": "/orders/user/0x0300B70e40F138927e3a988ce4A9a069Ff875336",
  "log_destination": "orders",
  "timestamp": "2025-03-20T10:00:27.202Z"
}
[2025-03-20T10:00:27.203Z] FRONTEND:ORDERS - INFO: Orders loaded
  Details: {
  "total_orders": 2,
  "status_filter": "all",
  "log_destination": "orders",
  "timestamp": "2025-03-20T10:00:27.203Z"
}
[2025-03-20T10:00:27.208Z] FRONTEND:ORDERS - DEBUG: Fetching order count
  Details: {
  "log_destination": "orders",
  "timestamp": "2025-03-20T10:00:27.208Z"
}
[2025-03-20T10:00:27.210Z] FRONTEND:ORDERS - INFO: Orders page initialized
  Details: {
  "is_connected": true,
  "is_ready": false,
  "has_address": true,
  "has_effective_address": true,
  "using_auth_wallet": false,
  "status_filter": "all",
  "log_destination": "orders",
  "timestamp": "2025-03-20T10:00:27.210Z"
}
[2025-03-20T10:00:27.211Z] FRONTEND:ORDERS - INFO: Orders loaded
  Details: {
  "total_orders": 2,
  "status_filter": "all",
  "log_destination": "orders",
  "timestamp": "2025-03-20T10:00:27.211Z"
}
[2025-03-20T10:00:27.244Z] FRONTEND:ORDERS - INFO: Wallet state changed in orders page
  Details: {
  "is_connected": true,
  "is_ready": true,
  "has_address": true,
  "has_effective_address": true,
  "using_auth_wallet": false,
  "log_destination": "orders",
  "timestamp": "2025-03-20T10:00:27.244Z"
}
[2025-03-20T10:00:27.251Z] FRONTEND:ORDERS - ERROR: Order Error: Request failed with status code 403
  Details: {
  "stack": "AxiosError: Request failed with status code 403\n    at settle (webpack-internal:///(app-pages-browser)/./node_modules/axios/lib/core/settle.js:24:12)\n    at XMLHttpRequest.onloadend (webpack-internal:///(app-pages-browser)/./node_modules/axios/lib/adapters/xhr.js:73:66)\n    at Axios.request (webpack-internal:///(app-pages-browser)/./node_modules/axios/lib/core/Axios.js:57:41)\n    at async eval (webpack-internal:///(app-pages-browser)/./src/api/orders.ts:160:32)\n    at async makeRequest (webpack-internal:///(app-pages-browser)/./src/api/orders.ts:41:16)\n    at async Object.getOrderCount (webpack-internal:///(app-pages-browser)/./src/api/orders.ts:159:30)\n    at async Navigation.useEffect.fetchOrderCount (webpack-internal:///(app-pages-browser)/./src/components/layouts/customer-dashboard/navigation.tsx:81:43)",
  "status": 403,
  "url": "http://127.0.0.1:8000/orders/summary/",
  "method": "get",
  "response_data": {
    "detail": "Not authenticated"
  },
  "log_destination": "orders",
  "timestamp": "2025-03-20T10:00:27.251Z"
}
[2025-03-20T10:00:27.312Z] FRONTEND:ORDERS - INFO: OrderList component initialized
  Details: {
  "has_orders": true,
  "order_count": 2,
  "is_array": true,
  "is_null": false,
  "is_undefined": false,
  "current_page": 1,
  "total_pages": 1,
  "total_orders": 2,
  "log_destination": "orders",
  "timestamp": "2025-03-20T10:00:27.312Z"
}
[2025-03-20T10:00:27.312Z] FRONTEND:ORDERS - INFO: OrderList orders updated
  Details: {
  "has_orders": true,
  "order_count": 2,
  "is_array": true,
  "is_null": false,
  "is_undefined": false,
  "current_page": 1,
  "total_pages": 1,
  "total_orders": 2,
  "log_destination": "orders",
  "timestamp": "2025-03-20T10:00:27.312Z"
}
[2025-03-20T10:00:27.315Z] FRONTEND:ORDERS - INFO: OrderList component initialized
  Details: {
  "has_orders": true,
  "order_count": 2,
  "is_array": true,
  "is_null": false,
  "is_undefined": false,
  "current_page": 1,
  "total_pages": 1,
  "total_orders": 2,
  "log_destination": "orders",
  "timestamp": "2025-03-20T10:00:27.315Z"
}
[2025-03-20T10:00:27.315Z] FRONTEND:ORDERS - INFO: OrderList orders updated
  Details: {
  "has_orders": true,
  "order_count": 2,
  "is_array": true,
  "is_null": false,
  "is_undefined": false,
  "current_page": 1,
  "total_pages": 1,
  "total_orders": 2,
  "log_destination": "orders",
  "timestamp": "2025-03-20T10:00:27.315Z"
}
[2025-03-20T10:00:27.625Z] FRONTEND:ORDERS - DEBUG: Successfully fetched user orders
  Details: {
  "orderCount": 2,
  "total": 2,
  "page": 1,
  "limit": 10,
  "firstOrderId": "ORD-001-TEST",
  "log_destination": "orders",
  "timestamp": "2025-03-20T10:00:27.625Z"
}
[2025-03-20T10:00:27.626Z] FRONTEND:ORDERS - INFO: Orders fetched successfully
  Details: {
  "wallet_address": "0x0300...",
  "order_count": 2,
  "total_orders": 2,
  "page": 1,
  "limit": 10,
  "log_destination": "orders",
  "timestamp": "2025-03-20T10:00:27.626Z"
}
[2025-03-20T10:00:27.629Z] FRONTEND:ORDERS - ERROR: Order Error: Request failed with status code 403
  Details: {
  "stack": "AxiosError: Request failed with status code 403\n    at settle (webpack-internal:///(app-pages-browser)/./node_modules/axios/lib/core/settle.js:24:12)\n    at XMLHttpRequest.onloadend (webpack-internal:///(app-pages-browser)/./node_modules/axios/lib/adapters/xhr.js:73:66)\n    at Axios.request (webpack-internal:///(app-pages-browser)/./node_modules/axios/lib/core/Axios.js:57:41)\n    at async eval (webpack-internal:///(app-pages-browser)/./src/api/orders.ts:160:32)\n    at async makeRequest (webpack-internal:///(app-pages-browser)/./src/api/orders.ts:41:16)\n    at async Object.getOrderCount (webpack-internal:///(app-pages-browser)/./src/api/orders.ts:159:30)\n    at async Navigation.useEffect.fetchOrderCount (webpack-internal:///(app-pages-browser)/./src/components/layouts/customer-dashboard/navigation.tsx:81:43)",
  "status": 403,
  "url": "http://127.0.0.1:8000/orders/summary/",
  "method": "get",
  "response_data": {
    "detail": "Not authenticated"
  },
  "log_destination": "orders",
  "timestamp": "2025-03-20T10:00:27.629Z"
}
[2025-03-20T10:34:45.040Z] FRONTEND:ORDERS - DEBUG: Fetching user orders
  Details: {
  "wallet_address": "0x0300B70e40F138927e3a988ce4A9a069Ff875336",
  "page": 1,
  "limit": 10,
  "url": "/orders/user/0x0300B70e40F138927e3a988ce4A9a069Ff875336",
  "log_destination": "orders",
  "timestamp": "2025-03-20T10:34:45.040Z"
}
[2025-03-20T10:34:45.863Z] FRONTEND:ORDERS - DEBUG: Successfully fetched user orders
  Details: {
  "orderCount": 2,
  "total": 2,
  "page": 1,
  "limit": 10,
  "firstOrderId": "ORD-001-TEST",
  "log_destination": "orders",
  "timestamp": "2025-03-20T10:34:45.863Z"
}
[2025-03-20T10:34:45.863Z] FRONTEND:ORDERS - INFO: Orders fetched successfully
  Details: {
  "wallet_address": "0x0300...",
  "order_count": 2,
  "total_orders": 2,
  "page": 1,
  "limit": 10,
  "log_destination": "orders",
  "timestamp": "2025-03-20T10:34:45.863Z"
}
[2025-03-20T10:34:45.040Z] FRONTEND:ORDERS - INFO: Fetching orders
  Details: {
  "wallet_address": "0x0300...",
  "page": 1,
  "limit": 10,
  "has_search": false,
  "log_destination": "orders",
  "timestamp": "2025-03-20T10:34:45.040Z"
}
[2025-03-20T10:35:48.471Z] FRONTEND:ORDERS - INFO: Orders page initialized
  Details: {
  "is_connected": false,
  "is_ready": false,
  "has_address": false,
  "has_effective_address": true,
  "using_auth_wallet": true,
  "status_filter": "all",
  "log_destination": "orders",
  "timestamp": "2025-03-20T10:35:48.471Z"
}
[2025-03-20T10:35:48.475Z] FRONTEND:ORDERS - INFO: Fetching orders
  Details: {
  "wallet_address": "0x0300...",
  "page": 1,
  "limit": 10,
  "has_search": false,
  "log_destination": "orders",
  "timestamp": "2025-03-20T10:35:48.475Z"
}
[2025-03-20T10:35:48.476Z] FRONTEND:ORDERS - DEBUG: Fetching user orders
  Details: {
  "wallet_address": "0x0300B70e40F138927e3a988ce4A9a069Ff875336",
  "page": 1,
  "limit": 10,
  "url": "/orders/user/0x0300B70e40F138927e3a988ce4A9a069Ff875336",
  "log_destination": "orders",
  "timestamp": "2025-03-20T10:35:48.476Z"
}
[2025-03-20T10:35:48.495Z] FRONTEND:ORDERS - INFO: Orders page initialized
  Details: {
  "is_connected": false,
  "is_ready": false,
  "has_address": false,
  "has_effective_address": true,
  "using_auth_wallet": true,
  "status_filter": "all",
  "log_destination": "orders",
  "timestamp": "2025-03-20T10:35:48.495Z"
}
[2025-03-20T10:35:48.574Z] FRONTEND:ORDERS - INFO: Wallet state changed in orders page
  Details: {
  "is_connected": false,
  "is_ready": false,
  "has_address": false,
  "has_effective_address": false,
  "using_auth_wallet": false,
  "log_destination": "orders",
  "timestamp": "2025-03-20T10:35:48.574Z"
}
[2025-03-20T10:35:48.893Z] FRONTEND:ORDERS - DEBUG: Fetching order count
  Details: {
  "log_destination": "orders",
  "timestamp": "2025-03-20T10:35:48.893Z"
}
[2025-03-20T10:35:48.899Z] FRONTEND:ORDERS - INFO: Wallet state changed in orders page
  Details: {
  "is_connected": false,
  "is_ready": false,
  "has_address": true,
  "has_effective_address": true,
  "using_auth_wallet": false,
  "log_destination": "orders",
  "timestamp": "2025-03-20T10:35:48.899Z"
}
[2025-03-20T10:35:48.961Z] FRONTEND:ORDERS - DEBUG: Successfully fetched user orders
  Details: {
  "orderCount": 2,
  "total": 2,
  "page": 1,
  "limit": 10,
  "firstOrderId": "ORD-001-TEST",
  "log_destination": "orders",
  "timestamp": "2025-03-20T10:35:48.961Z"
}
[2025-03-20T10:35:48.962Z] FRONTEND:ORDERS - INFO: Orders fetched successfully
  Details: {
  "wallet_address": "0x0300...",
  "order_count": 2,
  "total_orders": 2,
  "page": 1,
  "limit": 10,
  "log_destination": "orders",
  "timestamp": "2025-03-20T10:35:48.962Z"
}
[2025-03-20T10:35:48.966Z] FRONTEND:ORDERS - ERROR: Order Error: Request failed with status code 403
  Details: {
  "stack": "AxiosError: Request failed with status code 403\n    at settle (webpack-internal:///(app-pages-browser)/./node_modules/axios/lib/core/settle.js:24:12)\n    at XMLHttpRequest.onloadend (webpack-internal:///(app-pages-browser)/./node_modules/axios/lib/adapters/xhr.js:73:66)\n    at Axios.request (webpack-internal:///(app-pages-browser)/./node_modules/axios/lib/core/Axios.js:57:41)\n    at async eval (webpack-internal:///(app-pages-browser)/./src/api/orders.ts:160:32)\n    at async makeRequest (webpack-internal:///(app-pages-browser)/./src/api/orders.ts:41:16)\n    at async Object.getOrderCount (webpack-internal:///(app-pages-browser)/./src/api/orders.ts:159:30)\n    at async Navigation.useEffect.fetchOrderCount (webpack-internal:///(app-pages-browser)/./src/components/layouts/customer-dashboard/navigation.tsx:81:43)",
  "status": 403,
  "url": "http://127.0.0.1:8000/orders/summary/",
  "method": "get",
  "response_data": {
    "detail": "Not authenticated"
  },
  "log_destination": "orders",
  "timestamp": "2025-03-20T10:35:48.966Z"
}
[2025-03-20T10:35:48.998Z] FRONTEND:ORDERS - INFO: Orders loaded
  Details: {
  "total_orders": 2,
  "status_filter": "all",
  "log_destination": "orders",
  "timestamp": "2025-03-20T10:35:48.998Z"
}
[2025-03-20T10:35:49.172Z] FRONTEND:ORDERS - INFO: Wallet state changed in orders page
  Details: {
  "is_connected": true,
  "is_ready": false,
  "has_address": true,
  "has_effective_address": true,
  "using_auth_wallet": false,
  "log_destination": "orders",
  "timestamp": "2025-03-20T10:35:49.172Z"
}
[2025-03-20T10:35:49.309Z] FRONTEND:ORDERS - INFO: Wallet state changed in orders page
  Details: {
  "is_connected": true,
  "is_ready": true,
  "has_address": true,
  "has_effective_address": true,
  "using_auth_wallet": false,
  "log_destination": "orders",
  "timestamp": "2025-03-20T10:35:49.309Z"
}
[2025-03-20T10:35:51.430Z] FRONTEND:ORDERS - INFO: OrderList component initialized
  Details: {
  "has_orders": true,
  "order_count": 2,
  "is_array": true,
  "is_null": false,
  "is_undefined": false,
  "current_page": 1,
  "total_pages": 1,
  "total_orders": 2,
  "log_destination": "orders",
  "timestamp": "2025-03-20T10:35:51.430Z"
}
[2025-03-20T10:35:51.430Z] FRONTEND:ORDERS - INFO: OrderList orders updated
  Details: {
  "has_orders": true,
  "order_count": 2,
  "is_array": true,
  "is_null": false,
  "is_undefined": false,
  "current_page": 1,
  "total_pages": 1,
  "total_orders": 2,
  "log_destination": "orders",
  "timestamp": "2025-03-20T10:35:51.430Z"
}
[2025-03-20T10:35:51.431Z] FRONTEND:ORDERS - INFO: OrderList component initialized
  Details: {
  "has_orders": true,
  "order_count": 2,
  "is_array": true,
  "is_null": false,
  "is_undefined": false,
  "current_page": 1,
  "total_pages": 1,
  "total_orders": 2,
  "log_destination": "orders",
  "timestamp": "2025-03-20T10:35:51.431Z"
}
[2025-03-20T10:35:51.432Z] FRONTEND:ORDERS - INFO: OrderList orders updated
  Details: {
  "has_orders": true,
  "order_count": 2,
  "is_array": true,
  "is_null": false,
  "is_undefined": false,
  "current_page": 1,
  "total_pages": 1,
  "total_orders": 2,
  "log_destination": "orders",
  "timestamp": "2025-03-20T10:35:51.432Z"
}
[2025-03-20T10:36:10.684Z] FRONTEND:ORDERS - DEBUG: Fetching order count
  Details: {
  "log_destination": "orders",
  "timestamp": "2025-03-20T10:36:10.684Z"
}
[2025-03-20T10:36:10.688Z] FRONTEND:ORDERS - INFO: Orders page initialized
  Details: {
  "is_connected": true,
  "is_ready": false,
  "has_address": true,
  "has_effective_address": true,
  "using_auth_wallet": false,
  "status_filter": "all",
  "log_destination": "orders",
  "timestamp": "2025-03-20T10:36:10.687Z"
}
[2025-03-20T10:36:10.688Z] FRONTEND:ORDERS - INFO: Fetching orders
  Details: {
  "wallet_address": "0x0300...",
  "page": 1,
  "limit": 10,
  "has_search": false,
  "log_destination": "orders",
  "timestamp": "2025-03-20T10:36:10.688Z"
}
[2025-03-20T10:36:10.689Z] FRONTEND:ORDERS - DEBUG: Fetching user orders
  Details: {
  "wallet_address": "0x0300B70e40F138927e3a988ce4A9a069Ff875336",
  "page": 1,
  "limit": 10,
  "url": "/orders/user/0x0300B70e40F138927e3a988ce4A9a069Ff875336",
  "log_destination": "orders",
  "timestamp": "2025-03-20T10:36:10.689Z"
}
[2025-03-20T10:36:10.690Z] FRONTEND:ORDERS - INFO: Orders loaded
  Details: {
  "total_orders": 2,
  "status_filter": "all",
  "log_destination": "orders",
  "timestamp": "2025-03-20T10:36:10.690Z"
}
[2025-03-20T10:36:10.694Z] FRONTEND:ORDERS - DEBUG: Fetching order count
  Details: {
  "log_destination": "orders",
  "timestamp": "2025-03-20T10:36:10.694Z"
}
[2025-03-20T10:36:10.696Z] FRONTEND:ORDERS - INFO: Orders page initialized
  Details: {
  "is_connected": true,
  "is_ready": false,
  "has_address": true,
  "has_effective_address": true,
  "using_auth_wallet": false,
  "status_filter": "all",
  "log_destination": "orders",
  "timestamp": "2025-03-20T10:36:10.696Z"
}
[2025-03-20T10:36:10.696Z] FRONTEND:ORDERS - INFO: Orders loaded
  Details: {
  "total_orders": 2,
  "status_filter": "all",
  "log_destination": "orders",
  "timestamp": "2025-03-20T10:36:10.696Z"
}
[2025-03-20T10:36:10.728Z] FRONTEND:ORDERS - INFO: Wallet state changed in orders page
  Details: {
  "is_connected": true,
  "is_ready": true,
  "has_address": true,
  "has_effective_address": true,
  "using_auth_wallet": false,
  "log_destination": "orders",
  "timestamp": "2025-03-20T10:36:10.728Z"
}
[2025-03-20T10:36:10.734Z] FRONTEND:ORDERS - ERROR: Order Error: Request failed with status code 403
  Details: {
  "stack": "AxiosError: Request failed with status code 403\n    at settle (webpack-internal:///(app-pages-browser)/./node_modules/axios/lib/core/settle.js:24:12)\n    at XMLHttpRequest.onloadend (webpack-internal:///(app-pages-browser)/./node_modules/axios/lib/adapters/xhr.js:73:66)\n    at Axios.request (webpack-internal:///(app-pages-browser)/./node_modules/axios/lib/core/Axios.js:57:41)\n    at async eval (webpack-internal:///(app-pages-browser)/./src/api/orders.ts:160:32)\n    at async makeRequest (webpack-internal:///(app-pages-browser)/./src/api/orders.ts:41:16)\n    at async Object.getOrderCount (webpack-internal:///(app-pages-browser)/./src/api/orders.ts:159:30)\n    at async Navigation.useEffect.fetchOrderCount (webpack-internal:///(app-pages-browser)/./src/components/layouts/customer-dashboard/navigation.tsx:81:43)",
  "status": 403,
  "url": "http://127.0.0.1:8000/orders/summary/",
  "method": "get",
  "response_data": {
    "detail": "Not authenticated"
  },
  "log_destination": "orders",
  "timestamp": "2025-03-20T10:36:10.734Z"
}
[2025-03-20T10:36:10.778Z] FRONTEND:ORDERS - INFO: OrderList component initialized
  Details: {
  "has_orders": true,
  "order_count": 2,
  "is_array": true,
  "is_null": false,
  "is_undefined": false,
  "current_page": 1,
  "total_pages": 1,
  "total_orders": 2,
  "log_destination": "orders",
  "timestamp": "2025-03-20T10:36:10.778Z"
}
[2025-03-20T10:36:10.778Z] FRONTEND:ORDERS - INFO: OrderList orders updated
  Details: {
  "has_orders": true,
  "order_count": 2,
  "is_array": true,
  "is_null": false,
  "is_undefined": false,
  "current_page": 1,
  "total_pages": 1,
  "total_orders": 2,
  "log_destination": "orders",
  "timestamp": "2025-03-20T10:36:10.778Z"
}
[2025-03-20T10:36:10.779Z] FRONTEND:ORDERS - INFO: OrderList component initialized
  Details: {
  "has_orders": true,
  "order_count": 2,
  "is_array": true,
  "is_null": false,
  "is_undefined": false,
  "current_page": 1,
  "total_pages": 1,
  "total_orders": 2,
  "log_destination": "orders",
  "timestamp": "2025-03-20T10:36:10.779Z"
}
[2025-03-20T10:36:10.779Z] FRONTEND:ORDERS - INFO: OrderList orders updated
  Details: {
  "has_orders": true,
  "order_count": 2,
  "is_array": true,
  "is_null": false,
  "is_undefined": false,
  "current_page": 1,
  "total_pages": 1,
  "total_orders": 2,
  "log_destination": "orders",
  "timestamp": "2025-03-20T10:36:10.779Z"
}
[2025-03-20T10:36:11.116Z] FRONTEND:ORDERS - DEBUG: Successfully fetched user orders
  Details: {
  "orderCount": 2,
  "total": 2,
  "page": 1,
  "limit": 10,
  "firstOrderId": "ORD-001-TEST",
  "log_destination": "orders",
  "timestamp": "2025-03-20T10:36:11.116Z"
}
[2025-03-20T10:36:11.116Z] FRONTEND:ORDERS - INFO: Orders fetched successfully
  Details: {
  "wallet_address": "0x0300...",
  "order_count": 2,
  "total_orders": 2,
  "page": 1,
  "limit": 10,
  "log_destination": "orders",
  "timestamp": "2025-03-20T10:36:11.116Z"
}
[2025-03-20T10:36:11.117Z] FRONTEND:ORDERS - ERROR: Order Error: Request failed with status code 403
  Details: {
  "stack": "AxiosError: Request failed with status code 403\n    at settle (webpack-internal:///(app-pages-browser)/./node_modules/axios/lib/core/settle.js:24:12)\n    at XMLHttpRequest.onloadend (webpack-internal:///(app-pages-browser)/./node_modules/axios/lib/adapters/xhr.js:73:66)\n    at Axios.request (webpack-internal:///(app-pages-browser)/./node_modules/axios/lib/core/Axios.js:57:41)\n    at async eval (webpack-internal:///(app-pages-browser)/./src/api/orders.ts:160:32)\n    at async makeRequest (webpack-internal:///(app-pages-browser)/./src/api/orders.ts:41:16)\n    at async Object.getOrderCount (webpack-internal:///(app-pages-browser)/./src/api/orders.ts:159:30)\n    at async Navigation.useEffect.fetchOrderCount (webpack-internal:///(app-pages-browser)/./src/components/layouts/customer-dashboard/navigation.tsx:81:43)",
  "status": 403,
  "url": "http://127.0.0.1:8000/orders/summary/",
  "method": "get",
  "response_data": {
    "detail": "Not authenticated"
  },
  "log_destination": "orders",
  "timestamp": "2025-03-20T10:36:11.117Z"
}
[2025-03-20T10:36:24.778Z] FRONTEND:ORDERS - DEBUG: Fetching order count
  Details: {
  "log_destination": "orders",
  "timestamp": "2025-03-20T10:36:24.778Z"
}
[2025-03-20T10:36:24.783Z] FRONTEND:ORDERS - DEBUG: Fetching order count
  Details: {
  "log_destination": "orders",
  "timestamp": "2025-03-20T10:36:24.783Z"
}
[2025-03-20T10:36:24.834Z] FRONTEND:ORDERS - ERROR: Order Error: Request failed with status code 403
  Details: {
  "stack": "AxiosError: Request failed with status code 403\n    at settle (webpack-internal:///(app-pages-browser)/./node_modules/axios/lib/core/settle.js:24:12)\n    at XMLHttpRequest.onloadend (webpack-internal:///(app-pages-browser)/./node_modules/axios/lib/adapters/xhr.js:73:66)\n    at Axios.request (webpack-internal:///(app-pages-browser)/./node_modules/axios/lib/core/Axios.js:57:41)\n    at async eval (webpack-internal:///(app-pages-browser)/./src/api/orders.ts:160:32)\n    at async makeRequest (webpack-internal:///(app-pages-browser)/./src/api/orders.ts:41:16)\n    at async Object.getOrderCount (webpack-internal:///(app-pages-browser)/./src/api/orders.ts:159:30)\n    at async Navigation.useEffect.fetchOrderCount (webpack-internal:///(app-pages-browser)/./src/components/layouts/customer-dashboard/navigation.tsx:81:43)",
  "status": 403,
  "url": "http://127.0.0.1:8000/orders/summary/",
  "method": "get",
  "response_data": {
    "detail": "Not authenticated"
  },
  "log_destination": "orders",
  "timestamp": "2025-03-20T10:36:24.834Z"
}
[2025-03-20T10:36:24.838Z] FRONTEND:ORDERS - ERROR: Order Error: Request failed with status code 403
  Details: {
  "stack": "AxiosError: Request failed with status code 403\n    at settle (webpack-internal:///(app-pages-browser)/./node_modules/axios/lib/core/settle.js:24:12)\n    at XMLHttpRequest.onloadend (webpack-internal:///(app-pages-browser)/./node_modules/axios/lib/adapters/xhr.js:73:66)\n    at Axios.request (webpack-internal:///(app-pages-browser)/./node_modules/axios/lib/core/Axios.js:57:41)\n    at async eval (webpack-internal:///(app-pages-browser)/./src/api/orders.ts:160:32)\n    at async makeRequest (webpack-internal:///(app-pages-browser)/./src/api/orders.ts:41:16)\n    at async Object.getOrderCount (webpack-internal:///(app-pages-browser)/./src/api/orders.ts:159:30)\n    at async Navigation.useEffect.fetchOrderCount (webpack-internal:///(app-pages-browser)/./src/components/layouts/customer-dashboard/navigation.tsx:81:43)",
  "status": 403,
  "url": "http://127.0.0.1:8000/orders/summary/",
  "method": "get",
  "response_data": {
    "detail": "Not authenticated"
  },
  "log_destination": "orders",
  "timestamp": "2025-03-20T10:36:24.838Z"
}
[2025-03-20T13:09:56.340Z] FRONTEND:ORDERS - INFO: Orders page initialized
  Details: {
  "is_connected": false,
  "is_ready": false,
  "has_address": false,
  "has_effective_address": true,
  "using_auth_wallet": true,
  "status_filter": "all",
  "log_destination": "orders",
  "timestamp": "2025-03-20T13:09:56.340Z"
}
[2025-03-20T13:09:56.341Z] FRONTEND:ORDERS - INFO: Fetching orders
  Details: {
  "wallet_address": "0x0300...",
  "page": 1,
  "limit": 10,
  "has_search": false,
  "log_destination": "orders",
  "timestamp": "2025-03-20T13:09:56.341Z"
}
[2025-03-20T13:09:56.342Z] FRONTEND:ORDERS - DEBUG: Fetching user orders
  Details: {
  "wallet_address": "0x0300B70e40F138927e3a988ce4A9a069Ff875336",
  "page": 1,
  "limit": 10,
  "url": "/orders/user/0x0300B70e40F138927e3a988ce4A9a069Ff875336",
  "log_destination": "orders",
  "timestamp": "2025-03-20T13:09:56.342Z"
}
[2025-03-20T13:09:56.349Z] FRONTEND:ORDERS - INFO: Orders page initialized
  Details: {
  "is_connected": false,
  "is_ready": false,
  "has_address": false,
  "has_effective_address": true,
  "using_auth_wallet": true,
  "status_filter": "all",
  "log_destination": "orders",
  "timestamp": "2025-03-20T13:09:56.349Z"
}
[2025-03-20T13:09:56.386Z] FRONTEND:ORDERS - INFO: Wallet state changed in orders page
  Details: {
  "is_connected": false,
  "is_ready": false,
  "has_address": false,
  "has_effective_address": false,
  "using_auth_wallet": false,
  "log_destination": "orders",
  "timestamp": "2025-03-20T13:09:56.386Z"
}
[2025-03-20T13:09:56.640Z] FRONTEND:ORDERS - DEBUG: Fetching order count
  Details: {
  "log_destination": "orders",
  "timestamp": "2025-03-20T13:09:56.640Z"
}
[2025-03-20T13:09:56.641Z] FRONTEND:ORDERS - INFO: Wallet state changed in orders page
  Details: {
  "is_connected": false,
  "is_ready": false,
  "has_address": true,
  "has_effective_address": true,
  "using_auth_wallet": false,
  "log_destination": "orders",
  "timestamp": "2025-03-20T13:09:56.641Z"
}
[2025-03-20T13:09:56.807Z] FRONTEND:ORDERS - INFO: Wallet state changed in orders page
  Details: {
  "is_connected": true,
  "is_ready": false,
  "has_address": true,
  "has_effective_address": true,
  "using_auth_wallet": false,
  "log_destination": "orders",
  "timestamp": "2025-03-20T13:09:56.807Z"
}
[2025-03-20T13:09:56.862Z] FRONTEND:ORDERS - INFO: Wallet state changed in orders page
  Details: {
  "is_connected": true,
  "is_ready": true,
  "has_address": true,
  "has_effective_address": true,
  "using_auth_wallet": false,
  "log_destination": "orders",
  "timestamp": "2025-03-20T13:09:56.862Z"
}
[2025-03-20T13:09:56.868Z] FRONTEND:ORDERS - DEBUG: Successfully fetched user orders
  Details: {
  "orderCount": 2,
  "total": 2,
  "page": 1,
  "limit": 10,
  "firstOrderId": "ORD-001-TEST",
  "log_destination": "orders",
  "timestamp": "2025-03-20T13:09:56.868Z"
}
[2025-03-20T13:09:56.868Z] FRONTEND:ORDERS - INFO: Orders fetched successfully
  Details: {
  "wallet_address": "0x0300...",
  "order_count": 2,
  "total_orders": 2,
  "page": 1,
  "limit": 10,
  "log_destination": "orders",
  "timestamp": "2025-03-20T13:09:56.868Z"
}
[2025-03-20T13:09:56.870Z] FRONTEND:ORDERS - ERROR: Order Error: Request failed with status code 403
  Details: {
  "stack": "AxiosError: Request failed with status code 403\n    at settle (webpack-internal:///(app-pages-browser)/./node_modules/axios/lib/core/settle.js:24:12)\n    at XMLHttpRequest.onloadend (webpack-internal:///(app-pages-browser)/./node_modules/axios/lib/adapters/xhr.js:73:66)\n    at Axios.request (webpack-internal:///(app-pages-browser)/./node_modules/axios/lib/core/Axios.js:57:41)\n    at async eval (webpack-internal:///(app-pages-browser)/./src/api/orders.ts:160:32)\n    at async makeRequest (webpack-internal:///(app-pages-browser)/./src/api/orders.ts:41:16)\n    at async Object.getOrderCount (webpack-internal:///(app-pages-browser)/./src/api/orders.ts:159:30)\n    at async Navigation.useEffect.fetchOrderCount (webpack-internal:///(app-pages-browser)/./src/components/layouts/customer-dashboard/navigation.tsx:81:43)",
  "status": 403,
  "url": "http://127.0.0.1:8000/orders/summary/",
  "method": "get",
  "response_data": {
    "detail": "Not authenticated"
  },
  "log_destination": "orders",
  "timestamp": "2025-03-20T13:09:56.870Z"
}
[2025-03-20T13:09:56.905Z] FRONTEND:ORDERS - INFO: Orders loaded
  Details: {
  "total_orders": 2,
  "status_filter": "all",
  "log_destination": "orders",
  "timestamp": "2025-03-20T13:09:56.905Z"
}
[2025-03-20T13:10:11.255Z] FRONTEND:ORDERS - DEBUG: Fetching order count
  Details: {
  "log_destination": "orders",
  "timestamp": "2025-03-20T13:10:11.255Z"
}
[2025-03-20T13:10:11.259Z] FRONTEND:ORDERS - INFO: Orders page initialized
  Details: {
  "is_connected": true,
  "is_ready": false,
  "has_address": true,
  "has_effective_address": true,
  "using_auth_wallet": false,
  "status_filter": "all",
  "log_destination": "orders",
  "timestamp": "2025-03-20T13:10:11.259Z"
}
[2025-03-20T13:10:11.261Z] FRONTEND:ORDERS - INFO: Fetching orders
  Details: {
  "wallet_address": "0x0300...",
  "page": 1,
  "limit": 10,
  "has_search": false,
  "log_destination": "orders",
  "timestamp": "2025-03-20T13:10:11.261Z"
}
[2025-03-20T13:10:11.262Z] FRONTEND:ORDERS - DEBUG: Fetching user orders
  Details: {
  "wallet_address": "0x0300B70e40F138927e3a988ce4A9a069Ff875336",
  "page": 1,
  "limit": 10,
  "url": "/orders/user/0x0300B70e40F138927e3a988ce4A9a069Ff875336",
  "log_destination": "orders",
  "timestamp": "2025-03-20T13:10:11.262Z"
}
[2025-03-20T13:10:11.270Z] FRONTEND:ORDERS - DEBUG: Fetching order count
  Details: {
  "log_destination": "orders",
  "timestamp": "2025-03-20T13:10:11.270Z"
}
[2025-03-20T13:10:11.272Z] FRONTEND:ORDERS - INFO: Orders page initialized
  Details: {
  "is_connected": true,
  "is_ready": false,
  "has_address": true,
  "has_effective_address": true,
  "using_auth_wallet": false,
  "status_filter": "all",
  "log_destination": "orders",
  "timestamp": "2025-03-20T13:10:11.272Z"
}
[2025-03-20T13:10:11.303Z] FRONTEND:ORDERS - ERROR: Order Error: Request failed with status code 403
  Details: {
  "stack": "AxiosError: Request failed with status code 403\n    at settle (webpack-internal:///(app-pages-browser)/./node_modules/axios/lib/core/settle.js:24:12)\n    at XMLHttpRequest.onloadend (webpack-internal:///(app-pages-browser)/./node_modules/axios/lib/adapters/xhr.js:73:66)\n    at Axios.request (webpack-internal:///(app-pages-browser)/./node_modules/axios/lib/core/Axios.js:57:41)\n    at async eval (webpack-internal:///(app-pages-browser)/./src/api/orders.ts:160:32)\n    at async makeRequest (webpack-internal:///(app-pages-browser)/./src/api/orders.ts:41:16)\n    at async Object.getOrderCount (webpack-internal:///(app-pages-browser)/./src/api/orders.ts:159:30)\n    at async Navigation.useEffect.fetchOrderCount (webpack-internal:///(app-pages-browser)/./src/components/layouts/customer-dashboard/navigation.tsx:81:43)",
  "status": 403,
  "url": "http://127.0.0.1:8000/orders/summary/",
  "method": "get",
  "response_data": {
    "detail": "Not authenticated"
  },
  "log_destination": "orders",
  "timestamp": "2025-03-20T13:10:11.303Z"
}
[2025-03-20T13:10:11.293Z] FRONTEND:ORDERS - INFO: Wallet state changed in orders page
  Details: {
  "is_connected": true,
  "is_ready": true,
  "has_address": true,
  "has_effective_address": true,
  "using_auth_wallet": false,
  "log_destination": "orders",
  "timestamp": "2025-03-20T13:10:11.293Z"
}
[2025-03-20T13:10:11.784Z] FRONTEND:ORDERS - DEBUG: Successfully fetched user orders
  Details: {
  "orderCount": 2,
  "total": 2,
  "page": 1,
  "limit": 10,
  "firstOrderId": "ORD-001-TEST",
  "log_destination": "orders",
  "timestamp": "2025-03-20T13:10:11.784Z"
}
[2025-03-20T13:10:11.784Z] FRONTEND:ORDERS - INFO: Orders fetched successfully
  Details: {
  "wallet_address": "0x0300...",
  "order_count": 2,
  "total_orders": 2,
  "page": 1,
  "limit": 10,
  "log_destination": "orders",
  "timestamp": "2025-03-20T13:10:11.784Z"
}
[2025-03-20T13:10:11.785Z] FRONTEND:ORDERS - ERROR: Order Error: Request failed with status code 403
  Details: {
  "stack": "AxiosError: Request failed with status code 403\n    at settle (webpack-internal:///(app-pages-browser)/./node_modules/axios/lib/core/settle.js:24:12)\n    at XMLHttpRequest.onloadend (webpack-internal:///(app-pages-browser)/./node_modules/axios/lib/adapters/xhr.js:73:66)\n    at Axios.request (webpack-internal:///(app-pages-browser)/./node_modules/axios/lib/core/Axios.js:57:41)\n    at async eval (webpack-internal:///(app-pages-browser)/./src/api/orders.ts:160:32)\n    at async makeRequest (webpack-internal:///(app-pages-browser)/./src/api/orders.ts:41:16)\n    at async Object.getOrderCount (webpack-internal:///(app-pages-browser)/./src/api/orders.ts:159:30)\n    at async Navigation.useEffect.fetchOrderCount (webpack-internal:///(app-pages-browser)/./src/components/layouts/customer-dashboard/navigation.tsx:81:43)",
  "status": 403,
  "url": "http://127.0.0.1:8000/orders/summary/",
  "method": "get",
  "response_data": {
    "detail": "Not authenticated"
  },
  "log_destination": "orders",
  "timestamp": "2025-03-20T13:10:11.785Z"
}
[2025-03-20T13:10:11.809Z] FRONTEND:ORDERS - INFO: Orders loaded
  Details: {
  "total_orders": 2,
  "status_filter": "all",
  "log_destination": "orders",
  "timestamp": "2025-03-20T13:10:11.809Z"
}
[2025-03-20T13:10:11.847Z] FRONTEND:ORDERS - INFO: OrderList component initialized
  Details: {
  "has_orders": true,
  "order_count": 2,
  "is_array": true,
  "is_null": false,
  "is_undefined": false,
  "current_page": 1,
  "total_pages": 1,
  "total_orders": 2,
  "log_destination": "orders",
  "timestamp": "2025-03-20T13:10:11.847Z"
}
[2025-03-20T13:10:11.847Z] FRONTEND:ORDERS - INFO: OrderList orders updated
  Details: {
  "has_orders": true,
  "order_count": 2,
  "is_array": true,
  "is_null": false,
  "is_undefined": false,
  "current_page": 1,
  "total_pages": 1,
  "total_orders": 2,
  "log_destination": "orders",
  "timestamp": "2025-03-20T13:10:11.847Z"
}
[2025-03-20T13:10:11.848Z] FRONTEND:ORDERS - INFO: OrderList component initialized
  Details: {
  "has_orders": true,
  "order_count": 2,
  "is_array": true,
  "is_null": false,
  "is_undefined": false,
  "current_page": 1,
  "total_pages": 1,
  "total_orders": 2,
  "log_destination": "orders",
  "timestamp": "2025-03-20T13:10:11.848Z"
}
[2025-03-20T13:10:11.848Z] FRONTEND:ORDERS - INFO: OrderList orders updated
  Details: {
  "has_orders": true,
  "order_count": 2,
  "is_array": true,
  "is_null": false,
  "is_undefined": false,
  "current_page": 1,
  "total_pages": 1,
  "total_orders": 2,
  "log_destination": "orders",
  "timestamp": "2025-03-20T13:10:11.848Z"
}
