[2025-03-16T22:48:36.047Z] FRONTEND:ORDERS - DEBUG: Fetching order count
  Details: {
  "log_destination": "orders",
  "timestamp": "2025-03-16T22:48:36.047Z"
}
[2025-03-16T22:48:36.050Z] FRONTEND:ORDERS - INFO: Orders page initialized
  Details: {
  "is_connected": true,
  "is_ready": false,
  "has_address": true,
  "has_effective_address": true,
  "using_auth_wallet": false,
  "status_filter": "all",
  "log_destination": "orders",
  "timestamp": "2025-03-16T22:48:36.050Z"
}
[2025-03-16T22:48:36.050Z] FRONTEND:ORDERS - INFO: Fetching orders
  Details: {
  "wallet_address": "0x0300...",
  "page": 1,
  "limit": 10,
  "has_search": false,
  "log_destination": "orders",
  "timestamp": "2025-03-16T22:48:36.050Z"
}
[2025-03-16T22:48:36.051Z] FRONTEND:ORDERS - DEBUG: Fetching user orders
  Details: {
  "wallet_address": "0x0300B70e40F138927e3a988ce4A9a069Ff875336",
  "page": 1,
  "limit": 10,
  "url": "/orders/user/0x0300B70e40F138927e3a988ce4A9a069Ff875336",
  "log_destination": "orders",
  "timestamp": "2025-03-16T22:48:36.051Z"
}
[2025-03-16T22:48:36.058Z] FRONTEND:ORDERS - DEBUG: Fetching order count
  Details: {
  "log_destination": "orders",
  "timestamp": "2025-03-16T22:48:36.058Z"
}
[2025-03-16T22:48:36.060Z] FRONTEND:ORDERS - INFO: Orders page initialized
  Details: {
  "is_connected": true,
  "is_ready": false,
  "has_address": true,
  "has_effective_address": true,
  "using_auth_wallet": false,
  "status_filter": "all",
  "log_destination": "orders",
  "timestamp": "2025-03-16T22:48:36.060Z"
}
[2025-03-16T22:48:36.077Z] FRONTEND:ORDERS - INFO: Wallet state changed in orders page
  Details: {
  "is_connected": true,
  "is_ready": true,
  "has_address": true,
  "has_effective_address": true,
  "using_auth_wallet": false,
  "log_destination": "orders",
  "timestamp": "2025-03-16T22:48:36.076Z"
}
[2025-03-16T22:48:36.084Z] FRONTEND:ORDERS - ERROR: Order Error: Request failed with status code 403
  Details: {
  "stack": "AxiosError: Request failed with status code 403\n    at settle (webpack-internal:///(app-pages-browser)/./node_modules/axios/lib/core/settle.js:24:12)\n    at XMLHttpRequest.onloadend (webpack-internal:///(app-pages-browser)/./node_modules/axios/lib/adapters/xhr.js:73:66)\n    at Axios.request (webpack-internal:///(app-pages-browser)/./node_modules/axios/lib/core/Axios.js:57:41)\n    at async eval (webpack-internal:///(app-pages-browser)/./src/api/orders.ts:160:32)\n    at async makeRequest (webpack-internal:///(app-pages-browser)/./src/api/orders.ts:41:16)\n    at async Object.getOrderCount (webpack-internal:///(app-pages-browser)/./src/api/orders.ts:159:30)\n    at async Navigation.useEffect.fetchOrderCount (webpack-internal:///(app-pages-browser)/./src/components/layouts/customer-dashboard/navigation.tsx:81:43)",
  "status": 403,
  "url": "http://127.0.0.1:8000/orders/summary/",
  "method": "get",
  "response_data": {
    "detail": "Not authenticated"
  },
  "log_destination": "orders",
  "timestamp": "2025-03-16T22:48:36.084Z"
}
[2025-03-16T22:48:39.223Z] FRONTEND:ORDERS - DEBUG: Successfully fetched user orders
  Details: {
  "orderCount": 2,
  "total": 2,
  "page": 1,
  "limit": 10,
  "firstOrderId": "ORD-001-TEST",
  "log_destination": "orders",
  "timestamp": "2025-03-16T22:48:39.223Z"
}
[2025-03-16T22:48:39.225Z] FRONTEND:ORDERS - INFO: Orders fetched successfully
  Details: {
  "wallet_address": "0x0300...",
  "order_count": 2,
  "total_orders": 2,
  "page": 1,
  "limit": 10,
  "log_destination": "orders",
  "timestamp": "2025-03-16T22:48:39.225Z"
}
[2025-03-16T22:48:39.228Z] FRONTEND:ORDERS - ERROR: Order Error: Request failed with status code 403
  Details: {
  "stack": "AxiosError: Request failed with status code 403\n    at settle (webpack-internal:///(app-pages-browser)/./node_modules/axios/lib/core/settle.js:24:12)\n    at XMLHttpRequest.onloadend (webpack-internal:///(app-pages-browser)/./node_modules/axios/lib/adapters/xhr.js:73:66)\n    at Axios.request (webpack-internal:///(app-pages-browser)/./node_modules/axios/lib/core/Axios.js:57:41)\n    at async eval (webpack-internal:///(app-pages-browser)/./src/api/orders.ts:160:32)\n    at async makeRequest (webpack-internal:///(app-pages-browser)/./src/api/orders.ts:41:16)\n    at async Object.getOrderCount (webpack-internal:///(app-pages-browser)/./src/api/orders.ts:159:30)\n    at async Navigation.useEffect.fetchOrderCount (webpack-internal:///(app-pages-browser)/./src/components/layouts/customer-dashboard/navigation.tsx:81:43)",
  "status": 403,
  "url": "http://127.0.0.1:8000/orders/summary/",
  "method": "get",
  "response_data": {
    "detail": "Not authenticated"
  },
  "log_destination": "orders",
  "timestamp": "2025-03-16T22:48:39.228Z"
}
[2025-03-16T22:48:39.248Z] FRONTEND:ORDERS - INFO: Orders loaded
  Details: {
  "total_orders": 2,
  "status_filter": "all",
  "log_destination": "orders",
  "timestamp": "2025-03-16T22:48:39.248Z"
}
[2025-03-16T22:48:39.308Z] FRONTEND:ORDERS - INFO: OrderList component initialized
  Details: {
  "has_orders": true,
  "order_count": 2,
  "is_array": true,
  "is_null": false,
  "is_undefined": false,
  "current_page": 1,
  "total_pages": 1,
  "total_orders": 2,
  "log_destination": "orders",
  "timestamp": "2025-03-16T22:48:39.308Z"
}
[2025-03-16T22:48:39.309Z] FRONTEND:ORDERS - INFO: OrderList orders updated
  Details: {
  "has_orders": true,
  "order_count": 2,
  "is_array": true,
  "is_null": false,
  "is_undefined": false,
  "current_page": 1,
  "total_pages": 1,
  "total_orders": 2,
  "log_destination": "orders",
  "timestamp": "2025-03-16T22:48:39.309Z"
}
[2025-03-16T22:48:39.310Z] FRONTEND:ORDERS - INFO: OrderList component initialized
  Details: {
  "has_orders": true,
  "order_count": 2,
  "is_array": true,
  "is_null": false,
  "is_undefined": false,
  "current_page": 1,
  "total_pages": 1,
  "total_orders": 2,
  "log_destination": "orders",
  "timestamp": "2025-03-16T22:48:39.310Z"
}
[2025-03-16T22:48:39.310Z] FRONTEND:ORDERS - INFO: OrderList orders updated
  Details: {
  "has_orders": true,
  "order_count": 2,
  "is_array": true,
  "is_null": false,
  "is_undefined": false,
  "current_page": 1,
  "total_pages": 1,
  "total_orders": 2,
  "log_destination": "orders",
  "timestamp": "2025-03-16T22:48:39.310Z"
}
[2025-03-16T22:49:06.184Z] FRONTEND:ORDERS - INFO: Order status filter changed
  Details: {
  "status": "pending",
  "is_connected": true,
  "has_effective_address": true,
  "log_destination": "orders",
  "timestamp": "2025-03-16T22:49:06.184Z"
}
[2025-03-16T22:49:06.185Z] FRONTEND:ORDERS - INFO: Order status filter changed in component
  Details: {
  "previous_status": "all",
  "new_status": "pending",
  "log_destination": "orders",
  "timestamp": "2025-03-16T22:49:06.185Z"
}
[2025-03-16T22:49:06.192Z] FRONTEND:ORDERS - INFO: Fetching orders
  Details: {
  "wallet_address": "0x0300...",
  "page": 1,
  "limit": 10,
  "status": "pending",
  "has_search": false,
  "log_destination": "orders",
  "timestamp": "2025-03-16T22:49:06.192Z"
}
[2025-03-16T22:49:06.193Z] FRONTEND:ORDERS - DEBUG: Fetching user orders
  Details: {
  "wallet_address": "0x0300B70e40F138927e3a988ce4A9a069Ff875336",
  "page": 1,
  "limit": 10,
  "status": "pending",
  "url": "/orders/user/0x0300B70e40F138927e3a988ce4A9a069Ff875336",
  "log_destination": "orders",
  "timestamp": "2025-03-16T22:49:06.193Z"
}
[2025-03-16T22:49:07.778Z] FRONTEND:ORDERS - DEBUG: Successfully fetched user orders
  Details: {
  "orderCount": 2,
  "total": 2,
  "page": 1,
  "limit": 10,
  "firstOrderId": "ORD-001-TEST",
  "log_destination": "orders",
  "timestamp": "2025-03-16T22:49:07.778Z"
}
[2025-03-16T22:49:07.779Z] FRONTEND:ORDERS - INFO: Orders fetched successfully
  Details: {
  "wallet_address": "0x0300...",
  "order_count": 2,
  "total_orders": 2,
  "page": 1,
  "limit": 10,
  "log_destination": "orders",
  "timestamp": "2025-03-16T22:49:07.779Z"
}
[2025-03-16T22:49:07.786Z] FRONTEND:ORDERS - INFO: Orders loaded
  Details: {
  "total_orders": 2,
  "status_filter": "pending",
  "log_destination": "orders",
  "timestamp": "2025-03-16T22:49:07.786Z"
}
[2025-03-16T22:49:07.835Z] FRONTEND:ORDERS - INFO: OrderList component initialized
  Details: {
  "has_orders": true,
  "order_count": 2,
  "is_array": true,
  "is_null": false,
  "is_undefined": false,
  "current_page": 1,
  "total_pages": 1,
  "total_orders": 2,
  "log_destination": "orders",
  "timestamp": "2025-03-16T22:49:07.835Z"
}
[2025-03-16T22:49:07.836Z] FRONTEND:ORDERS - INFO: OrderList orders updated
  Details: {
  "has_orders": true,
  "order_count": 2,
  "is_array": true,
  "is_null": false,
  "is_undefined": false,
  "current_page": 1,
  "total_pages": 1,
  "total_orders": 2,
  "log_destination": "orders",
  "timestamp": "2025-03-16T22:49:07.836Z"
}
[2025-03-16T22:49:07.837Z] FRONTEND:ORDERS - INFO: OrderList component initialized
  Details: {
  "has_orders": true,
  "order_count": 2,
  "is_array": true,
  "is_null": false,
  "is_undefined": false,
  "current_page": 1,
  "total_pages": 1,
  "total_orders": 2,
  "log_destination": "orders",
  "timestamp": "2025-03-16T22:49:07.837Z"
}
[2025-03-16T22:49:07.838Z] FRONTEND:ORDERS - INFO: OrderList orders updated
  Details: {
  "has_orders": true,
  "order_count": 2,
  "is_array": true,
  "is_null": false,
  "is_undefined": false,
  "current_page": 1,
  "total_pages": 1,
  "total_orders": 2,
  "log_destination": "orders",
  "timestamp": "2025-03-16T22:49:07.838Z"
}
