[2025-03-15T20:27:56.476Z] FRONTEND:CLIENT - ERROR: Client Error: Loading chunk app/sales-2/layout failed.
(timeout: http://localhost:3000/_next/static/chunks/app/sales-2/layout.js)
  Details: {
  "stack": "ChunkLoadError\n    at __webpack_require__.f.j (http://localhost:3000/_next/static/chunks/webpack.js?v=1742070348675:863:29)\n    at http://localhost:3000/_next/static/chunks/webpack.js?v=1742070348675:158:40\n    at Array.reduce (<anonymous>)\n    at __webpack_require__.e (http://localhost:3000/_next/static/chunks/webpack.js?v=1742070348675:157:67)\n    at fn.e (http://localhost:3000/_next/static/chunks/webpack.js?v=1742070348675:394:50)\n    at loadChunk (webpack-internal:///(app-pages-browser)/./node_modules/next/dist/compiled/react-server-dom-webpack/cjs/react-server-dom-webpack-client.browser.development.js:126:34)\n    at preloadModule (webpack-internal:///(app-pages-browser)/./node_modules/next/dist/compiled/react-server-dom-webpack/cjs/react-server-dom-webpack-client.browser.development.js:93:31)\n    at resolveModule (webpack-internal:///(app-pages-browser)/./node_modules/next/dist/compiled/react-server-dom-webpack/cjs/react-server-dom-webpack-client.browser.development.js:1555:20)\n    at processFullStringRow (webpack-internal:///(app-pages-browser)/./node_modules/next/dist/compiled/react-server-dom-webpack/cjs/react-server-dom-webpack-client.browser.development.js:2064:11)\n    at processFullBinaryRow (webpack-internal:///(app-pages-browser)/./node_modules/next/dist/compiled/react-server-dom-webpack/cjs/react-server-dom-webpack-client.browser.development.js:2059:7)\n    at progress (webpack-internal:///(app-pages-browser)/./node_modules/next/dist/compiled/react-server-dom-webpack/cjs/react-server-dom-webpack-client.browser.development.js:2262:17)",
  "location": "global-error-boundary",
  "errorType": "unhandled-error"
}
[2025-03-15T20:27:56.473Z] FRONTEND:CLIENT - ERROR: Client Error: Loading chunk app/sales-2/layout failed.
(timeout: http://localhost:3000/_next/static/chunks/app/sales-2/layout.js)
  Details: {
  "stack": "ChunkLoadError\n    at __webpack_require__.f.j (http://localhost:3000/_next/static/chunks/webpack.js?v=1742070348675:863:29)\n    at http://localhost:3000/_next/static/chunks/webpack.js?v=1742070348675:158:40\n    at Array.reduce (<anonymous>)\n    at __webpack_require__.e (http://localhost:3000/_next/static/chunks/webpack.js?v=1742070348675:157:67)\n    at fn.e (http://localhost:3000/_next/static/chunks/webpack.js?v=1742070348675:394:50)\n    at loadChunk (webpack-internal:///(app-pages-browser)/./node_modules/next/dist/compiled/react-server-dom-webpack/cjs/react-server-dom-webpack-client.browser.development.js:126:34)\n    at preloadModule (webpack-internal:///(app-pages-browser)/./node_modules/next/dist/compiled/react-server-dom-webpack/cjs/react-server-dom-webpack-client.browser.development.js:93:31)\n    at resolveModule (webpack-internal:///(app-pages-browser)/./node_modules/next/dist/compiled/react-server-dom-webpack/cjs/react-server-dom-webpack-client.browser.development.js:1555:20)\n    at processFullStringRow (webpack-internal:///(app-pages-browser)/./node_modules/next/dist/compiled/react-server-dom-webpack/cjs/react-server-dom-webpack-client.browser.development.js:2064:11)\n    at processFullBinaryRow (webpack-internal:///(app-pages-browser)/./node_modules/next/dist/compiled/react-server-dom-webpack/cjs/react-server-dom-webpack-client.browser.development.js:2059:7)\n    at progress (webpack-internal:///(app-pages-browser)/./node_modules/next/dist/compiled/react-server-dom-webpack/cjs/react-server-dom-webpack-client.browser.development.js:2262:17)",
  "location": "global-error-boundary",
  "errorType": "unhandled-error"
}
[2025-03-15T20:36:31.584Z] FRONTEND:ORDERS - ERROR: Order Error: Request failed with status code 403
  Details: {
  "stack": "AxiosError: Request failed with status code 403\n    at settle (webpack-internal:///(app-pages-browser)/./node_modules/axios/lib/core/settle.js:24:12)\n    at XMLHttpRequest.onloadend (webpack-internal:///(app-pages-browser)/./node_modules/axios/lib/adapters/xhr.js:73:66)\n    at Axios.request (webpack-internal:///(app-pages-browser)/./node_modules/axios/lib/core/Axios.js:57:41)\n    at async eval (webpack-internal:///(app-pages-browser)/./src/api/orders.ts:160:32)\n    at async makeRequest (webpack-internal:///(app-pages-browser)/./src/api/orders.ts:41:16)\n    at async Object.getOrderCount (webpack-internal:///(app-pages-browser)/./src/api/orders.ts:159:30)\n    at async Navigation.useEffect.fetchOrderCount (webpack-internal:///(app-pages-browser)/./src/components/layouts/customer-dashboard/navigation.tsx:81:43)",
  "status": 403,
  "url": "http://127.0.0.1:8000/orders/summary/",
  "method": "get",
  "response_data": {
    "detail": "Not authenticated"
  },
  "log_destination": "orders",
  "timestamp": "2025-03-15T20:36:31.584Z"
}
[2025-03-15T20:36:34.660Z] FRONTEND:ORDERS - ERROR: Order Error: Request failed with status code 403
  Details: {
  "stack": "AxiosError: Request failed with status code 403\n    at settle (webpack-internal:///(app-pages-browser)/./node_modules/axios/lib/core/settle.js:24:12)\n    at XMLHttpRequest.onloadend (webpack-internal:///(app-pages-browser)/./node_modules/axios/lib/adapters/xhr.js:73:66)\n    at Axios.request (webpack-internal:///(app-pages-browser)/./node_modules/axios/lib/core/Axios.js:57:41)\n    at async eval (webpack-internal:///(app-pages-browser)/./src/api/orders.ts:160:32)\n    at async makeRequest (webpack-internal:///(app-pages-browser)/./src/api/orders.ts:41:16)\n    at async Object.getOrderCount (webpack-internal:///(app-pages-browser)/./src/api/orders.ts:159:30)\n    at async Navigation.useEffect.fetchOrderCount (webpack-internal:///(app-pages-browser)/./src/components/layouts/customer-dashboard/navigation.tsx:81:43)",
  "status": 403,
  "url": "http://127.0.0.1:8000/orders/summary/",
  "method": "get",
  "response_data": {
    "detail": "Not authenticated"
  },
  "log_destination": "orders",
  "timestamp": "2025-03-15T20:36:34.660Z"
}
[2025-03-15T20:37:27.638Z] FRONTEND:ORDERS - ERROR: Order Error: Request failed with status code 403
  Details: {
  "stack": "AxiosError: Request failed with status code 403\n    at settle (webpack-internal:///(app-pages-browser)/./node_modules/axios/lib/core/settle.js:24:12)\n    at XMLHttpRequest.onloadend (webpack-internal:///(app-pages-browser)/./node_modules/axios/lib/adapters/xhr.js:73:66)\n    at Axios.request (webpack-internal:///(app-pages-browser)/./node_modules/axios/lib/core/Axios.js:57:41)\n    at async eval (webpack-internal:///(app-pages-browser)/./src/api/orders.ts:160:32)\n    at async makeRequest (webpack-internal:///(app-pages-browser)/./src/api/orders.ts:41:16)\n    at async Object.getOrderCount (webpack-internal:///(app-pages-browser)/./src/api/orders.ts:159:30)\n    at async Navigation.useEffect.fetchOrderCount (webpack-internal:///(app-pages-browser)/./src/components/layouts/customer-dashboard/navigation.tsx:81:43)",
  "status": 403,
  "url": "http://127.0.0.1:8000/orders/summary/",
  "method": "get",
  "response_data": {
    "detail": "Not authenticated"
  },
  "log_destination": "orders",
  "timestamp": "2025-03-15T20:37:27.638Z"
}
[2025-03-15T20:37:28.115Z] FRONTEND:ORDERS - ERROR: Order Error: Request failed with status code 403
  Details: {
  "stack": "AxiosError: Request failed with status code 403\n    at settle (webpack-internal:///(app-pages-browser)/./node_modules/axios/lib/core/settle.js:24:12)\n    at XMLHttpRequest.onloadend (webpack-internal:///(app-pages-browser)/./node_modules/axios/lib/adapters/xhr.js:73:66)\n    at Axios.request (webpack-internal:///(app-pages-browser)/./node_modules/axios/lib/core/Axios.js:57:41)\n    at async eval (webpack-internal:///(app-pages-browser)/./src/api/orders.ts:160:32)\n    at async makeRequest (webpack-internal:///(app-pages-browser)/./src/api/orders.ts:41:16)\n    at async Object.getOrderCount (webpack-internal:///(app-pages-browser)/./src/api/orders.ts:159:30)\n    at async Navigation.useEffect.fetchOrderCount (webpack-internal:///(app-pages-browser)/./src/components/layouts/customer-dashboard/navigation.tsx:81:43)",
  "status": 403,
  "url": "http://127.0.0.1:8000/orders/summary/",
  "method": "get",
  "response_data": {
    "detail": "Not authenticated"
  },
  "log_destination": "orders",
  "timestamp": "2025-03-15T20:37:28.115Z"
}
