[2025-03-20T02:18:45.932Z] FRONTEND:ORDERS - ERROR: Order Error: Request failed with status code 403
  Details: {
  "stack": "AxiosError: Request failed with status code 403\n    at settle (webpack-internal:///(app-pages-browser)/./node_modules/axios/lib/core/settle.js:24:12)\n    at XMLHttpRequest.onloadend (webpack-internal:///(app-pages-browser)/./node_modules/axios/lib/adapters/xhr.js:73:66)\n    at Axios.request (webpack-internal:///(app-pages-browser)/./node_modules/axios/lib/core/Axios.js:57:41)\n    at async eval (webpack-internal:///(app-pages-browser)/./src/api/orders.ts:160:32)\n    at async makeRequest (webpack-internal:///(app-pages-browser)/./src/api/orders.ts:41:16)\n    at async Object.getOrderCount (webpack-internal:///(app-pages-browser)/./src/api/orders.ts:159:30)\n    at async Navigation.useEffect.fetchOrderCount (webpack-internal:///(app-pages-browser)/./src/components/layouts/customer-dashboard/navigation.tsx:81:43)",
  "status": 403,
  "url": "http://127.0.0.1:8000/orders/summary/",
  "method": "get",
  "response_data": {
    "detail": "Not authenticated"
  },
  "log_destination": "orders",
  "timestamp": "2025-03-20T02:18:45.932Z"
}
[2025-03-20T02:18:46.629Z] FRONTEND:ORDERS - ERROR: Order Error: Request failed with status code 403
  Details: {
  "stack": "AxiosError: Request failed with status code 403\n    at settle (webpack-internal:///(app-pages-browser)/./node_modules/axios/lib/core/settle.js:24:12)\n    at XMLHttpRequest.onloadend (webpack-internal:///(app-pages-browser)/./node_modules/axios/lib/adapters/xhr.js:73:66)\n    at Axios.request (webpack-internal:///(app-pages-browser)/./node_modules/axios/lib/core/Axios.js:57:41)\n    at async eval (webpack-internal:///(app-pages-browser)/./src/api/orders.ts:160:32)\n    at async makeRequest (webpack-internal:///(app-pages-browser)/./src/api/orders.ts:41:16)\n    at async Object.getOrderCount (webpack-internal:///(app-pages-browser)/./src/api/orders.ts:159:30)\n    at async Navigation.useEffect.fetchOrderCount (webpack-internal:///(app-pages-browser)/./src/components/layouts/customer-dashboard/navigation.tsx:81:43)",
  "status": 403,
  "url": "http://127.0.0.1:8000/orders/summary/",
  "method": "get",
  "response_data": {
    "detail": "Not authenticated"
  },
  "log_destination": "orders",
  "timestamp": "2025-03-20T02:18:46.629Z"
}
[2025-03-20T09:43:34.566Z] FRONTEND:ORDERS - ERROR: Order Error: Request failed with status code 403
  Details: {
  "stack": "AxiosError: Request failed with status code 403\n    at settle (webpack-internal:///(app-pages-browser)/./node_modules/axios/lib/core/settle.js:24:12)\n    at XMLHttpRequest.onloadend (webpack-internal:///(app-pages-browser)/./node_modules/axios/lib/adapters/xhr.js:73:66)\n    at Axios.request (webpack-internal:///(app-pages-browser)/./node_modules/axios/lib/core/Axios.js:57:41)\n    at async eval (webpack-internal:///(app-pages-browser)/./src/api/orders.ts:160:32)\n    at async makeRequest (webpack-internal:///(app-pages-browser)/./src/api/orders.ts:41:16)\n    at async Object.getOrderCount (webpack-internal:///(app-pages-browser)/./src/api/orders.ts:159:30)\n    at async Navigation.useEffect.fetchOrderCount (webpack-internal:///(app-pages-browser)/./src/components/layouts/customer-dashboard/navigation.tsx:81:43)",
  "status": 403,
  "url": "http://127.0.0.1:8000/orders/summary/",
  "method": "get",
  "response_data": {
    "detail": "Not authenticated"
  },
  "log_destination": "orders",
  "timestamp": "2025-03-20T09:43:34.566Z"
}
[2025-03-20T09:43:35.233Z] FRONTEND:ORDERS - ERROR: Order Error: Request failed with status code 403
  Details: {
  "stack": "AxiosError: Request failed with status code 403\n    at settle (webpack-internal:///(app-pages-browser)/./node_modules/axios/lib/core/settle.js:24:12)\n    at XMLHttpRequest.onloadend (webpack-internal:///(app-pages-browser)/./node_modules/axios/lib/adapters/xhr.js:73:66)\n    at Axios.request (webpack-internal:///(app-pages-browser)/./node_modules/axios/lib/core/Axios.js:57:41)\n    at async eval (webpack-internal:///(app-pages-browser)/./src/api/orders.ts:160:32)\n    at async makeRequest (webpack-internal:///(app-pages-browser)/./src/api/orders.ts:41:16)\n    at async Object.getOrderCount (webpack-internal:///(app-pages-browser)/./src/api/orders.ts:159:30)\n    at async Navigation.useEffect.fetchOrderCount (webpack-internal:///(app-pages-browser)/./src/components/layouts/customer-dashboard/navigation.tsx:81:43)",
  "status": 403,
  "url": "http://127.0.0.1:8000/orders/summary/",
  "method": "get",
  "response_data": {
    "detail": "Not authenticated"
  },
  "log_destination": "orders",
  "timestamp": "2025-03-20T09:43:35.233Z"
}
[2025-03-20T09:59:30.830Z] FRONTEND:AUTH - ERROR: Auth API Response Error
  Details: {
  "status": 500,
  "url": "/verify?nonce=5212e476825e2e80fa5022d3245d7ca7429b55887ac53cc3256a364ccb7c2842",
  "method": "post",
  "has_retry": false
}
[2025-03-20T09:59:30.831Z] FRONTEND:AUTH - ERROR: Auth Error - Verify Signature
  Details: {
  "timestamp": "2025-03-20T09:59:30.831Z",
  "error": "Request failed with status code 500",
  "code": "ERR_BAD_RESPONSE",
  "stack": "AxiosError: Request failed with status code 500\n    at settle (webpack-internal:///(app-pages-browser)/./node_modules/axios/lib/core/settle.js:24:12)\n    at XMLHttpRequest.onloadend (webpack-internal:///(app-pages-browser)/./node_modules/axios/lib/adapters/xhr.js:73:66)\n    at Axios.request (webpack-internal:///(app-pages-browser)/./node_modules/axios/lib/core/Axios.js:57:41)\n    at async verifySignature (webpack-internal:///(app-pages-browser)/./src/api/auth.ts:130:26)\n    at async useWalletAuth.useCallback[authenticate] (webpack-internal:///(app-pages-browser)/./src/hooks/useWalletAuth.ts:128:40)"
}
[2025-03-20T09:59:30.831Z] FRONTEND:AUTH - ERROR: Auth Error - Authentication failed
  Details: {
  "timestamp": "2025-03-20T09:59:30.831Z",
  "error": "Request failed with status code 500",
  "code": "ERR_BAD_RESPONSE",
  "stack": "AxiosError: Request failed with status code 500\n    at settle (webpack-internal:///(app-pages-browser)/./node_modules/axios/lib/core/settle.js:24:12)\n    at XMLHttpRequest.onloadend (webpack-internal:///(app-pages-browser)/./node_modules/axios/lib/adapters/xhr.js:73:66)\n    at Axios.request (webpack-internal:///(app-pages-browser)/./node_modules/axios/lib/core/Axios.js:57:41)\n    at async verifySignature (webpack-internal:///(app-pages-browser)/./src/api/auth.ts:130:26)\n    at async useWalletAuth.useCallback[authenticate] (webpack-internal:///(app-pages-browser)/./src/hooks/useWalletAuth.ts:128:40)"
}
[2025-03-20T09:59:41.778Z] FRONTEND:AUTH - ERROR: Auth API Response Error
  Details: {
  "status": 500,
  "url": "/verify?nonce=2f123b2ebd2abc52a08e78fd1aac889b9e94970e4978cd9494a45de98e28323c",
  "method": "post",
  "has_retry": false
}
[2025-03-20T09:59:41.778Z] FRONTEND:AUTH - ERROR: Auth Error - Verify Signature
  Details: {
  "timestamp": "2025-03-20T09:59:41.778Z",
  "error": "Request failed with status code 500",
  "code": "ERR_BAD_RESPONSE",
  "stack": "AxiosError: Request failed with status code 500\n    at settle (webpack-internal:///(app-pages-browser)/./node_modules/axios/lib/core/settle.js:24:12)\n    at XMLHttpRequest.onloadend (webpack-internal:///(app-pages-browser)/./node_modules/axios/lib/adapters/xhr.js:73:66)\n    at Axios.request (webpack-internal:///(app-pages-browser)/./node_modules/axios/lib/core/Axios.js:57:41)\n    at async verifySignature (webpack-internal:///(app-pages-browser)/./src/api/auth.ts:130:26)\n    at async useWalletAuth.useCallback[authenticate] (webpack-internal:///(app-pages-browser)/./src/hooks/useWalletAuth.ts:128:40)"
}
[2025-03-20T09:59:41.779Z] FRONTEND:AUTH - ERROR: Auth Error - Authentication failed
  Details: {
  "timestamp": "2025-03-20T09:59:41.779Z",
  "error": "Request failed with status code 500",
  "code": "ERR_BAD_RESPONSE",
  "stack": "AxiosError: Request failed with status code 500\n    at settle (webpack-internal:///(app-pages-browser)/./node_modules/axios/lib/core/settle.js:24:12)\n    at XMLHttpRequest.onloadend (webpack-internal:///(app-pages-browser)/./node_modules/axios/lib/adapters/xhr.js:73:66)\n    at Axios.request (webpack-internal:///(app-pages-browser)/./node_modules/axios/lib/core/Axios.js:57:41)\n    at async verifySignature (webpack-internal:///(app-pages-browser)/./src/api/auth.ts:130:26)\n    at async useWalletAuth.useCallback[authenticate] (webpack-internal:///(app-pages-browser)/./src/hooks/useWalletAuth.ts:128:40)"
}
[2025-03-20T10:00:20.391Z] FRONTEND:ORDERS - ERROR: Order Error: Request failed with status code 403
  Details: {
  "stack": "AxiosError: Request failed with status code 403\n    at settle (webpack-internal:///(app-pages-browser)/./node_modules/axios/lib/core/settle.js:24:12)\n    at XMLHttpRequest.onloadend (webpack-internal:///(app-pages-browser)/./node_modules/axios/lib/adapters/xhr.js:73:66)\n    at Axios.request (webpack-internal:///(app-pages-browser)/./node_modules/axios/lib/core/Axios.js:57:41)\n    at async eval (webpack-internal:///(app-pages-browser)/./src/api/orders.ts:160:32)\n    at async makeRequest (webpack-internal:///(app-pages-browser)/./src/api/orders.ts:41:16)\n    at async Object.getOrderCount (webpack-internal:///(app-pages-browser)/./src/api/orders.ts:159:30)\n    at async Navigation.useEffect.fetchOrderCount (webpack-internal:///(app-pages-browser)/./src/components/layouts/customer-dashboard/navigation.tsx:81:43)",
  "status": 403,
  "url": "http://127.0.0.1:8000/orders/summary/",
  "method": "get",
  "response_data": {
    "detail": "Not authenticated"
  },
  "log_destination": "orders",
  "timestamp": "2025-03-20T10:00:20.391Z"
}
[2025-03-20T10:00:20.395Z] FRONTEND:ORDERS - WARNING: Retrying fetch orders after 500 error
  Details: {
  "retries_left": 2,
  "retry_delay": 1000,
  "log_destination": "orders",
  "timestamp": "2025-03-20T10:00:20.395Z"
}
[2025-03-20T10:00:20.396Z] FRONTEND:ORDERS - ERROR: Order Error: Request failed with status code 403
  Details: {
  "stack": "AxiosError: Request failed with status code 403\n    at settle (webpack-internal:///(app-pages-browser)/./node_modules/axios/lib/core/settle.js:24:12)\n    at XMLHttpRequest.onloadend (webpack-internal:///(app-pages-browser)/./node_modules/axios/lib/adapters/xhr.js:73:66)\n    at Axios.request (webpack-internal:///(app-pages-browser)/./node_modules/axios/lib/core/Axios.js:57:41)\n    at async eval (webpack-internal:///(app-pages-browser)/./src/api/orders.ts:160:32)\n    at async makeRequest (webpack-internal:///(app-pages-browser)/./src/api/orders.ts:41:16)\n    at async Object.getOrderCount (webpack-internal:///(app-pages-browser)/./src/api/orders.ts:159:30)\n    at async Navigation.useEffect.fetchOrderCount (webpack-internal:///(app-pages-browser)/./src/components/layouts/customer-dashboard/navigation.tsx:81:43)",
  "status": 403,
  "url": "http://127.0.0.1:8000/orders/summary/",
  "method": "get",
  "response_data": {
    "detail": "Not authenticated"
  },
  "log_destination": "orders",
  "timestamp": "2025-03-20T10:00:20.396Z"
}
[2025-03-20T10:00:22.933Z] FRONTEND:AUTH - ERROR: Auth API Response Error
  Details: {
  "status": 500,
  "url": "/verify?nonce=565ed4da7cdb5f3bb28071c287467ca290e648f592301b0cf5dbeebf906ee33e",
  "method": "post",
  "has_retry": false
}
[2025-03-20T10:00:22.934Z] FRONTEND:AUTH - ERROR: Auth Error - Verify Signature
  Details: {
  "timestamp": "2025-03-20T10:00:22.934Z",
  "error": "Request failed with status code 500",
  "code": "ERR_BAD_RESPONSE",
  "stack": "AxiosError: Request failed with status code 500\n    at settle (webpack-internal:///(app-pages-browser)/./node_modules/axios/lib/core/settle.js:24:12)\n    at XMLHttpRequest.onloadend (webpack-internal:///(app-pages-browser)/./node_modules/axios/lib/adapters/xhr.js:73:66)\n    at Axios.request (webpack-internal:///(app-pages-browser)/./node_modules/axios/lib/core/Axios.js:57:41)\n    at async verifySignature (webpack-internal:///(app-pages-browser)/./src/api/auth.ts:130:26)\n    at async useWalletAuth.useCallback[authenticate] (webpack-internal:///(app-pages-browser)/./src/hooks/useWalletAuth.ts:128:40)"
}
[2025-03-20T10:00:22.934Z] FRONTEND:AUTH - ERROR: Auth Error - Authentication failed
  Details: {
  "timestamp": "2025-03-20T10:00:22.934Z",
  "error": "Request failed with status code 500",
  "code": "ERR_BAD_RESPONSE",
  "stack": "AxiosError: Request failed with status code 500\n    at settle (webpack-internal:///(app-pages-browser)/./node_modules/axios/lib/core/settle.js:24:12)\n    at XMLHttpRequest.onloadend (webpack-internal:///(app-pages-browser)/./node_modules/axios/lib/adapters/xhr.js:73:66)\n    at Axios.request (webpack-internal:///(app-pages-browser)/./node_modules/axios/lib/core/Axios.js:57:41)\n    at async verifySignature (webpack-internal:///(app-pages-browser)/./src/api/auth.ts:130:26)\n    at async useWalletAuth.useCallback[authenticate] (webpack-internal:///(app-pages-browser)/./src/hooks/useWalletAuth.ts:128:40)"
}
[2025-03-20T10:00:27.251Z] FRONTEND:ORDERS - ERROR: Order Error: Request failed with status code 403
  Details: {
  "stack": "AxiosError: Request failed with status code 403\n    at settle (webpack-internal:///(app-pages-browser)/./node_modules/axios/lib/core/settle.js:24:12)\n    at XMLHttpRequest.onloadend (webpack-internal:///(app-pages-browser)/./node_modules/axios/lib/adapters/xhr.js:73:66)\n    at Axios.request (webpack-internal:///(app-pages-browser)/./node_modules/axios/lib/core/Axios.js:57:41)\n    at async eval (webpack-internal:///(app-pages-browser)/./src/api/orders.ts:160:32)\n    at async makeRequest (webpack-internal:///(app-pages-browser)/./src/api/orders.ts:41:16)\n    at async Object.getOrderCount (webpack-internal:///(app-pages-browser)/./src/api/orders.ts:159:30)\n    at async Navigation.useEffect.fetchOrderCount (webpack-internal:///(app-pages-browser)/./src/components/layouts/customer-dashboard/navigation.tsx:81:43)",
  "status": 403,
  "url": "http://127.0.0.1:8000/orders/summary/",
  "method": "get",
  "response_data": {
    "detail": "Not authenticated"
  },
  "log_destination": "orders",
  "timestamp": "2025-03-20T10:00:27.251Z"
}
[2025-03-20T10:00:27.629Z] FRONTEND:ORDERS - ERROR: Order Error: Request failed with status code 403
  Details: {
  "stack": "AxiosError: Request failed with status code 403\n    at settle (webpack-internal:///(app-pages-browser)/./node_modules/axios/lib/core/settle.js:24:12)\n    at XMLHttpRequest.onloadend (webpack-internal:///(app-pages-browser)/./node_modules/axios/lib/adapters/xhr.js:73:66)\n    at Axios.request (webpack-internal:///(app-pages-browser)/./node_modules/axios/lib/core/Axios.js:57:41)\n    at async eval (webpack-internal:///(app-pages-browser)/./src/api/orders.ts:160:32)\n    at async makeRequest (webpack-internal:///(app-pages-browser)/./src/api/orders.ts:41:16)\n    at async Object.getOrderCount (webpack-internal:///(app-pages-browser)/./src/api/orders.ts:159:30)\n    at async Navigation.useEffect.fetchOrderCount (webpack-internal:///(app-pages-browser)/./src/components/layouts/customer-dashboard/navigation.tsx:81:43)",
  "status": 403,
  "url": "http://127.0.0.1:8000/orders/summary/",
  "method": "get",
  "response_data": {
    "detail": "Not authenticated"
  },
  "log_destination": "orders",
  "timestamp": "2025-03-20T10:00:27.629Z"
}
[2025-03-20T10:35:48.966Z] FRONTEND:ORDERS - ERROR: Order Error: Request failed with status code 403
  Details: {
  "stack": "AxiosError: Request failed with status code 403\n    at settle (webpack-internal:///(app-pages-browser)/./node_modules/axios/lib/core/settle.js:24:12)\n    at XMLHttpRequest.onloadend (webpack-internal:///(app-pages-browser)/./node_modules/axios/lib/adapters/xhr.js:73:66)\n    at Axios.request (webpack-internal:///(app-pages-browser)/./node_modules/axios/lib/core/Axios.js:57:41)\n    at async eval (webpack-internal:///(app-pages-browser)/./src/api/orders.ts:160:32)\n    at async makeRequest (webpack-internal:///(app-pages-browser)/./src/api/orders.ts:41:16)\n    at async Object.getOrderCount (webpack-internal:///(app-pages-browser)/./src/api/orders.ts:159:30)\n    at async Navigation.useEffect.fetchOrderCount (webpack-internal:///(app-pages-browser)/./src/components/layouts/customer-dashboard/navigation.tsx:81:43)",
  "status": 403,
  "url": "http://127.0.0.1:8000/orders/summary/",
  "method": "get",
  "response_data": {
    "detail": "Not authenticated"
  },
  "log_destination": "orders",
  "timestamp": "2025-03-20T10:35:48.966Z"
}
[2025-03-20T10:36:10.734Z] FRONTEND:ORDERS - ERROR: Order Error: Request failed with status code 403
  Details: {
  "stack": "AxiosError: Request failed with status code 403\n    at settle (webpack-internal:///(app-pages-browser)/./node_modules/axios/lib/core/settle.js:24:12)\n    at XMLHttpRequest.onloadend (webpack-internal:///(app-pages-browser)/./node_modules/axios/lib/adapters/xhr.js:73:66)\n    at Axios.request (webpack-internal:///(app-pages-browser)/./node_modules/axios/lib/core/Axios.js:57:41)\n    at async eval (webpack-internal:///(app-pages-browser)/./src/api/orders.ts:160:32)\n    at async makeRequest (webpack-internal:///(app-pages-browser)/./src/api/orders.ts:41:16)\n    at async Object.getOrderCount (webpack-internal:///(app-pages-browser)/./src/api/orders.ts:159:30)\n    at async Navigation.useEffect.fetchOrderCount (webpack-internal:///(app-pages-browser)/./src/components/layouts/customer-dashboard/navigation.tsx:81:43)",
  "status": 403,
  "url": "http://127.0.0.1:8000/orders/summary/",
  "method": "get",
  "response_data": {
    "detail": "Not authenticated"
  },
  "log_destination": "orders",
  "timestamp": "2025-03-20T10:36:10.734Z"
}
[2025-03-20T10:36:11.117Z] FRONTEND:ORDERS - ERROR: Order Error: Request failed with status code 403
  Details: {
  "stack": "AxiosError: Request failed with status code 403\n    at settle (webpack-internal:///(app-pages-browser)/./node_modules/axios/lib/core/settle.js:24:12)\n    at XMLHttpRequest.onloadend (webpack-internal:///(app-pages-browser)/./node_modules/axios/lib/adapters/xhr.js:73:66)\n    at Axios.request (webpack-internal:///(app-pages-browser)/./node_modules/axios/lib/core/Axios.js:57:41)\n    at async eval (webpack-internal:///(app-pages-browser)/./src/api/orders.ts:160:32)\n    at async makeRequest (webpack-internal:///(app-pages-browser)/./src/api/orders.ts:41:16)\n    at async Object.getOrderCount (webpack-internal:///(app-pages-browser)/./src/api/orders.ts:159:30)\n    at async Navigation.useEffect.fetchOrderCount (webpack-internal:///(app-pages-browser)/./src/components/layouts/customer-dashboard/navigation.tsx:81:43)",
  "status": 403,
  "url": "http://127.0.0.1:8000/orders/summary/",
  "method": "get",
  "response_data": {
    "detail": "Not authenticated"
  },
  "log_destination": "orders",
  "timestamp": "2025-03-20T10:36:11.117Z"
}
[2025-03-20T10:36:24.834Z] FRONTEND:ORDERS - ERROR: Order Error: Request failed with status code 403
  Details: {
  "stack": "AxiosError: Request failed with status code 403\n    at settle (webpack-internal:///(app-pages-browser)/./node_modules/axios/lib/core/settle.js:24:12)\n    at XMLHttpRequest.onloadend (webpack-internal:///(app-pages-browser)/./node_modules/axios/lib/adapters/xhr.js:73:66)\n    at Axios.request (webpack-internal:///(app-pages-browser)/./node_modules/axios/lib/core/Axios.js:57:41)\n    at async eval (webpack-internal:///(app-pages-browser)/./src/api/orders.ts:160:32)\n    at async makeRequest (webpack-internal:///(app-pages-browser)/./src/api/orders.ts:41:16)\n    at async Object.getOrderCount (webpack-internal:///(app-pages-browser)/./src/api/orders.ts:159:30)\n    at async Navigation.useEffect.fetchOrderCount (webpack-internal:///(app-pages-browser)/./src/components/layouts/customer-dashboard/navigation.tsx:81:43)",
  "status": 403,
  "url": "http://127.0.0.1:8000/orders/summary/",
  "method": "get",
  "response_data": {
    "detail": "Not authenticated"
  },
  "log_destination": "orders",
  "timestamp": "2025-03-20T10:36:24.834Z"
}
[2025-03-20T10:36:24.838Z] FRONTEND:ORDERS - ERROR: Order Error: Request failed with status code 403
  Details: {
  "stack": "AxiosError: Request failed with status code 403\n    at settle (webpack-internal:///(app-pages-browser)/./node_modules/axios/lib/core/settle.js:24:12)\n    at XMLHttpRequest.onloadend (webpack-internal:///(app-pages-browser)/./node_modules/axios/lib/adapters/xhr.js:73:66)\n    at Axios.request (webpack-internal:///(app-pages-browser)/./node_modules/axios/lib/core/Axios.js:57:41)\n    at async eval (webpack-internal:///(app-pages-browser)/./src/api/orders.ts:160:32)\n    at async makeRequest (webpack-internal:///(app-pages-browser)/./src/api/orders.ts:41:16)\n    at async Object.getOrderCount (webpack-internal:///(app-pages-browser)/./src/api/orders.ts:159:30)\n    at async Navigation.useEffect.fetchOrderCount (webpack-internal:///(app-pages-browser)/./src/components/layouts/customer-dashboard/navigation.tsx:81:43)",
  "status": 403,
  "url": "http://127.0.0.1:8000/orders/summary/",
  "method": "get",
  "response_data": {
    "detail": "Not authenticated"
  },
  "log_destination": "orders",
  "timestamp": "2025-03-20T10:36:24.838Z"
}
[2025-03-20T12:09:41.082Z] FRONTEND:CLIENT - ERROR: Client Error: Failed prop type: The prop `href` expects a `string` or `object` in `<Link>`, but got `undefined` instead.
Open your browser's console to view the Component stack trace.
  Details: {
  "stack": "Error: Failed prop type: The prop `href` expects a `string` or `object` in `<Link>`, but got `undefined` instead.\nOpen your browser's console to view the Component stack trace.\n    at createPropError (webpack-internal:///(app-pages-browser)/./node_modules/next/dist/client/app-dir/link.js:90:42)\n    at eval (webpack-internal:///(app-pages-browser)/./node_modules/next/dist/client/app-dir/link.js:104:27)\n    at Array.forEach (<anonymous>)\n    at LinkComponent (webpack-internal:///(app-pages-browser)/./node_modules/next/dist/client/app-dir/link.js:101:23)\n    at react-stack-bottom-frame (webpack-internal:///(app-pages-browser)/./node_modules/next/dist/compiled/react-dom/cjs/react-dom-client.development.js:23950:20)\n    at renderWithHooks (webpack-internal:///(app-pages-browser)/./node_modules/next/dist/compiled/react-dom/cjs/react-dom-client.development.js:5079:22)\n    at updateForwardRef (webpack-internal:///(app-pages-browser)/./node_modules/next/dist/compiled/react-dom/cjs/react-dom-client.development.js:8072:19)\n    at beginWork (webpack-internal:///(app-pages-browser)/./node_modules/next/dist/compiled/react-dom/cjs/react-dom-client.development.js:10284:18)\n    at runWithFiberInDEV (webpack-internal:///(app-pages-browser)/./node_modules/next/dist/compiled/react-dom/cjs/react-dom-client.development.js:1511:30)\n    at performUnitOfWork (webpack-internal:///(app-pages-browser)/./node_modules/next/dist/compiled/react-dom/cjs/react-dom-client.development.js:15120:22)\n    at workLoopSync (webpack-internal:///(app-pages-browser)/./node_modules/next/dist/compiled/react-dom/cjs/react-dom-client.development.js:14944:41)\n    at renderRootSync (webpack-internal:///(app-pages-browser)/./node_modules/next/dist/compiled/react-dom/cjs/react-dom-client.development.js:14924:11)\n    at performWorkOnRoot (webpack-internal:///(app-pages-browser)/./node_modules/next/dist/compiled/react-dom/cjs/react-dom-client.development.js:14454:44)\n    at performSyncWorkOnRoot (webpack-internal:///(app-pages-browser)/./node_modules/next/dist/compiled/react-dom/cjs/react-dom-client.development.js:16290:7)\n    at flushSyncWorkAcrossRoots_impl (webpack-internal:///(app-pages-browser)/./node_modules/next/dist/compiled/react-dom/cjs/react-dom-client.development.js:16138:21)\n    at flushSpawnedWork (webpack-internal:///(app-pages-browser)/./node_modules/next/dist/compiled/react-dom/cjs/react-dom-client.development.js:15665:9)\n    at commitRoot (webpack-internal:///(app-pages-browser)/./node_modules/next/dist/compiled/react-dom/cjs/react-dom-client.development.js:15391:9)\n    at commitRootWhenReady (webpack-internal:///(app-pages-browser)/./node_modules/next/dist/compiled/react-dom/cjs/react-dom-client.development.js:14644:7)\n    at performWorkOnRoot (webpack-internal:///(app-pages-browser)/./node_modules/next/dist/compiled/react-dom/cjs/react-dom-client.development.js:14567:15)\n    at performWorkOnRootViaSchedulerTask (webpack-internal:///(app-pages-browser)/./node_modules/next/dist/compiled/react-dom/cjs/react-dom-client.development.js:16275:7)\n    at MessagePort.performWorkUntilDeadline (webpack-internal:///(app-pages-browser)/./node_modules/next/dist/compiled/scheduler/cjs/scheduler.development.js:45:48)",
  "location": "global-error-boundary",
  "errorType": "unhandled-error"
}
[2025-03-20T12:09:41.086Z] FRONTEND:CLIENT - ERROR: Client Error: Failed prop type: The prop `href` expects a `string` or `object` in `<Link>`, but got `undefined` instead.
Open your browser's console to view the Component stack trace.
  Details: {
  "stack": "Error: Failed prop type: The prop `href` expects a `string` or `object` in `<Link>`, but got `undefined` instead.\nOpen your browser's console to view the Component stack trace.\n    at createPropError (webpack-internal:///(app-pages-browser)/./node_modules/next/dist/client/app-dir/link.js:90:42)\n    at eval (webpack-internal:///(app-pages-browser)/./node_modules/next/dist/client/app-dir/link.js:104:27)\n    at Array.forEach (<anonymous>)\n    at LinkComponent (webpack-internal:///(app-pages-browser)/./node_modules/next/dist/client/app-dir/link.js:101:23)\n    at react-stack-bottom-frame (webpack-internal:///(app-pages-browser)/./node_modules/next/dist/compiled/react-dom/cjs/react-dom-client.development.js:23950:20)\n    at renderWithHooks (webpack-internal:///(app-pages-browser)/./node_modules/next/dist/compiled/react-dom/cjs/react-dom-client.development.js:5079:22)\n    at updateForwardRef (webpack-internal:///(app-pages-browser)/./node_modules/next/dist/compiled/react-dom/cjs/react-dom-client.development.js:8072:19)\n    at beginWork (webpack-internal:///(app-pages-browser)/./node_modules/next/dist/compiled/react-dom/cjs/react-dom-client.development.js:10284:18)\n    at runWithFiberInDEV (webpack-internal:///(app-pages-browser)/./node_modules/next/dist/compiled/react-dom/cjs/react-dom-client.development.js:1511:30)\n    at performUnitOfWork (webpack-internal:///(app-pages-browser)/./node_modules/next/dist/compiled/react-dom/cjs/react-dom-client.development.js:15120:22)\n    at workLoopSync (webpack-internal:///(app-pages-browser)/./node_modules/next/dist/compiled/react-dom/cjs/react-dom-client.development.js:14944:41)\n    at renderRootSync (webpack-internal:///(app-pages-browser)/./node_modules/next/dist/compiled/react-dom/cjs/react-dom-client.development.js:14924:11)\n    at performWorkOnRoot (webpack-internal:///(app-pages-browser)/./node_modules/next/dist/compiled/react-dom/cjs/react-dom-client.development.js:14454:44)\n    at performSyncWorkOnRoot (webpack-internal:///(app-pages-browser)/./node_modules/next/dist/compiled/react-dom/cjs/react-dom-client.development.js:16290:7)\n    at flushSyncWorkAcrossRoots_impl (webpack-internal:///(app-pages-browser)/./node_modules/next/dist/compiled/react-dom/cjs/react-dom-client.development.js:16138:21)\n    at flushSpawnedWork (webpack-internal:///(app-pages-browser)/./node_modules/next/dist/compiled/react-dom/cjs/react-dom-client.development.js:15665:9)\n    at commitRoot (webpack-internal:///(app-pages-browser)/./node_modules/next/dist/compiled/react-dom/cjs/react-dom-client.development.js:15391:9)\n    at commitRootWhenReady (webpack-internal:///(app-pages-browser)/./node_modules/next/dist/compiled/react-dom/cjs/react-dom-client.development.js:14644:7)\n    at performWorkOnRoot (webpack-internal:///(app-pages-browser)/./node_modules/next/dist/compiled/react-dom/cjs/react-dom-client.development.js:14567:15)\n    at performWorkOnRootViaSchedulerTask (webpack-internal:///(app-pages-browser)/./node_modules/next/dist/compiled/react-dom/cjs/react-dom-client.development.js:16275:7)\n    at MessagePort.performWorkUntilDeadline (webpack-internal:///(app-pages-browser)/./node_modules/next/dist/compiled/scheduler/cjs/scheduler.development.js:45:48)",
  "location": "global-error-boundary",
  "errorType": "unhandled-error"
}
[2025-03-20T12:09:54.367Z] FRONTEND:CLIENT - ERROR: Client Error: Failed prop type: The prop `href` expects a `string` or `object` in `<Link>`, but got `undefined` instead.
Open your browser's console to view the Component stack trace.
  Details: {
  "stack": "Error: Failed prop type: The prop `href` expects a `string` or `object` in `<Link>`, but got `undefined` instead.\nOpen your browser's console to view the Component stack trace.\n    at createPropError (webpack-internal:///(app-pages-browser)/./node_modules/next/dist/client/app-dir/link.js:90:42)\n    at eval (webpack-internal:///(app-pages-browser)/./node_modules/next/dist/client/app-dir/link.js:104:27)\n    at Array.forEach (<anonymous>)\n    at LinkComponent (webpack-internal:///(app-pages-browser)/./node_modules/next/dist/client/app-dir/link.js:101:23)\n    at react-stack-bottom-frame (webpack-internal:///(app-pages-browser)/./node_modules/next/dist/compiled/react-dom/cjs/react-dom-client.development.js:23950:20)\n    at renderWithHooks (webpack-internal:///(app-pages-browser)/./node_modules/next/dist/compiled/react-dom/cjs/react-dom-client.development.js:5079:22)\n    at updateForwardRef (webpack-internal:///(app-pages-browser)/./node_modules/next/dist/compiled/react-dom/cjs/react-dom-client.development.js:8072:19)\n    at beginWork (webpack-internal:///(app-pages-browser)/./node_modules/next/dist/compiled/react-dom/cjs/react-dom-client.development.js:10284:18)\n    at runWithFiberInDEV (webpack-internal:///(app-pages-browser)/./node_modules/next/dist/compiled/react-dom/cjs/react-dom-client.development.js:1511:30)\n    at performUnitOfWork (webpack-internal:///(app-pages-browser)/./node_modules/next/dist/compiled/react-dom/cjs/react-dom-client.development.js:15120:22)\n    at workLoopSync (webpack-internal:///(app-pages-browser)/./node_modules/next/dist/compiled/react-dom/cjs/react-dom-client.development.js:14944:41)\n    at renderRootSync (webpack-internal:///(app-pages-browser)/./node_modules/next/dist/compiled/react-dom/cjs/react-dom-client.development.js:14924:11)\n    at performWorkOnRoot (webpack-internal:///(app-pages-browser)/./node_modules/next/dist/compiled/react-dom/cjs/react-dom-client.development.js:14454:44)\n    at performSyncWorkOnRoot (webpack-internal:///(app-pages-browser)/./node_modules/next/dist/compiled/react-dom/cjs/react-dom-client.development.js:16290:7)\n    at flushSyncWorkAcrossRoots_impl (webpack-internal:///(app-pages-browser)/./node_modules/next/dist/compiled/react-dom/cjs/react-dom-client.development.js:16138:21)\n    at flushSpawnedWork (webpack-internal:///(app-pages-browser)/./node_modules/next/dist/compiled/react-dom/cjs/react-dom-client.development.js:15665:9)\n    at commitRoot (webpack-internal:///(app-pages-browser)/./node_modules/next/dist/compiled/react-dom/cjs/react-dom-client.development.js:15391:9)\n    at commitRootWhenReady (webpack-internal:///(app-pages-browser)/./node_modules/next/dist/compiled/react-dom/cjs/react-dom-client.development.js:14644:7)\n    at performWorkOnRoot (webpack-internal:///(app-pages-browser)/./node_modules/next/dist/compiled/react-dom/cjs/react-dom-client.development.js:14567:15)\n    at performWorkOnRootViaSchedulerTask (webpack-internal:///(app-pages-browser)/./node_modules/next/dist/compiled/react-dom/cjs/react-dom-client.development.js:16275:7)\n    at MessagePort.performWorkUntilDeadline (webpack-internal:///(app-pages-browser)/./node_modules/next/dist/compiled/scheduler/cjs/scheduler.development.js:45:48)",
  "location": "global-error-boundary",
  "errorType": "unhandled-error"
}
[2025-03-20T12:09:54.370Z] FRONTEND:CLIENT - ERROR: Client Error: Failed prop type: The prop `href` expects a `string` or `object` in `<Link>`, but got `undefined` instead.
Open your browser's console to view the Component stack trace.
  Details: {
  "stack": "Error: Failed prop type: The prop `href` expects a `string` or `object` in `<Link>`, but got `undefined` instead.\nOpen your browser's console to view the Component stack trace.\n    at createPropError (webpack-internal:///(app-pages-browser)/./node_modules/next/dist/client/app-dir/link.js:90:42)\n    at eval (webpack-internal:///(app-pages-browser)/./node_modules/next/dist/client/app-dir/link.js:104:27)\n    at Array.forEach (<anonymous>)\n    at LinkComponent (webpack-internal:///(app-pages-browser)/./node_modules/next/dist/client/app-dir/link.js:101:23)\n    at react-stack-bottom-frame (webpack-internal:///(app-pages-browser)/./node_modules/next/dist/compiled/react-dom/cjs/react-dom-client.development.js:23950:20)\n    at renderWithHooks (webpack-internal:///(app-pages-browser)/./node_modules/next/dist/compiled/react-dom/cjs/react-dom-client.development.js:5079:22)\n    at updateForwardRef (webpack-internal:///(app-pages-browser)/./node_modules/next/dist/compiled/react-dom/cjs/react-dom-client.development.js:8072:19)\n    at beginWork (webpack-internal:///(app-pages-browser)/./node_modules/next/dist/compiled/react-dom/cjs/react-dom-client.development.js:10284:18)\n    at runWithFiberInDEV (webpack-internal:///(app-pages-browser)/./node_modules/next/dist/compiled/react-dom/cjs/react-dom-client.development.js:1511:30)\n    at performUnitOfWork (webpack-internal:///(app-pages-browser)/./node_modules/next/dist/compiled/react-dom/cjs/react-dom-client.development.js:15120:22)\n    at workLoopSync (webpack-internal:///(app-pages-browser)/./node_modules/next/dist/compiled/react-dom/cjs/react-dom-client.development.js:14944:41)\n    at renderRootSync (webpack-internal:///(app-pages-browser)/./node_modules/next/dist/compiled/react-dom/cjs/react-dom-client.development.js:14924:11)\n    at performWorkOnRoot (webpack-internal:///(app-pages-browser)/./node_modules/next/dist/compiled/react-dom/cjs/react-dom-client.development.js:14454:44)\n    at performSyncWorkOnRoot (webpack-internal:///(app-pages-browser)/./node_modules/next/dist/compiled/react-dom/cjs/react-dom-client.development.js:16290:7)\n    at flushSyncWorkAcrossRoots_impl (webpack-internal:///(app-pages-browser)/./node_modules/next/dist/compiled/react-dom/cjs/react-dom-client.development.js:16138:21)\n    at flushSpawnedWork (webpack-internal:///(app-pages-browser)/./node_modules/next/dist/compiled/react-dom/cjs/react-dom-client.development.js:15665:9)\n    at commitRoot (webpack-internal:///(app-pages-browser)/./node_modules/next/dist/compiled/react-dom/cjs/react-dom-client.development.js:15391:9)\n    at commitRootWhenReady (webpack-internal:///(app-pages-browser)/./node_modules/next/dist/compiled/react-dom/cjs/react-dom-client.development.js:14644:7)\n    at performWorkOnRoot (webpack-internal:///(app-pages-browser)/./node_modules/next/dist/compiled/react-dom/cjs/react-dom-client.development.js:14567:15)\n    at performWorkOnRootViaSchedulerTask (webpack-internal:///(app-pages-browser)/./node_modules/next/dist/compiled/react-dom/cjs/react-dom-client.development.js:16275:7)\n    at MessagePort.performWorkUntilDeadline (webpack-internal:///(app-pages-browser)/./node_modules/next/dist/compiled/scheduler/cjs/scheduler.development.js:45:48)",
  "location": "global-error-boundary",
  "errorType": "unhandled-error"
}
[2025-03-20T12:10:38.539Z] FRONTEND:CLIENT - ERROR: Client Error: Failed prop type: The prop `href` expects a `string` or `object` in `<Link>`, but got `undefined` instead.
Open your browser's console to view the Component stack trace.
  Details: {
  "stack": "Error: Failed prop type: The prop `href` expects a `string` or `object` in `<Link>`, but got `undefined` instead.\nOpen your browser's console to view the Component stack trace.\n    at createPropError (webpack-internal:///(app-pages-browser)/./node_modules/next/dist/client/app-dir/link.js:90:42)\n    at eval (webpack-internal:///(app-pages-browser)/./node_modules/next/dist/client/app-dir/link.js:104:27)\n    at Array.forEach (<anonymous>)\n    at LinkComponent (webpack-internal:///(app-pages-browser)/./node_modules/next/dist/client/app-dir/link.js:101:23)\n    at react-stack-bottom-frame (webpack-internal:///(app-pages-browser)/./node_modules/next/dist/compiled/react-dom/cjs/react-dom-client.development.js:23950:20)\n    at renderWithHooks (webpack-internal:///(app-pages-browser)/./node_modules/next/dist/compiled/react-dom/cjs/react-dom-client.development.js:5079:22)\n    at updateForwardRef (webpack-internal:///(app-pages-browser)/./node_modules/next/dist/compiled/react-dom/cjs/react-dom-client.development.js:8072:19)\n    at beginWork (webpack-internal:///(app-pages-browser)/./node_modules/next/dist/compiled/react-dom/cjs/react-dom-client.development.js:10284:18)\n    at runWithFiberInDEV (webpack-internal:///(app-pages-browser)/./node_modules/next/dist/compiled/react-dom/cjs/react-dom-client.development.js:1511:30)\n    at performUnitOfWork (webpack-internal:///(app-pages-browser)/./node_modules/next/dist/compiled/react-dom/cjs/react-dom-client.development.js:15120:22)\n    at workLoopSync (webpack-internal:///(app-pages-browser)/./node_modules/next/dist/compiled/react-dom/cjs/react-dom-client.development.js:14944:41)\n    at renderRootSync (webpack-internal:///(app-pages-browser)/./node_modules/next/dist/compiled/react-dom/cjs/react-dom-client.development.js:14924:11)\n    at performWorkOnRoot (webpack-internal:///(app-pages-browser)/./node_modules/next/dist/compiled/react-dom/cjs/react-dom-client.development.js:14454:44)\n    at performSyncWorkOnRoot (webpack-internal:///(app-pages-browser)/./node_modules/next/dist/compiled/react-dom/cjs/react-dom-client.development.js:16290:7)\n    at flushSyncWorkAcrossRoots_impl (webpack-internal:///(app-pages-browser)/./node_modules/next/dist/compiled/react-dom/cjs/react-dom-client.development.js:16138:21)\n    at processRootScheduleInMicrotask (webpack-internal:///(app-pages-browser)/./node_modules/next/dist/compiled/react-dom/cjs/react-dom-client.development.js:16175:7)\n    at eval (webpack-internal:///(app-pages-browser)/./node_modules/next/dist/compiled/react-dom/cjs/react-dom-client.development.js:16309:13)",
  "location": "global-error-boundary",
  "errorType": "unhandled-error"
}
[2025-03-20T12:10:38.550Z] FRONTEND:CLIENT - ERROR: Client Error: Failed prop type: The prop `href` expects a `string` or `object` in `<Link>`, but got `undefined` instead.
Open your browser's console to view the Component stack trace.
  Details: {
  "stack": "Error: Failed prop type: The prop `href` expects a `string` or `object` in `<Link>`, but got `undefined` instead.\nOpen your browser's console to view the Component stack trace.\n    at createPropError (webpack-internal:///(app-pages-browser)/./node_modules/next/dist/client/app-dir/link.js:90:42)\n    at eval (webpack-internal:///(app-pages-browser)/./node_modules/next/dist/client/app-dir/link.js:104:27)\n    at Array.forEach (<anonymous>)\n    at LinkComponent (webpack-internal:///(app-pages-browser)/./node_modules/next/dist/client/app-dir/link.js:101:23)\n    at react-stack-bottom-frame (webpack-internal:///(app-pages-browser)/./node_modules/next/dist/compiled/react-dom/cjs/react-dom-client.development.js:23950:20)\n    at renderWithHooks (webpack-internal:///(app-pages-browser)/./node_modules/next/dist/compiled/react-dom/cjs/react-dom-client.development.js:5079:22)\n    at updateForwardRef (webpack-internal:///(app-pages-browser)/./node_modules/next/dist/compiled/react-dom/cjs/react-dom-client.development.js:8072:19)\n    at beginWork (webpack-internal:///(app-pages-browser)/./node_modules/next/dist/compiled/react-dom/cjs/react-dom-client.development.js:10284:18)\n    at runWithFiberInDEV (webpack-internal:///(app-pages-browser)/./node_modules/next/dist/compiled/react-dom/cjs/react-dom-client.development.js:1511:30)\n    at performUnitOfWork (webpack-internal:///(app-pages-browser)/./node_modules/next/dist/compiled/react-dom/cjs/react-dom-client.development.js:15120:22)\n    at workLoopSync (webpack-internal:///(app-pages-browser)/./node_modules/next/dist/compiled/react-dom/cjs/react-dom-client.development.js:14944:41)\n    at renderRootSync (webpack-internal:///(app-pages-browser)/./node_modules/next/dist/compiled/react-dom/cjs/react-dom-client.development.js:14924:11)\n    at performWorkOnRoot (webpack-internal:///(app-pages-browser)/./node_modules/next/dist/compiled/react-dom/cjs/react-dom-client.development.js:14454:44)\n    at performSyncWorkOnRoot (webpack-internal:///(app-pages-browser)/./node_modules/next/dist/compiled/react-dom/cjs/react-dom-client.development.js:16290:7)\n    at flushSyncWorkAcrossRoots_impl (webpack-internal:///(app-pages-browser)/./node_modules/next/dist/compiled/react-dom/cjs/react-dom-client.development.js:16138:21)\n    at processRootScheduleInMicrotask (webpack-internal:///(app-pages-browser)/./node_modules/next/dist/compiled/react-dom/cjs/react-dom-client.development.js:16175:7)\n    at eval (webpack-internal:///(app-pages-browser)/./node_modules/next/dist/compiled/react-dom/cjs/react-dom-client.development.js:16309:13)",
  "location": "global-error-boundary",
  "errorType": "unhandled-error"
}
[2025-03-20T12:12:00.343Z] FRONTEND:CLIENT - ERROR: Client Error: Failed prop type: The prop `href` expects a `string` or `object` in `<Link>`, but got `undefined` instead.
Open your browser's console to view the Component stack trace.
  Details: {
  "stack": "Error: Failed prop type: The prop `href` expects a `string` or `object` in `<Link>`, but got `undefined` instead.\nOpen your browser's console to view the Component stack trace.\n    at createPropError (webpack-internal:///(app-pages-browser)/./node_modules/next/dist/client/app-dir/link.js:90:42)\n    at eval (webpack-internal:///(app-pages-browser)/./node_modules/next/dist/client/app-dir/link.js:104:27)\n    at Array.forEach (<anonymous>)\n    at LinkComponent (webpack-internal:///(app-pages-browser)/./node_modules/next/dist/client/app-dir/link.js:101:23)\n    at react-stack-bottom-frame (webpack-internal:///(app-pages-browser)/./node_modules/next/dist/compiled/react-dom/cjs/react-dom-client.development.js:23950:20)\n    at renderWithHooks (webpack-internal:///(app-pages-browser)/./node_modules/next/dist/compiled/react-dom/cjs/react-dom-client.development.js:5079:22)\n    at updateForwardRef (webpack-internal:///(app-pages-browser)/./node_modules/next/dist/compiled/react-dom/cjs/react-dom-client.development.js:8072:19)\n    at beginWork (webpack-internal:///(app-pages-browser)/./node_modules/next/dist/compiled/react-dom/cjs/react-dom-client.development.js:10284:18)\n    at runWithFiberInDEV (webpack-internal:///(app-pages-browser)/./node_modules/next/dist/compiled/react-dom/cjs/react-dom-client.development.js:1511:30)\n    at performUnitOfWork (webpack-internal:///(app-pages-browser)/./node_modules/next/dist/compiled/react-dom/cjs/react-dom-client.development.js:15120:22)\n    at workLoopSync (webpack-internal:///(app-pages-browser)/./node_modules/next/dist/compiled/react-dom/cjs/react-dom-client.development.js:14944:41)\n    at renderRootSync (webpack-internal:///(app-pages-browser)/./node_modules/next/dist/compiled/react-dom/cjs/react-dom-client.development.js:14924:11)\n    at performWorkOnRoot (webpack-internal:///(app-pages-browser)/./node_modules/next/dist/compiled/react-dom/cjs/react-dom-client.development.js:14454:44)\n    at performSyncWorkOnRoot (webpack-internal:///(app-pages-browser)/./node_modules/next/dist/compiled/react-dom/cjs/react-dom-client.development.js:16290:7)\n    at flushSyncWorkAcrossRoots_impl (webpack-internal:///(app-pages-browser)/./node_modules/next/dist/compiled/react-dom/cjs/react-dom-client.development.js:16138:21)\n    at flushSpawnedWork (webpack-internal:///(app-pages-browser)/./node_modules/next/dist/compiled/react-dom/cjs/react-dom-client.development.js:15665:9)\n    at commitRoot (webpack-internal:///(app-pages-browser)/./node_modules/next/dist/compiled/react-dom/cjs/react-dom-client.development.js:15391:9)\n    at commitRootWhenReady (webpack-internal:///(app-pages-browser)/./node_modules/next/dist/compiled/react-dom/cjs/react-dom-client.development.js:14644:7)\n    at performWorkOnRoot (webpack-internal:///(app-pages-browser)/./node_modules/next/dist/compiled/react-dom/cjs/react-dom-client.development.js:14567:15)\n    at performWorkOnRootViaSchedulerTask (webpack-internal:///(app-pages-browser)/./node_modules/next/dist/compiled/react-dom/cjs/react-dom-client.development.js:16275:7)\n    at MessagePort.performWorkUntilDeadline (webpack-internal:///(app-pages-browser)/./node_modules/next/dist/compiled/scheduler/cjs/scheduler.development.js:45:48)",
  "location": "global-error-boundary",
  "errorType": "unhandled-error"
}
[2025-03-20T12:12:00.340Z] FRONTEND:CLIENT - ERROR: Client Error: Failed prop type: The prop `href` expects a `string` or `object` in `<Link>`, but got `undefined` instead.
Open your browser's console to view the Component stack trace.
  Details: {
  "stack": "Error: Failed prop type: The prop `href` expects a `string` or `object` in `<Link>`, but got `undefined` instead.\nOpen your browser's console to view the Component stack trace.\n    at createPropError (webpack-internal:///(app-pages-browser)/./node_modules/next/dist/client/app-dir/link.js:90:42)\n    at eval (webpack-internal:///(app-pages-browser)/./node_modules/next/dist/client/app-dir/link.js:104:27)\n    at Array.forEach (<anonymous>)\n    at LinkComponent (webpack-internal:///(app-pages-browser)/./node_modules/next/dist/client/app-dir/link.js:101:23)\n    at react-stack-bottom-frame (webpack-internal:///(app-pages-browser)/./node_modules/next/dist/compiled/react-dom/cjs/react-dom-client.development.js:23950:20)\n    at renderWithHooks (webpack-internal:///(app-pages-browser)/./node_modules/next/dist/compiled/react-dom/cjs/react-dom-client.development.js:5079:22)\n    at updateForwardRef (webpack-internal:///(app-pages-browser)/./node_modules/next/dist/compiled/react-dom/cjs/react-dom-client.development.js:8072:19)\n    at beginWork (webpack-internal:///(app-pages-browser)/./node_modules/next/dist/compiled/react-dom/cjs/react-dom-client.development.js:10284:18)\n    at runWithFiberInDEV (webpack-internal:///(app-pages-browser)/./node_modules/next/dist/compiled/react-dom/cjs/react-dom-client.development.js:1511:30)\n    at performUnitOfWork (webpack-internal:///(app-pages-browser)/./node_modules/next/dist/compiled/react-dom/cjs/react-dom-client.development.js:15120:22)\n    at workLoopSync (webpack-internal:///(app-pages-browser)/./node_modules/next/dist/compiled/react-dom/cjs/react-dom-client.development.js:14944:41)\n    at renderRootSync (webpack-internal:///(app-pages-browser)/./node_modules/next/dist/compiled/react-dom/cjs/react-dom-client.development.js:14924:11)\n    at performWorkOnRoot (webpack-internal:///(app-pages-browser)/./node_modules/next/dist/compiled/react-dom/cjs/react-dom-client.development.js:14454:44)\n    at performSyncWorkOnRoot (webpack-internal:///(app-pages-browser)/./node_modules/next/dist/compiled/react-dom/cjs/react-dom-client.development.js:16290:7)\n    at flushSyncWorkAcrossRoots_impl (webpack-internal:///(app-pages-browser)/./node_modules/next/dist/compiled/react-dom/cjs/react-dom-client.development.js:16138:21)\n    at flushSpawnedWork (webpack-internal:///(app-pages-browser)/./node_modules/next/dist/compiled/react-dom/cjs/react-dom-client.development.js:15665:9)\n    at commitRoot (webpack-internal:///(app-pages-browser)/./node_modules/next/dist/compiled/react-dom/cjs/react-dom-client.development.js:15391:9)\n    at commitRootWhenReady (webpack-internal:///(app-pages-browser)/./node_modules/next/dist/compiled/react-dom/cjs/react-dom-client.development.js:14644:7)\n    at performWorkOnRoot (webpack-internal:///(app-pages-browser)/./node_modules/next/dist/compiled/react-dom/cjs/react-dom-client.development.js:14567:15)\n    at performWorkOnRootViaSchedulerTask (webpack-internal:///(app-pages-browser)/./node_modules/next/dist/compiled/react-dom/cjs/react-dom-client.development.js:16275:7)\n    at MessagePort.performWorkUntilDeadline (webpack-internal:///(app-pages-browser)/./node_modules/next/dist/compiled/scheduler/cjs/scheduler.development.js:45:48)",
  "location": "global-error-boundary",
  "errorType": "unhandled-error"
}
[2025-03-20T12:12:13.413Z] FRONTEND:CLIENT - ERROR: Client Error: Failed prop type: The prop `href` expects a `string` or `object` in `<Link>`, but got `undefined` instead.
Open your browser's console to view the Component stack trace.
  Details: {
  "stack": "Error: Failed prop type: The prop `href` expects a `string` or `object` in `<Link>`, but got `undefined` instead.\nOpen your browser's console to view the Component stack trace.\n    at createPropError (webpack-internal:///(app-pages-browser)/./node_modules/next/dist/client/app-dir/link.js:90:42)\n    at eval (webpack-internal:///(app-pages-browser)/./node_modules/next/dist/client/app-dir/link.js:104:27)\n    at Array.forEach (<anonymous>)\n    at LinkComponent (webpack-internal:///(app-pages-browser)/./node_modules/next/dist/client/app-dir/link.js:101:23)\n    at react-stack-bottom-frame (webpack-internal:///(app-pages-browser)/./node_modules/next/dist/compiled/react-dom/cjs/react-dom-client.development.js:23950:20)\n    at renderWithHooks (webpack-internal:///(app-pages-browser)/./node_modules/next/dist/compiled/react-dom/cjs/react-dom-client.development.js:5079:22)\n    at updateForwardRef (webpack-internal:///(app-pages-browser)/./node_modules/next/dist/compiled/react-dom/cjs/react-dom-client.development.js:8072:19)\n    at beginWork (webpack-internal:///(app-pages-browser)/./node_modules/next/dist/compiled/react-dom/cjs/react-dom-client.development.js:10284:18)\n    at runWithFiberInDEV (webpack-internal:///(app-pages-browser)/./node_modules/next/dist/compiled/react-dom/cjs/react-dom-client.development.js:1511:30)\n    at performUnitOfWork (webpack-internal:///(app-pages-browser)/./node_modules/next/dist/compiled/react-dom/cjs/react-dom-client.development.js:15120:22)\n    at workLoopSync (webpack-internal:///(app-pages-browser)/./node_modules/next/dist/compiled/react-dom/cjs/react-dom-client.development.js:14944:41)\n    at renderRootSync (webpack-internal:///(app-pages-browser)/./node_modules/next/dist/compiled/react-dom/cjs/react-dom-client.development.js:14924:11)\n    at performWorkOnRoot (webpack-internal:///(app-pages-browser)/./node_modules/next/dist/compiled/react-dom/cjs/react-dom-client.development.js:14454:44)\n    at performSyncWorkOnRoot (webpack-internal:///(app-pages-browser)/./node_modules/next/dist/compiled/react-dom/cjs/react-dom-client.development.js:16290:7)\n    at flushSyncWorkAcrossRoots_impl (webpack-internal:///(app-pages-browser)/./node_modules/next/dist/compiled/react-dom/cjs/react-dom-client.development.js:16138:21)\n    at processRootScheduleInMicrotask (webpack-internal:///(app-pages-browser)/./node_modules/next/dist/compiled/react-dom/cjs/react-dom-client.development.js:16175:7)\n    at eval (webpack-internal:///(app-pages-browser)/./node_modules/next/dist/compiled/react-dom/cjs/react-dom-client.development.js:16309:13)",
  "location": "global-error-boundary",
  "errorType": "unhandled-error"
}
[2025-03-20T12:12:13.417Z] FRONTEND:CLIENT - ERROR: Client Error: Failed prop type: The prop `href` expects a `string` or `object` in `<Link>`, but got `undefined` instead.
Open your browser's console to view the Component stack trace.
  Details: {
  "stack": "Error: Failed prop type: The prop `href` expects a `string` or `object` in `<Link>`, but got `undefined` instead.\nOpen your browser's console to view the Component stack trace.\n    at createPropError (webpack-internal:///(app-pages-browser)/./node_modules/next/dist/client/app-dir/link.js:90:42)\n    at eval (webpack-internal:///(app-pages-browser)/./node_modules/next/dist/client/app-dir/link.js:104:27)\n    at Array.forEach (<anonymous>)\n    at LinkComponent (webpack-internal:///(app-pages-browser)/./node_modules/next/dist/client/app-dir/link.js:101:23)\n    at react-stack-bottom-frame (webpack-internal:///(app-pages-browser)/./node_modules/next/dist/compiled/react-dom/cjs/react-dom-client.development.js:23950:20)\n    at renderWithHooks (webpack-internal:///(app-pages-browser)/./node_modules/next/dist/compiled/react-dom/cjs/react-dom-client.development.js:5079:22)\n    at updateForwardRef (webpack-internal:///(app-pages-browser)/./node_modules/next/dist/compiled/react-dom/cjs/react-dom-client.development.js:8072:19)\n    at beginWork (webpack-internal:///(app-pages-browser)/./node_modules/next/dist/compiled/react-dom/cjs/react-dom-client.development.js:10284:18)\n    at runWithFiberInDEV (webpack-internal:///(app-pages-browser)/./node_modules/next/dist/compiled/react-dom/cjs/react-dom-client.development.js:1511:30)\n    at performUnitOfWork (webpack-internal:///(app-pages-browser)/./node_modules/next/dist/compiled/react-dom/cjs/react-dom-client.development.js:15120:22)\n    at workLoopSync (webpack-internal:///(app-pages-browser)/./node_modules/next/dist/compiled/react-dom/cjs/react-dom-client.development.js:14944:41)\n    at renderRootSync (webpack-internal:///(app-pages-browser)/./node_modules/next/dist/compiled/react-dom/cjs/react-dom-client.development.js:14924:11)\n    at performWorkOnRoot (webpack-internal:///(app-pages-browser)/./node_modules/next/dist/compiled/react-dom/cjs/react-dom-client.development.js:14454:44)\n    at performSyncWorkOnRoot (webpack-internal:///(app-pages-browser)/./node_modules/next/dist/compiled/react-dom/cjs/react-dom-client.development.js:16290:7)\n    at flushSyncWorkAcrossRoots_impl (webpack-internal:///(app-pages-browser)/./node_modules/next/dist/compiled/react-dom/cjs/react-dom-client.development.js:16138:21)\n    at processRootScheduleInMicrotask (webpack-internal:///(app-pages-browser)/./node_modules/next/dist/compiled/react-dom/cjs/react-dom-client.development.js:16175:7)\n    at eval (webpack-internal:///(app-pages-browser)/./node_modules/next/dist/compiled/react-dom/cjs/react-dom-client.development.js:16309:13)",
  "location": "global-error-boundary",
  "errorType": "unhandled-error"
}
[2025-03-20T12:49:50.886Z] FRONTEND:CLIENT - ERROR: Client Error: Failed prop type: The prop `href` expects a `string` or `object` in `<Link>`, but got `undefined` instead.
Open your browser's console to view the Component stack trace.
  Details: {
  "stack": "Error: Failed prop type: The prop `href` expects a `string` or `object` in `<Link>`, but got `undefined` instead.\nOpen your browser's console to view the Component stack trace.\n    at createPropError (webpack-internal:///(app-pages-browser)/./node_modules/next/dist/client/app-dir/link.js:90:42)\n    at eval (webpack-internal:///(app-pages-browser)/./node_modules/next/dist/client/app-dir/link.js:104:27)\n    at Array.forEach (<anonymous>)\n    at LinkComponent (webpack-internal:///(app-pages-browser)/./node_modules/next/dist/client/app-dir/link.js:101:23)\n    at react-stack-bottom-frame (webpack-internal:///(app-pages-browser)/./node_modules/next/dist/compiled/react-dom/cjs/react-dom-client.development.js:23950:20)\n    at renderWithHooks (webpack-internal:///(app-pages-browser)/./node_modules/next/dist/compiled/react-dom/cjs/react-dom-client.development.js:5079:22)\n    at updateForwardRef (webpack-internal:///(app-pages-browser)/./node_modules/next/dist/compiled/react-dom/cjs/react-dom-client.development.js:8072:19)\n    at beginWork (webpack-internal:///(app-pages-browser)/./node_modules/next/dist/compiled/react-dom/cjs/react-dom-client.development.js:9910:34)\n    at runWithFiberInDEV (webpack-internal:///(app-pages-browser)/./node_modules/next/dist/compiled/react-dom/cjs/react-dom-client.development.js:1511:30)\n    at performUnitOfWork (webpack-internal:///(app-pages-browser)/./node_modules/next/dist/compiled/react-dom/cjs/react-dom-client.development.js:15120:22)\n    at workLoopSync (webpack-internal:///(app-pages-browser)/./node_modules/next/dist/compiled/react-dom/cjs/react-dom-client.development.js:14944:41)\n    at renderRootSync (webpack-internal:///(app-pages-browser)/./node_modules/next/dist/compiled/react-dom/cjs/react-dom-client.development.js:14924:11)\n    at performWorkOnRoot (webpack-internal:///(app-pages-browser)/./node_modules/next/dist/compiled/react-dom/cjs/react-dom-client.development.js:14454:44)\n    at performSyncWorkOnRoot (webpack-internal:///(app-pages-browser)/./node_modules/next/dist/compiled/react-dom/cjs/react-dom-client.development.js:16290:7)\n    at flushSyncWorkAcrossRoots_impl (webpack-internal:///(app-pages-browser)/./node_modules/next/dist/compiled/react-dom/cjs/react-dom-client.development.js:16138:21)\n    at flushSpawnedWork (webpack-internal:///(app-pages-browser)/./node_modules/next/dist/compiled/react-dom/cjs/react-dom-client.development.js:15665:9)\n    at commitRoot (webpack-internal:///(app-pages-browser)/./node_modules/next/dist/compiled/react-dom/cjs/react-dom-client.development.js:15391:9)\n    at commitRootWhenReady (webpack-internal:///(app-pages-browser)/./node_modules/next/dist/compiled/react-dom/cjs/react-dom-client.development.js:14644:7)\n    at performWorkOnRoot (webpack-internal:///(app-pages-browser)/./node_modules/next/dist/compiled/react-dom/cjs/react-dom-client.development.js:14567:15)\n    at performWorkOnRootViaSchedulerTask (webpack-internal:///(app-pages-browser)/./node_modules/next/dist/compiled/react-dom/cjs/react-dom-client.development.js:16275:7)\n    at MessagePort.performWorkUntilDeadline (webpack-internal:///(app-pages-browser)/./node_modules/next/dist/compiled/scheduler/cjs/scheduler.development.js:45:48)",
  "location": "global-error-boundary",
  "errorType": "unhandled-error"
}
[2025-03-20T12:49:50.889Z] FRONTEND:CLIENT - ERROR: Client Error: Failed prop type: The prop `href` expects a `string` or `object` in `<Link>`, but got `undefined` instead.
Open your browser's console to view the Component stack trace.
  Details: {
  "stack": "Error: Failed prop type: The prop `href` expects a `string` or `object` in `<Link>`, but got `undefined` instead.\nOpen your browser's console to view the Component stack trace.\n    at createPropError (webpack-internal:///(app-pages-browser)/./node_modules/next/dist/client/app-dir/link.js:90:42)\n    at eval (webpack-internal:///(app-pages-browser)/./node_modules/next/dist/client/app-dir/link.js:104:27)\n    at Array.forEach (<anonymous>)\n    at LinkComponent (webpack-internal:///(app-pages-browser)/./node_modules/next/dist/client/app-dir/link.js:101:23)\n    at react-stack-bottom-frame (webpack-internal:///(app-pages-browser)/./node_modules/next/dist/compiled/react-dom/cjs/react-dom-client.development.js:23950:20)\n    at renderWithHooks (webpack-internal:///(app-pages-browser)/./node_modules/next/dist/compiled/react-dom/cjs/react-dom-client.development.js:5079:22)\n    at updateForwardRef (webpack-internal:///(app-pages-browser)/./node_modules/next/dist/compiled/react-dom/cjs/react-dom-client.development.js:8072:19)\n    at beginWork (webpack-internal:///(app-pages-browser)/./node_modules/next/dist/compiled/react-dom/cjs/react-dom-client.development.js:9910:34)\n    at runWithFiberInDEV (webpack-internal:///(app-pages-browser)/./node_modules/next/dist/compiled/react-dom/cjs/react-dom-client.development.js:1511:30)\n    at performUnitOfWork (webpack-internal:///(app-pages-browser)/./node_modules/next/dist/compiled/react-dom/cjs/react-dom-client.development.js:15120:22)\n    at workLoopSync (webpack-internal:///(app-pages-browser)/./node_modules/next/dist/compiled/react-dom/cjs/react-dom-client.development.js:14944:41)\n    at renderRootSync (webpack-internal:///(app-pages-browser)/./node_modules/next/dist/compiled/react-dom/cjs/react-dom-client.development.js:14924:11)\n    at performWorkOnRoot (webpack-internal:///(app-pages-browser)/./node_modules/next/dist/compiled/react-dom/cjs/react-dom-client.development.js:14454:44)\n    at performSyncWorkOnRoot (webpack-internal:///(app-pages-browser)/./node_modules/next/dist/compiled/react-dom/cjs/react-dom-client.development.js:16290:7)\n    at flushSyncWorkAcrossRoots_impl (webpack-internal:///(app-pages-browser)/./node_modules/next/dist/compiled/react-dom/cjs/react-dom-client.development.js:16138:21)\n    at flushSpawnedWork (webpack-internal:///(app-pages-browser)/./node_modules/next/dist/compiled/react-dom/cjs/react-dom-client.development.js:15665:9)\n    at commitRoot (webpack-internal:///(app-pages-browser)/./node_modules/next/dist/compiled/react-dom/cjs/react-dom-client.development.js:15391:9)\n    at commitRootWhenReady (webpack-internal:///(app-pages-browser)/./node_modules/next/dist/compiled/react-dom/cjs/react-dom-client.development.js:14644:7)\n    at performWorkOnRoot (webpack-internal:///(app-pages-browser)/./node_modules/next/dist/compiled/react-dom/cjs/react-dom-client.development.js:14567:15)\n    at performWorkOnRootViaSchedulerTask (webpack-internal:///(app-pages-browser)/./node_modules/next/dist/compiled/react-dom/cjs/react-dom-client.development.js:16275:7)\n    at MessagePort.performWorkUntilDeadline (webpack-internal:///(app-pages-browser)/./node_modules/next/dist/compiled/scheduler/cjs/scheduler.development.js:45:48)",
  "location": "global-error-boundary",
  "errorType": "unhandled-error"
}
[2025-03-20T12:50:09.268Z] FRONTEND:CLIENT - ERROR: Client Error: Failed prop type: The prop `href` expects a `string` or `object` in `<Link>`, but got `undefined` instead.
Open your browser's console to view the Component stack trace.
  Details: {
  "stack": "Error: Failed prop type: The prop `href` expects a `string` or `object` in `<Link>`, but got `undefined` instead.\nOpen your browser's console to view the Component stack trace.\n    at createPropError (webpack-internal:///(app-pages-browser)/./node_modules/next/dist/client/app-dir/link.js:90:42)\n    at eval (webpack-internal:///(app-pages-browser)/./node_modules/next/dist/client/app-dir/link.js:104:27)\n    at Array.forEach (<anonymous>)\n    at LinkComponent (webpack-internal:///(app-pages-browser)/./node_modules/next/dist/client/app-dir/link.js:101:23)\n    at react-stack-bottom-frame (webpack-internal:///(app-pages-browser)/./node_modules/next/dist/compiled/react-dom/cjs/react-dom-client.development.js:23950:20)\n    at renderWithHooks (webpack-internal:///(app-pages-browser)/./node_modules/next/dist/compiled/react-dom/cjs/react-dom-client.development.js:5079:22)\n    at updateForwardRef (webpack-internal:///(app-pages-browser)/./node_modules/next/dist/compiled/react-dom/cjs/react-dom-client.development.js:8072:19)\n    at beginWork (webpack-internal:///(app-pages-browser)/./node_modules/next/dist/compiled/react-dom/cjs/react-dom-client.development.js:9910:34)\n    at runWithFiberInDEV (webpack-internal:///(app-pages-browser)/./node_modules/next/dist/compiled/react-dom/cjs/react-dom-client.development.js:1511:30)\n    at performUnitOfWork (webpack-internal:///(app-pages-browser)/./node_modules/next/dist/compiled/react-dom/cjs/react-dom-client.development.js:15120:22)\n    at workLoopSync (webpack-internal:///(app-pages-browser)/./node_modules/next/dist/compiled/react-dom/cjs/react-dom-client.development.js:14944:41)\n    at renderRootSync (webpack-internal:///(app-pages-browser)/./node_modules/next/dist/compiled/react-dom/cjs/react-dom-client.development.js:14924:11)\n    at performWorkOnRoot (webpack-internal:///(app-pages-browser)/./node_modules/next/dist/compiled/react-dom/cjs/react-dom-client.development.js:14454:44)\n    at performSyncWorkOnRoot (webpack-internal:///(app-pages-browser)/./node_modules/next/dist/compiled/react-dom/cjs/react-dom-client.development.js:16290:7)\n    at flushSyncWorkAcrossRoots_impl (webpack-internal:///(app-pages-browser)/./node_modules/next/dist/compiled/react-dom/cjs/react-dom-client.development.js:16138:21)\n    at flushSpawnedWork (webpack-internal:///(app-pages-browser)/./node_modules/next/dist/compiled/react-dom/cjs/react-dom-client.development.js:15665:9)\n    at commitRoot (webpack-internal:///(app-pages-browser)/./node_modules/next/dist/compiled/react-dom/cjs/react-dom-client.development.js:15391:9)\n    at commitRootWhenReady (webpack-internal:///(app-pages-browser)/./node_modules/next/dist/compiled/react-dom/cjs/react-dom-client.development.js:14644:7)\n    at performWorkOnRoot (webpack-internal:///(app-pages-browser)/./node_modules/next/dist/compiled/react-dom/cjs/react-dom-client.development.js:14567:15)\n    at performWorkOnRootViaSchedulerTask (webpack-internal:///(app-pages-browser)/./node_modules/next/dist/compiled/react-dom/cjs/react-dom-client.development.js:16275:7)\n    at MessagePort.performWorkUntilDeadline (webpack-internal:///(app-pages-browser)/./node_modules/next/dist/compiled/scheduler/cjs/scheduler.development.js:45:48)",
  "location": "global-error-boundary",
  "errorType": "unhandled-error"
}
[2025-03-20T12:50:09.273Z] FRONTEND:CLIENT - ERROR: Client Error: Failed prop type: The prop `href` expects a `string` or `object` in `<Link>`, but got `undefined` instead.
Open your browser's console to view the Component stack trace.
  Details: {
  "stack": "Error: Failed prop type: The prop `href` expects a `string` or `object` in `<Link>`, but got `undefined` instead.\nOpen your browser's console to view the Component stack trace.\n    at createPropError (webpack-internal:///(app-pages-browser)/./node_modules/next/dist/client/app-dir/link.js:90:42)\n    at eval (webpack-internal:///(app-pages-browser)/./node_modules/next/dist/client/app-dir/link.js:104:27)\n    at Array.forEach (<anonymous>)\n    at LinkComponent (webpack-internal:///(app-pages-browser)/./node_modules/next/dist/client/app-dir/link.js:101:23)\n    at react-stack-bottom-frame (webpack-internal:///(app-pages-browser)/./node_modules/next/dist/compiled/react-dom/cjs/react-dom-client.development.js:23950:20)\n    at renderWithHooks (webpack-internal:///(app-pages-browser)/./node_modules/next/dist/compiled/react-dom/cjs/react-dom-client.development.js:5079:22)\n    at updateForwardRef (webpack-internal:///(app-pages-browser)/./node_modules/next/dist/compiled/react-dom/cjs/react-dom-client.development.js:8072:19)\n    at beginWork (webpack-internal:///(app-pages-browser)/./node_modules/next/dist/compiled/react-dom/cjs/react-dom-client.development.js:9910:34)\n    at runWithFiberInDEV (webpack-internal:///(app-pages-browser)/./node_modules/next/dist/compiled/react-dom/cjs/react-dom-client.development.js:1511:30)\n    at performUnitOfWork (webpack-internal:///(app-pages-browser)/./node_modules/next/dist/compiled/react-dom/cjs/react-dom-client.development.js:15120:22)\n    at workLoopSync (webpack-internal:///(app-pages-browser)/./node_modules/next/dist/compiled/react-dom/cjs/react-dom-client.development.js:14944:41)\n    at renderRootSync (webpack-internal:///(app-pages-browser)/./node_modules/next/dist/compiled/react-dom/cjs/react-dom-client.development.js:14924:11)\n    at performWorkOnRoot (webpack-internal:///(app-pages-browser)/./node_modules/next/dist/compiled/react-dom/cjs/react-dom-client.development.js:14454:44)\n    at performSyncWorkOnRoot (webpack-internal:///(app-pages-browser)/./node_modules/next/dist/compiled/react-dom/cjs/react-dom-client.development.js:16290:7)\n    at flushSyncWorkAcrossRoots_impl (webpack-internal:///(app-pages-browser)/./node_modules/next/dist/compiled/react-dom/cjs/react-dom-client.development.js:16138:21)\n    at flushSpawnedWork (webpack-internal:///(app-pages-browser)/./node_modules/next/dist/compiled/react-dom/cjs/react-dom-client.development.js:15665:9)\n    at commitRoot (webpack-internal:///(app-pages-browser)/./node_modules/next/dist/compiled/react-dom/cjs/react-dom-client.development.js:15391:9)\n    at commitRootWhenReady (webpack-internal:///(app-pages-browser)/./node_modules/next/dist/compiled/react-dom/cjs/react-dom-client.development.js:14644:7)\n    at performWorkOnRoot (webpack-internal:///(app-pages-browser)/./node_modules/next/dist/compiled/react-dom/cjs/react-dom-client.development.js:14567:15)\n    at performWorkOnRootViaSchedulerTask (webpack-internal:///(app-pages-browser)/./node_modules/next/dist/compiled/react-dom/cjs/react-dom-client.development.js:16275:7)\n    at MessagePort.performWorkUntilDeadline (webpack-internal:///(app-pages-browser)/./node_modules/next/dist/compiled/scheduler/cjs/scheduler.development.js:45:48)",
  "location": "global-error-boundary",
  "errorType": "unhandled-error"
}
[2025-03-20T12:50:21.415Z] FRONTEND:CLIENT - ERROR: Client Error: Failed prop type: The prop `href` expects a `string` or `object` in `<Link>`, but got `undefined` instead.
Open your browser's console to view the Component stack trace.
  Details: {
  "stack": "Error: Failed prop type: The prop `href` expects a `string` or `object` in `<Link>`, but got `undefined` instead.\nOpen your browser's console to view the Component stack trace.\n    at createPropError (webpack-internal:///(app-pages-browser)/./node_modules/next/dist/client/app-dir/link.js:90:42)\n    at eval (webpack-internal:///(app-pages-browser)/./node_modules/next/dist/client/app-dir/link.js:104:27)\n    at Array.forEach (<anonymous>)\n    at LinkComponent (webpack-internal:///(app-pages-browser)/./node_modules/next/dist/client/app-dir/link.js:101:23)\n    at react-stack-bottom-frame (webpack-internal:///(app-pages-browser)/./node_modules/next/dist/compiled/react-dom/cjs/react-dom-client.development.js:23950:20)\n    at renderWithHooks (webpack-internal:///(app-pages-browser)/./node_modules/next/dist/compiled/react-dom/cjs/react-dom-client.development.js:5079:22)\n    at updateForwardRef (webpack-internal:///(app-pages-browser)/./node_modules/next/dist/compiled/react-dom/cjs/react-dom-client.development.js:8072:19)\n    at beginWork (webpack-internal:///(app-pages-browser)/./node_modules/next/dist/compiled/react-dom/cjs/react-dom-client.development.js:9910:34)\n    at runWithFiberInDEV (webpack-internal:///(app-pages-browser)/./node_modules/next/dist/compiled/react-dom/cjs/react-dom-client.development.js:1511:30)\n    at performUnitOfWork (webpack-internal:///(app-pages-browser)/./node_modules/next/dist/compiled/react-dom/cjs/react-dom-client.development.js:15120:22)\n    at workLoopSync (webpack-internal:///(app-pages-browser)/./node_modules/next/dist/compiled/react-dom/cjs/react-dom-client.development.js:14944:41)\n    at renderRootSync (webpack-internal:///(app-pages-browser)/./node_modules/next/dist/compiled/react-dom/cjs/react-dom-client.development.js:14924:11)\n    at performWorkOnRoot (webpack-internal:///(app-pages-browser)/./node_modules/next/dist/compiled/react-dom/cjs/react-dom-client.development.js:14454:44)\n    at performSyncWorkOnRoot (webpack-internal:///(app-pages-browser)/./node_modules/next/dist/compiled/react-dom/cjs/react-dom-client.development.js:16290:7)\n    at flushSyncWorkAcrossRoots_impl (webpack-internal:///(app-pages-browser)/./node_modules/next/dist/compiled/react-dom/cjs/react-dom-client.development.js:16138:21)\n    at processRootScheduleInMicrotask (webpack-internal:///(app-pages-browser)/./node_modules/next/dist/compiled/react-dom/cjs/react-dom-client.development.js:16175:7)\n    at eval (webpack-internal:///(app-pages-browser)/./node_modules/next/dist/compiled/react-dom/cjs/react-dom-client.development.js:16309:13)",
  "location": "global-error-boundary",
  "errorType": "unhandled-error"
}
[2025-03-20T12:50:21.418Z] FRONTEND:CLIENT - ERROR: Client Error: Failed prop type: The prop `href` expects a `string` or `object` in `<Link>`, but got `undefined` instead.
Open your browser's console to view the Component stack trace.
  Details: {
  "stack": "Error: Failed prop type: The prop `href` expects a `string` or `object` in `<Link>`, but got `undefined` instead.\nOpen your browser's console to view the Component stack trace.\n    at createPropError (webpack-internal:///(app-pages-browser)/./node_modules/next/dist/client/app-dir/link.js:90:42)\n    at eval (webpack-internal:///(app-pages-browser)/./node_modules/next/dist/client/app-dir/link.js:104:27)\n    at Array.forEach (<anonymous>)\n    at LinkComponent (webpack-internal:///(app-pages-browser)/./node_modules/next/dist/client/app-dir/link.js:101:23)\n    at react-stack-bottom-frame (webpack-internal:///(app-pages-browser)/./node_modules/next/dist/compiled/react-dom/cjs/react-dom-client.development.js:23950:20)\n    at renderWithHooks (webpack-internal:///(app-pages-browser)/./node_modules/next/dist/compiled/react-dom/cjs/react-dom-client.development.js:5079:22)\n    at updateForwardRef (webpack-internal:///(app-pages-browser)/./node_modules/next/dist/compiled/react-dom/cjs/react-dom-client.development.js:8072:19)\n    at beginWork (webpack-internal:///(app-pages-browser)/./node_modules/next/dist/compiled/react-dom/cjs/react-dom-client.development.js:9910:34)\n    at runWithFiberInDEV (webpack-internal:///(app-pages-browser)/./node_modules/next/dist/compiled/react-dom/cjs/react-dom-client.development.js:1511:30)\n    at performUnitOfWork (webpack-internal:///(app-pages-browser)/./node_modules/next/dist/compiled/react-dom/cjs/react-dom-client.development.js:15120:22)\n    at workLoopSync (webpack-internal:///(app-pages-browser)/./node_modules/next/dist/compiled/react-dom/cjs/react-dom-client.development.js:14944:41)\n    at renderRootSync (webpack-internal:///(app-pages-browser)/./node_modules/next/dist/compiled/react-dom/cjs/react-dom-client.development.js:14924:11)\n    at performWorkOnRoot (webpack-internal:///(app-pages-browser)/./node_modules/next/dist/compiled/react-dom/cjs/react-dom-client.development.js:14454:44)\n    at performSyncWorkOnRoot (webpack-internal:///(app-pages-browser)/./node_modules/next/dist/compiled/react-dom/cjs/react-dom-client.development.js:16290:7)\n    at flushSyncWorkAcrossRoots_impl (webpack-internal:///(app-pages-browser)/./node_modules/next/dist/compiled/react-dom/cjs/react-dom-client.development.js:16138:21)\n    at processRootScheduleInMicrotask (webpack-internal:///(app-pages-browser)/./node_modules/next/dist/compiled/react-dom/cjs/react-dom-client.development.js:16175:7)\n    at eval (webpack-internal:///(app-pages-browser)/./node_modules/next/dist/compiled/react-dom/cjs/react-dom-client.development.js:16309:13)",
  "location": "global-error-boundary",
  "errorType": "unhandled-error"
}
[2025-03-20T12:50:33.912Z] FRONTEND:CLIENT - ERROR: Client Error: Failed prop type: The prop `href` expects a `string` or `object` in `<Link>`, but got `undefined` instead.
Open your browser's console to view the Component stack trace.
  Details: {
  "stack": "Error: Failed prop type: The prop `href` expects a `string` or `object` in `<Link>`, but got `undefined` instead.\nOpen your browser's console to view the Component stack trace.\n    at createPropError (webpack-internal:///(app-pages-browser)/./node_modules/next/dist/client/app-dir/link.js:90:42)\n    at eval (webpack-internal:///(app-pages-browser)/./node_modules/next/dist/client/app-dir/link.js:104:27)\n    at Array.forEach (<anonymous>)\n    at LinkComponent (webpack-internal:///(app-pages-browser)/./node_modules/next/dist/client/app-dir/link.js:101:23)\n    at react-stack-bottom-frame (webpack-internal:///(app-pages-browser)/./node_modules/next/dist/compiled/react-dom/cjs/react-dom-client.development.js:23950:20)\n    at renderWithHooks (webpack-internal:///(app-pages-browser)/./node_modules/next/dist/compiled/react-dom/cjs/react-dom-client.development.js:5079:22)\n    at updateForwardRef (webpack-internal:///(app-pages-browser)/./node_modules/next/dist/compiled/react-dom/cjs/react-dom-client.development.js:8072:19)\n    at beginWork (webpack-internal:///(app-pages-browser)/./node_modules/next/dist/compiled/react-dom/cjs/react-dom-client.development.js:9910:34)\n    at runWithFiberInDEV (webpack-internal:///(app-pages-browser)/./node_modules/next/dist/compiled/react-dom/cjs/react-dom-client.development.js:1511:30)\n    at performUnitOfWork (webpack-internal:///(app-pages-browser)/./node_modules/next/dist/compiled/react-dom/cjs/react-dom-client.development.js:15120:22)\n    at workLoopSync (webpack-internal:///(app-pages-browser)/./node_modules/next/dist/compiled/react-dom/cjs/react-dom-client.development.js:14944:41)\n    at renderRootSync (webpack-internal:///(app-pages-browser)/./node_modules/next/dist/compiled/react-dom/cjs/react-dom-client.development.js:14924:11)\n    at performWorkOnRoot (webpack-internal:///(app-pages-browser)/./node_modules/next/dist/compiled/react-dom/cjs/react-dom-client.development.js:14454:44)\n    at performSyncWorkOnRoot (webpack-internal:///(app-pages-browser)/./node_modules/next/dist/compiled/react-dom/cjs/react-dom-client.development.js:16290:7)\n    at flushSyncWorkAcrossRoots_impl (webpack-internal:///(app-pages-browser)/./node_modules/next/dist/compiled/react-dom/cjs/react-dom-client.development.js:16138:21)\n    at processRootScheduleInMicrotask (webpack-internal:///(app-pages-browser)/./node_modules/next/dist/compiled/react-dom/cjs/react-dom-client.development.js:16175:7)\n    at eval (webpack-internal:///(app-pages-browser)/./node_modules/next/dist/compiled/react-dom/cjs/react-dom-client.development.js:16309:13)",
  "location": "global-error-boundary",
  "errorType": "unhandled-error"
}
[2025-03-20T12:50:33.916Z] FRONTEND:CLIENT - ERROR: Client Error: Failed prop type: The prop `href` expects a `string` or `object` in `<Link>`, but got `undefined` instead.
Open your browser's console to view the Component stack trace.
  Details: {
  "stack": "Error: Failed prop type: The prop `href` expects a `string` or `object` in `<Link>`, but got `undefined` instead.\nOpen your browser's console to view the Component stack trace.\n    at createPropError (webpack-internal:///(app-pages-browser)/./node_modules/next/dist/client/app-dir/link.js:90:42)\n    at eval (webpack-internal:///(app-pages-browser)/./node_modules/next/dist/client/app-dir/link.js:104:27)\n    at Array.forEach (<anonymous>)\n    at LinkComponent (webpack-internal:///(app-pages-browser)/./node_modules/next/dist/client/app-dir/link.js:101:23)\n    at react-stack-bottom-frame (webpack-internal:///(app-pages-browser)/./node_modules/next/dist/compiled/react-dom/cjs/react-dom-client.development.js:23950:20)\n    at renderWithHooks (webpack-internal:///(app-pages-browser)/./node_modules/next/dist/compiled/react-dom/cjs/react-dom-client.development.js:5079:22)\n    at updateForwardRef (webpack-internal:///(app-pages-browser)/./node_modules/next/dist/compiled/react-dom/cjs/react-dom-client.development.js:8072:19)\n    at beginWork (webpack-internal:///(app-pages-browser)/./node_modules/next/dist/compiled/react-dom/cjs/react-dom-client.development.js:9910:34)\n    at runWithFiberInDEV (webpack-internal:///(app-pages-browser)/./node_modules/next/dist/compiled/react-dom/cjs/react-dom-client.development.js:1511:30)\n    at performUnitOfWork (webpack-internal:///(app-pages-browser)/./node_modules/next/dist/compiled/react-dom/cjs/react-dom-client.development.js:15120:22)\n    at workLoopSync (webpack-internal:///(app-pages-browser)/./node_modules/next/dist/compiled/react-dom/cjs/react-dom-client.development.js:14944:41)\n    at renderRootSync (webpack-internal:///(app-pages-browser)/./node_modules/next/dist/compiled/react-dom/cjs/react-dom-client.development.js:14924:11)\n    at performWorkOnRoot (webpack-internal:///(app-pages-browser)/./node_modules/next/dist/compiled/react-dom/cjs/react-dom-client.development.js:14454:44)\n    at performSyncWorkOnRoot (webpack-internal:///(app-pages-browser)/./node_modules/next/dist/compiled/react-dom/cjs/react-dom-client.development.js:16290:7)\n    at flushSyncWorkAcrossRoots_impl (webpack-internal:///(app-pages-browser)/./node_modules/next/dist/compiled/react-dom/cjs/react-dom-client.development.js:16138:21)\n    at processRootScheduleInMicrotask (webpack-internal:///(app-pages-browser)/./node_modules/next/dist/compiled/react-dom/cjs/react-dom-client.development.js:16175:7)\n    at eval (webpack-internal:///(app-pages-browser)/./node_modules/next/dist/compiled/react-dom/cjs/react-dom-client.development.js:16309:13)",
  "location": "global-error-boundary",
  "errorType": "unhandled-error"
}
[2025-03-20T12:50:35.886Z] FRONTEND:CLIENT - ERROR: Client Error: Failed prop type: The prop `href` expects a `string` or `object` in `<Link>`, but got `undefined` instead.
Open your browser's console to view the Component stack trace.
  Details: {
  "stack": "Error: Failed prop type: The prop `href` expects a `string` or `object` in `<Link>`, but got `undefined` instead.\nOpen your browser's console to view the Component stack trace.\n    at createPropError (webpack-internal:///(app-pages-browser)/./node_modules/next/dist/client/app-dir/link.js:90:42)\n    at eval (webpack-internal:///(app-pages-browser)/./node_modules/next/dist/client/app-dir/link.js:104:27)\n    at Array.forEach (<anonymous>)\n    at LinkComponent (webpack-internal:///(app-pages-browser)/./node_modules/next/dist/client/app-dir/link.js:101:23)\n    at react-stack-bottom-frame (webpack-internal:///(app-pages-browser)/./node_modules/next/dist/compiled/react-dom/cjs/react-dom-client.development.js:23950:20)\n    at renderWithHooks (webpack-internal:///(app-pages-browser)/./node_modules/next/dist/compiled/react-dom/cjs/react-dom-client.development.js:5079:22)\n    at updateForwardRef (webpack-internal:///(app-pages-browser)/./node_modules/next/dist/compiled/react-dom/cjs/react-dom-client.development.js:8072:19)\n    at beginWork (webpack-internal:///(app-pages-browser)/./node_modules/next/dist/compiled/react-dom/cjs/react-dom-client.development.js:9910:34)\n    at runWithFiberInDEV (webpack-internal:///(app-pages-browser)/./node_modules/next/dist/compiled/react-dom/cjs/react-dom-client.development.js:1511:30)\n    at performUnitOfWork (webpack-internal:///(app-pages-browser)/./node_modules/next/dist/compiled/react-dom/cjs/react-dom-client.development.js:15120:22)\n    at workLoopSync (webpack-internal:///(app-pages-browser)/./node_modules/next/dist/compiled/react-dom/cjs/react-dom-client.development.js:14944:41)\n    at renderRootSync (webpack-internal:///(app-pages-browser)/./node_modules/next/dist/compiled/react-dom/cjs/react-dom-client.development.js:14924:11)\n    at performWorkOnRoot (webpack-internal:///(app-pages-browser)/./node_modules/next/dist/compiled/react-dom/cjs/react-dom-client.development.js:14454:44)\n    at performSyncWorkOnRoot (webpack-internal:///(app-pages-browser)/./node_modules/next/dist/compiled/react-dom/cjs/react-dom-client.development.js:16290:7)\n    at flushSyncWorkAcrossRoots_impl (webpack-internal:///(app-pages-browser)/./node_modules/next/dist/compiled/react-dom/cjs/react-dom-client.development.js:16138:21)\n    at processRootScheduleInMicrotask (webpack-internal:///(app-pages-browser)/./node_modules/next/dist/compiled/react-dom/cjs/react-dom-client.development.js:16175:7)\n    at eval (webpack-internal:///(app-pages-browser)/./node_modules/next/dist/compiled/react-dom/cjs/react-dom-client.development.js:16309:13)",
  "location": "global-error-boundary",
  "errorType": "unhandled-error"
}
[2025-03-20T12:50:35.886Z] FRONTEND:CLIENT - ERROR: Client Error: Failed prop type: The prop `href` expects a `string` or `object` in `<Link>`, but got `undefined` instead.
Open your browser's console to view the Component stack trace.
  Details: {
  "stack": "Error: Failed prop type: The prop `href` expects a `string` or `object` in `<Link>`, but got `undefined` instead.\nOpen your browser's console to view the Component stack trace.\n    at createPropError (webpack-internal:///(app-pages-browser)/./node_modules/next/dist/client/app-dir/link.js:90:42)\n    at eval (webpack-internal:///(app-pages-browser)/./node_modules/next/dist/client/app-dir/link.js:104:27)\n    at Array.forEach (<anonymous>)\n    at LinkComponent (webpack-internal:///(app-pages-browser)/./node_modules/next/dist/client/app-dir/link.js:101:23)\n    at react-stack-bottom-frame (webpack-internal:///(app-pages-browser)/./node_modules/next/dist/compiled/react-dom/cjs/react-dom-client.development.js:23950:20)\n    at renderWithHooks (webpack-internal:///(app-pages-browser)/./node_modules/next/dist/compiled/react-dom/cjs/react-dom-client.development.js:5079:22)\n    at updateForwardRef (webpack-internal:///(app-pages-browser)/./node_modules/next/dist/compiled/react-dom/cjs/react-dom-client.development.js:8072:19)\n    at beginWork (webpack-internal:///(app-pages-browser)/./node_modules/next/dist/compiled/react-dom/cjs/react-dom-client.development.js:9910:34)\n    at runWithFiberInDEV (webpack-internal:///(app-pages-browser)/./node_modules/next/dist/compiled/react-dom/cjs/react-dom-client.development.js:1511:30)\n    at performUnitOfWork (webpack-internal:///(app-pages-browser)/./node_modules/next/dist/compiled/react-dom/cjs/react-dom-client.development.js:15120:22)\n    at workLoopSync (webpack-internal:///(app-pages-browser)/./node_modules/next/dist/compiled/react-dom/cjs/react-dom-client.development.js:14944:41)\n    at renderRootSync (webpack-internal:///(app-pages-browser)/./node_modules/next/dist/compiled/react-dom/cjs/react-dom-client.development.js:14924:11)\n    at performWorkOnRoot (webpack-internal:///(app-pages-browser)/./node_modules/next/dist/compiled/react-dom/cjs/react-dom-client.development.js:14454:44)\n    at performSyncWorkOnRoot (webpack-internal:///(app-pages-browser)/./node_modules/next/dist/compiled/react-dom/cjs/react-dom-client.development.js:16290:7)\n    at flushSyncWorkAcrossRoots_impl (webpack-internal:///(app-pages-browser)/./node_modules/next/dist/compiled/react-dom/cjs/react-dom-client.development.js:16138:21)\n    at processRootScheduleInMicrotask (webpack-internal:///(app-pages-browser)/./node_modules/next/dist/compiled/react-dom/cjs/react-dom-client.development.js:16175:7)\n    at eval (webpack-internal:///(app-pages-browser)/./node_modules/next/dist/compiled/react-dom/cjs/react-dom-client.development.js:16309:13)",
  "location": "global-error-boundary",
  "errorType": "unhandled-error"
}
[2025-03-20T13:09:56.870Z] FRONTEND:ORDERS - ERROR: Order Error: Request failed with status code 403
  Details: {
  "stack": "AxiosError: Request failed with status code 403\n    at settle (webpack-internal:///(app-pages-browser)/./node_modules/axios/lib/core/settle.js:24:12)\n    at XMLHttpRequest.onloadend (webpack-internal:///(app-pages-browser)/./node_modules/axios/lib/adapters/xhr.js:73:66)\n    at Axios.request (webpack-internal:///(app-pages-browser)/./node_modules/axios/lib/core/Axios.js:57:41)\n    at async eval (webpack-internal:///(app-pages-browser)/./src/api/orders.ts:160:32)\n    at async makeRequest (webpack-internal:///(app-pages-browser)/./src/api/orders.ts:41:16)\n    at async Object.getOrderCount (webpack-internal:///(app-pages-browser)/./src/api/orders.ts:159:30)\n    at async Navigation.useEffect.fetchOrderCount (webpack-internal:///(app-pages-browser)/./src/components/layouts/customer-dashboard/navigation.tsx:81:43)",
  "status": 403,
  "url": "http://127.0.0.1:8000/orders/summary/",
  "method": "get",
  "response_data": {
    "detail": "Not authenticated"
  },
  "log_destination": "orders",
  "timestamp": "2025-03-20T13:09:56.870Z"
}
[2025-03-20T13:10:11.303Z] FRONTEND:ORDERS - ERROR: Order Error: Request failed with status code 403
  Details: {
  "stack": "AxiosError: Request failed with status code 403\n    at settle (webpack-internal:///(app-pages-browser)/./node_modules/axios/lib/core/settle.js:24:12)\n    at XMLHttpRequest.onloadend (webpack-internal:///(app-pages-browser)/./node_modules/axios/lib/adapters/xhr.js:73:66)\n    at Axios.request (webpack-internal:///(app-pages-browser)/./node_modules/axios/lib/core/Axios.js:57:41)\n    at async eval (webpack-internal:///(app-pages-browser)/./src/api/orders.ts:160:32)\n    at async makeRequest (webpack-internal:///(app-pages-browser)/./src/api/orders.ts:41:16)\n    at async Object.getOrderCount (webpack-internal:///(app-pages-browser)/./src/api/orders.ts:159:30)\n    at async Navigation.useEffect.fetchOrderCount (webpack-internal:///(app-pages-browser)/./src/components/layouts/customer-dashboard/navigation.tsx:81:43)",
  "status": 403,
  "url": "http://127.0.0.1:8000/orders/summary/",
  "method": "get",
  "response_data": {
    "detail": "Not authenticated"
  },
  "log_destination": "orders",
  "timestamp": "2025-03-20T13:10:11.303Z"
}
[2025-03-20T13:10:11.785Z] FRONTEND:ORDERS - ERROR: Order Error: Request failed with status code 403
  Details: {
  "stack": "AxiosError: Request failed with status code 403\n    at settle (webpack-internal:///(app-pages-browser)/./node_modules/axios/lib/core/settle.js:24:12)\n    at XMLHttpRequest.onloadend (webpack-internal:///(app-pages-browser)/./node_modules/axios/lib/adapters/xhr.js:73:66)\n    at Axios.request (webpack-internal:///(app-pages-browser)/./node_modules/axios/lib/core/Axios.js:57:41)\n    at async eval (webpack-internal:///(app-pages-browser)/./src/api/orders.ts:160:32)\n    at async makeRequest (webpack-internal:///(app-pages-browser)/./src/api/orders.ts:41:16)\n    at async Object.getOrderCount (webpack-internal:///(app-pages-browser)/./src/api/orders.ts:159:30)\n    at async Navigation.useEffect.fetchOrderCount (webpack-internal:///(app-pages-browser)/./src/components/layouts/customer-dashboard/navigation.tsx:81:43)",
  "status": 403,
  "url": "http://127.0.0.1:8000/orders/summary/",
  "method": "get",
  "response_data": {
    "detail": "Not authenticated"
  },
  "log_destination": "orders",
  "timestamp": "2025-03-20T13:10:11.785Z"
}
