[2025-04-19 17:31:41,874] INFO - SteamWebAPIClient initialized for base URL: https://api.steamwebapi.com
[2025-04-19 17:31:41,875] ERROR - Steam Web API Key not provided or found in environment variables.
[2025-04-19 17:31:41,877] INFO - SteamWebAPIClient initialized for base URL: https://api.steamwebapi.com
[2025-04-19 17:31:41,878] INFO - SteamWebAPIClient initialized for base URL: https://custom-api.example.com
[2025-04-19 17:31:41,879] INFO - SteamWebAPIClient initialized for base URL: https://api.steamwebapi.com
[2025-04-19 17:31:41,882] INFO - SteamWebAPIClient initialized for base URL: https://api.steamwebapi.com
[2025-04-19 17:31:41,882] INFO - Requesting GET https://api.steamwebapi.com/test/endpoint (Attempt 1/4)
[2025-04-19 17:31:42,008] INFO - SteamWebAPIClient initialized for base URL: https://api.steamwebapi.com
[2025-04-19 17:31:42,008] INFO - Requesting GET https://api.steamwebapi.com/test/endpoint (Attempt 1/4)
[2025-04-19 17:31:42,018] INFO - SteamWebAPIClient initialized for base URL: https://api.steamwebapi.com
[2025-04-19 17:31:42,018] INFO - Requesting GET https://api.steamwebapi.com/test/endpoint (Attempt 1/4)
[2025-04-19 17:31:42,028] INFO - SteamWebAPIClient initialized for base URL: https://api.steamwebapi.com
[2025-04-19 17:31:42,028] INFO - Requesting GET https://api.steamwebapi.com/test/endpoint (Attempt 1/4)
[2025-04-19 17:31:42,039] INFO - SteamWebAPIClient initialized for base URL: https://api.steamwebapi.com
[2025-04-19 17:31:42,039] INFO - Requesting GET https://api.steamwebapi.com/test/endpoint (Attempt 1/4)
[2025-04-19 17:31:42,049] INFO - SteamWebAPIClient initialized for base URL: https://api.steamwebapi.com
[2025-04-19 17:31:42,049] INFO - Requesting GET https://api.steamwebapi.com/test/endpoint (Attempt 1/4)
[2025-04-19 17:31:42,063] INFO - SteamWebAPIClient initialized for base URL: https://api.steamwebapi.com
[2025-04-19 17:31:42,063] INFO - Requesting GET https://api.steamwebapi.com/test/endpoint (Attempt 1/4)
[2025-04-19 17:31:42,077] INFO - SteamWebAPIClient initialized for base URL: https://api.steamwebapi.com
[2025-04-19 17:31:42,077] INFO - Requesting GET https://api.steamwebapi.com/test/endpoint (Attempt 1/4)
[2025-04-19 17:31:42,088] INFO - SteamWebAPIClient initialized for base URL: https://api.steamwebapi.com
[2025-04-19 17:31:42,088] INFO - Requesting GET https://api.steamwebapi.com/test/endpoint (Attempt 1/4)
[2025-04-19 17:31:42,098] INFO - SteamWebAPIClient initialized for base URL: https://api.steamwebapi.com
[2025-04-19 17:31:42,098] INFO - Requesting GET https://api.steamwebapi.com/test/endpoint (Attempt 1/4)
[2025-04-19 17:56:01,234] INFO - SteamWebAPIClient initialized for base URL: https://steamwebapi.com
[2025-04-19 17:57:23,757] INFO - SteamWebAPIClient initialized for base URL: https://steamwebapi.com
[2025-04-19 17:58:08,428] INFO - SteamWebAPIClient initialized for base URL: https://steamwebapi.com
[2025-04-19 17:58:08,635] INFO - Requesting GET https://steamwebapi.com/steam/api/items (Attempt 1/4)
[2025-04-19 17:59:28,188] INFO - SteamWebAPIClient initialized for base URL: https://steamwebapi.com
[2025-04-19 17:59:28,334] INFO - Requesting GET https://steamwebapi.com/steam/api/items (Attempt 1/4)
[2025-04-19 18:00:04,647] INFO - SteamWebAPIClient initialized for base URL: https://steamwebapi.com
[2025-04-19 18:00:04,722] INFO - Requesting GET https://steamwebapi.com/steam/api/items (Attempt 1/4)
[2025-04-19 18:00:28,986] INFO - SteamWebAPIClient initialized for base URL: https://steamwebapi.com
[2025-04-19 18:00:29,052] INFO - Requesting GET https://steamwebapi.com/steam/api/items (Attempt 1/4)
[2025-04-19 18:03:06,843] INFO - SteamWebAPIClient initialized for base URL: https://steamwebapi.com
[2025-04-19 18:03:06,934] INFO - Requesting GET https://steamwebapi.com/steam/api/items (Attempt 1/4)
[2025-04-19 18:03:20,812] INFO - SteamWebAPIClient initialized for base URL: https://steamwebapi.com
[2025-04-19 18:03:20,885] INFO - Requesting GET https://steamwebapi.com/steam/api/items (Attempt 1/4)
[2025-04-19 18:03:21,238] ERROR - HTTP Error 401 for https://steamwebapi.com/steam/api/items: {"status":401,"message":"API Key missing"}
[2025-04-19 18:03:21,238] ERROR - Non-retryable API error SteamAPIAuthenticationException (401) for https://steamwebapi.com/steam/api/items
[2025-04-19 18:07:58,610] INFO - SteamWebAPIClient initialized for base URL: https://steamwebapi.com
[2025-04-19 18:07:58,735] INFO - Requesting GET https://steamwebapi.com/steam/api/items (Attempt 1/4)
[2025-04-19 18:07:59,007] ERROR - HTTP Error 401 for https://steamwebapi.com/steam/api/items: {"status":401,"message":"API Key missing"}
[2025-04-19 18:07:59,007] ERROR - Non-retryable API error SteamAPIAuthenticationException (401) for https://steamwebapi.com/steam/api/items
[2025-04-19 18:08:39,092] INFO - SteamWebAPIClient initialized for base URL: https://steamwebapi.com
[2025-04-19 18:08:39,157] INFO - Requesting GET https://steamwebapi.com/steam/api/items (Attempt 1/4)
[2025-04-19 18:08:39,514] ERROR - HTTP Error 401 for https://steamwebapi.com/steam/api/items: {"status":401,"message":"API Key missing"}
[2025-04-19 18:08:39,514] ERROR - Non-retryable API error SteamAPIAuthenticationException (401) for https://steamwebapi.com/steam/api/items
[2025-05-26 13:53:37,970] INFO - SteamWebAPIClient initialized for base URL: https://steamwebapi.com
[2025-05-26 13:53:38,345] INFO - Requesting GET https://steamwebapi.com/steam/api/items (Attempt 1/4)
[2025-05-26 13:53:39,226] ERROR - HTTP Error 401 for https://steamwebapi.com/steam/api/items: {"status":401,"message":"API Key missing"}
[2025-05-26 13:53:39,226] ERROR - Non-retryable API error SteamAPIAuthenticationException (401) for https://steamwebapi.com/steam/api/items
[2025-05-26 13:53:39,290] INFO - SteamWebAPIClient initialized for base URL: https://steamwebapi.com
[2025-05-26 13:53:39,291] INFO - Requesting GET https://steamwebapi.com/steam/api/items/float (Attempt 1/4)
[2025-05-26 15:27:01,903] INFO - SteamWebAPIClient initialized for base URL: https://steamwebapi.com
[2025-05-26 15:27:02,026] INFO - Requesting GET https://steamwebapi.com/steam/api/profile (Attempt 1/4)
[2025-05-26 15:27:02,442] ERROR - HTTP Error 401 for https://steamwebapi.com/steam/api/profile: {"status":401,"message":"API Key missing"}
[2025-05-26 15:27:02,442] ERROR - Non-retryable API error SteamAPIAuthenticationException (401) for https://steamwebapi.com/steam/api/profile
[2025-05-26 15:29:24,345] INFO - SteamWebAPIClient initialized for base URL: https://steamwebapi.com
[2025-05-26 15:29:24,412] INFO - Requesting GET https://steamwebapi.com/steam/api/profile (Attempt 1/4)
[2025-05-26 15:29:24,713] ERROR - HTTP Error 401 for https://steamwebapi.com/steam/api/profile: {"status":401,"message":"API Key missing"}
[2025-05-26 15:29:24,713] ERROR - Non-retryable API error SteamAPIAuthenticationException (401) for https://steamwebapi.com/steam/api/profile
[2025-05-26 15:29:31,928] INFO - SteamWebAPIClient initialized for base URL: https://steamwebapi.com
[2025-05-26 15:29:32,006] INFO - Requesting GET https://steamwebapi.com/steam/api/profile (Attempt 1/4)
[2025-05-26 15:29:32,318] ERROR - HTTP Error 401 for https://steamwebapi.com/steam/api/profile: {"status":401,"message":"API Key missing"}
[2025-05-26 15:29:32,318] ERROR - Non-retryable API error SteamAPIAuthenticationException (401) for https://steamwebapi.com/steam/api/profile
[2025-05-26 15:29:36,679] INFO - SteamWebAPIClient initialized for base URL: https://steamwebapi.com
[2025-05-26 15:29:36,743] INFO - Requesting GET https://steamwebapi.com/steam/api/profile (Attempt 1/4)
[2025-05-26 15:29:37,053] ERROR - HTTP Error 401 for https://steamwebapi.com/steam/api/profile: {"status":401,"message":"API Key missing"}
[2025-05-26 15:29:37,053] ERROR - Non-retryable API error SteamAPIAuthenticationException (401) for https://steamwebapi.com/steam/api/profile
[2025-05-26 16:03:24,457] INFO - Using Steam API Key: LITU...1QC0
[2025-05-26 16:03:24,457] INFO - SteamWebAPIClient initialized for base URL: https://www.steamwebapi.com
[2025-05-26 16:03:24,546] INFO - Requesting GET https://www.steamwebapi.com/steam/api/profile (Attempt 1/4)
[2025-05-26 16:03:25,028] INFO - Successfully received response from GET https://www.steamwebapi.com/steam/api/profile
[2025-05-26 16:03:25,256] INFO - Using Steam API Key: LITU...1QC0
[2025-05-26 16:03:25,256] INFO - SteamWebAPIClient initialized for base URL: https://www.steamwebapi.com
[2025-05-26 16:03:25,257] INFO - Requesting GET https://www.steamwebapi.com/steam/api/profile (Attempt 1/4)
[2025-05-26 16:03:26,892] INFO - Using Steam API Key: LITU...1QC0
[2025-05-26 16:03:26,892] INFO - SteamWebAPIClient initialized for base URL: https://www.steamwebapi.com
[2025-05-26 16:03:26,893] INFO - Requesting GET https://www.steamwebapi.com/steam/api/profile (Attempt 1/4)
[2025-05-26 16:03:28,652] INFO - Successfully received response from GET https://www.steamwebapi.com/steam/api/profile
[2025-05-26 16:03:28,884] INFO - Using Steam API Key: LITU...1QC0
[2025-05-26 16:03:28,885] INFO - SteamWebAPIClient initialized for base URL: https://www.steamwebapi.com
[2025-05-26 16:03:28,942] INFO - Requesting GET https://www.steamwebapi.com/steam/api/inventory (Attempt 1/4)
[2025-05-26 16:03:30,554] INFO - Successfully received response from GET https://www.steamwebapi.com/steam/api/inventory
[2025-05-26 16:03:30,894] INFO - Using Steam API Key: LITU...1QC0
[2025-05-26 16:03:30,894] INFO - SteamWebAPIClient initialized for base URL: https://www.steamwebapi.com
[2025-05-26 16:03:30,895] INFO - Requesting GET https://www.steamwebapi.com/steam/api/inventory (Attempt 1/4)
[2025-05-26 16:03:31,476] INFO - Using Steam API Key: LITU...1QC0
[2025-05-26 16:03:31,476] INFO - SteamWebAPIClient initialized for base URL: https://www.steamwebapi.com
[2025-05-26 16:03:31,477] INFO - Requesting GET https://www.steamwebapi.com/steam/api/inventory (Attempt 1/4)
[2025-05-26 16:03:33,334] INFO - Successfully received response from GET https://www.steamwebapi.com/steam/api/inventory
[2025-05-26 16:03:33,549] INFO - Using Steam API Key: LITU...1QC0
[2025-05-26 16:03:33,549] INFO - SteamWebAPIClient initialized for base URL: https://www.steamwebapi.com
[2025-05-26 16:03:33,550] INFO - Requesting GET https://www.steamwebapi.com/steam/api/inventory (Attempt 1/4)
[2025-05-26 16:03:35,009] INFO - Successfully received response from GET https://www.steamwebapi.com/steam/api/inventory
[2025-05-26 16:03:35,329] INFO - Using Steam API Key: LITU...1QC0
[2025-05-26 16:03:35,329] INFO - SteamWebAPIClient initialized for base URL: https://www.steamwebapi.com
[2025-05-26 16:03:35,360] INFO - Requesting GET https://www.steamwebapi.com/steam/api/inventory (Attempt 1/4)
[2025-05-26 16:03:35,873] INFO - Using Steam API Key: LITU...1QC0
[2025-05-26 16:03:35,873] INFO - SteamWebAPIClient initialized for base URL: https://www.steamwebapi.com
[2025-05-26 16:03:35,874] INFO - Requesting GET https://www.steamwebapi.com/steam/api/inventory (Attempt 1/4)
[2025-05-26 16:03:36,438] INFO - Successfully received response from GET https://www.steamwebapi.com/steam/api/inventory
[2025-05-26 16:03:36,688] INFO - Using Steam API Key: LITU...1QC0
[2025-05-26 16:03:36,688] INFO - SteamWebAPIClient initialized for base URL: https://www.steamwebapi.com
[2025-05-26 16:03:36,689] INFO - Requesting GET https://www.steamwebapi.com/steam/api/inventory/eligibility (Attempt 1/4)
[2025-05-26 16:03:37,238] INFO - Using Steam API Key: LITU...1QC0
[2025-05-26 16:03:37,239] INFO - SteamWebAPIClient initialized for base URL: https://www.steamwebapi.com
[2025-05-26 16:03:37,239] INFO - Requesting GET https://www.steamwebapi.com/steam/api/inventory/eligibility (Attempt 1/4)
[2025-05-26 16:03:37,640] INFO - Using Steam API Key: LITU...1QC0
[2025-05-26 16:03:37,640] INFO - SteamWebAPIClient initialized for base URL: https://www.steamwebapi.com
[2025-05-26 16:03:37,640] INFO - Requesting GET https://www.steamwebapi.com/steam/api/inventory/eligibility (Attempt 1/4)
[2025-05-26 16:03:38,175] INFO - Using Steam API Key: LITU...1QC0
[2025-05-26 16:03:38,175] INFO - SteamWebAPIClient initialized for base URL: https://www.steamwebapi.com
[2025-05-26 16:03:38,176] INFO - Requesting GET https://www.steamwebapi.com/steam/api/inventory/privacy (Attempt 1/4)
[2025-05-26 16:03:38,732] INFO - Using Steam API Key: LITU...1QC0
[2025-05-26 16:03:38,732] INFO - SteamWebAPIClient initialized for base URL: https://www.steamwebapi.com
[2025-05-26 16:03:38,733] INFO - Requesting GET https://www.steamwebapi.com/steam/api/inventory/privacy (Attempt 1/4)
[2025-05-26 16:03:39,253] INFO - Using Steam API Key: LITU...1QC0
[2025-05-26 16:03:39,253] INFO - SteamWebAPIClient initialized for base URL: https://www.steamwebapi.com
[2025-05-26 16:03:39,253] INFO - Requesting GET https://www.steamwebapi.com/steam/api/inventory/privacy (Attempt 1/4)
[2025-05-26 16:03:39,762] INFO - Using Steam API Key: LITU...1QC0
[2025-05-26 16:03:39,762] INFO - SteamWebAPIClient initialized for base URL: https://www.steamwebapi.com
[2025-05-26 16:03:39,962] INFO - Using Steam API Key: LITU...1QC0
[2025-05-26 16:03:39,962] INFO - SteamWebAPIClient initialized for base URL: https://www.steamwebapi.com
[2025-05-26 16:03:40,189] INFO - Using Steam API Key: LITU...1QC0
[2025-05-26 16:03:40,189] INFO - SteamWebAPIClient initialized for base URL: https://www.steamwebapi.com
[2025-05-26 16:03:40,394] INFO - Using Steam API Key: LITU...1QC0
[2025-05-26 16:03:40,394] INFO - SteamWebAPIClient initialized for base URL: https://www.steamwebapi.com
[2025-05-26 16:03:40,680] INFO - Using Steam API Key: LITU...1QC0
[2025-05-26 16:03:40,680] INFO - SteamWebAPIClient initialized for base URL: https://www.steamwebapi.com
[2025-05-26 16:03:40,903] INFO - Using Steam API Key: LITU...1QC0
[2025-05-26 16:03:40,903] INFO - SteamWebAPIClient initialized for base URL: https://www.steamwebapi.com
[2025-05-26 16:05:16,736] INFO - Using Steam API Key: LITU...1QC0
[2025-05-26 16:05:16,736] INFO - SteamWebAPIClient initialized for base URL: https://www.steamwebapi.com
[2025-05-26 16:05:16,737] INFO - Requesting POST https://www.steamwebapi.com/steam/api/inventory/batch (Attempt 1/4)
[2025-05-26 16:06:55,378] INFO - Using Steam API Key: LITU...1QC0
[2025-05-26 16:06:55,378] INFO - SteamWebAPIClient initialized for base URL: https://www.steamwebapi.com
[2025-05-26 16:06:55,512] INFO - Requesting POST https://www.steamwebapi.com/steam/api/inventory/batch (Attempt 1/4)
[2025-05-26 16:07:02,182] INFO - Using Steam API Key: LITU...1QC0
[2025-05-26 16:07:02,183] INFO - SteamWebAPIClient initialized for base URL: https://www.steamwebapi.com
[2025-05-26 16:07:02,250] INFO - Requesting POST https://www.steamwebapi.com/steam/api/inventory/batch (Attempt 1/4)
[2025-05-26 16:07:35,071] INFO - Using Steam API Key: LITU...1QC0
[2025-05-26 16:07:35,071] INFO - SteamWebAPIClient initialized for base URL: https://www.steamwebapi.com
[2025-05-26 16:07:35,071] INFO - Requesting POST https://www.steamwebapi.com/steam/api/inventory/batch (Attempt 1/4)
[2025-05-26 16:14:49,311] INFO - Using Steam API Key: LITU...1QC0
[2025-05-26 16:14:49,311] INFO - SteamWebAPIClient initialized for base URL: https://www.steamwebapi.com
[2025-05-26 16:14:49,494] INFO - Requesting GET https://www.steamwebapi.com/steam/api/profile (Attempt 1/4)
[2025-05-26 16:14:49,940] INFO - Successfully received response from GET https://www.steamwebapi.com/steam/api/profile
[2025-05-26 16:15:13,064] INFO - Using Steam API Key: LITU...1QC0
[2025-05-26 16:15:13,064] INFO - SteamWebAPIClient initialized for base URL: https://www.steamwebapi.com
[2025-05-26 16:15:13,146] INFO - Requesting GET https://www.steamwebapi.com/steam/api/profile (Attempt 1/4)
[2025-05-26 16:15:20,926] INFO - Successfully received response from GET https://www.steamwebapi.com/steam/api/profile
[2025-05-26 16:15:39,255] INFO - Using Steam API Key: LITU...1QC0
[2025-05-26 16:15:39,255] INFO - SteamWebAPIClient initialized for base URL: https://www.steamwebapi.com
[2025-05-26 16:15:39,277] INFO - Requesting GET https://www.steamwebapi.com/steam/api/inventory/batch (Attempt 1/4)
[2025-05-26 16:15:43,392] INFO - Successfully received response from GET https://www.steamwebapi.com/steam/api/inventory/batch
[2025-05-26 16:16:02,967] INFO - Using Steam API Key: LITU...1QC0
[2025-05-26 16:16:02,968] INFO - SteamWebAPIClient initialized for base URL: https://www.steamwebapi.com
[2025-05-26 16:16:03,107] INFO - Requesting GET https://www.steamwebapi.com/steam/api/inventory (Attempt 1/4)
[2025-05-26 16:16:04,509] INFO - Successfully received response from GET https://www.steamwebapi.com/steam/api/inventory
[2025-05-26 16:16:12,185] INFO - Using Steam API Key: LITU...1QC0
[2025-05-26 16:16:12,185] INFO - SteamWebAPIClient initialized for base URL: https://www.steamwebapi.com
[2025-05-26 16:16:12,211] INFO - Requesting GET https://www.steamwebapi.com/steam/api/friendlist (Attempt 1/4)
[2025-05-26 16:16:44,880] INFO - Using Steam API Key: LITU...1QC0
[2025-05-26 16:16:44,881] INFO - SteamWebAPIClient initialized for base URL: https://www.steamwebapi.com
[2025-05-26 16:16:44,881] INFO - Requesting GET https://www.steamwebapi.com/steam/api/profile (Attempt 1/4)
[2025-05-26 16:16:46,370] INFO - Successfully received response from GET https://www.steamwebapi.com/steam/api/profile
[2025-05-26 16:16:46,371] INFO - Requesting GET https://www.steamwebapi.com/steam/api/friendlist (Attempt 1/4)
[2025-05-26 16:27:10,864] INFO - Using Steam API Key: LITU...1QC0
[2025-05-26 16:27:10,864] INFO - SteamWebAPIClient initialized for base URL: https://www.steamwebapi.com
[2025-05-26 16:27:10,981] INFO - Requesting GET https://www.steamwebapi.com/steam/api/profile (Attempt 1/4)
[2025-05-26 16:27:11,282] INFO - Successfully received response from GET https://www.steamwebapi.com/steam/api/profile
[2025-05-26 16:28:16,307] INFO - Using Steam API Key: LITU...1QC0
[2025-05-26 16:28:16,307] INFO - SteamWebAPIClient initialized for base URL: https://www.steamwebapi.com
[2025-05-26 16:28:16,429] INFO - Requesting GET https://www.steamwebapi.com/steam/api/profile (Attempt 1/4)
[2025-05-26 16:28:16,774] INFO - Successfully received response from GET https://www.steamwebapi.com/steam/api/profile
[2025-05-26 16:28:24,984] INFO - Using Steam API Key: LITU...1QC0
[2025-05-26 16:28:24,984] INFO - SteamWebAPIClient initialized for base URL: https://www.steamwebapi.com
[2025-05-26 16:28:25,048] INFO - Requesting GET https://www.steamwebapi.com/steam/api/profile (Attempt 1/4)
[2025-05-26 16:28:25,372] INFO - Successfully received response from GET https://www.steamwebapi.com/steam/api/profile
[2025-05-26 16:28:50,209] INFO - Using Steam API Key: LITU...1QC0
[2025-05-26 16:28:50,209] INFO - SteamWebAPIClient initialized for base URL: https://www.steamwebapi.com
[2025-05-26 16:28:50,228] INFO - Requesting GET https://www.steamwebapi.com/steam/api/profile (Attempt 1/4)
[2025-05-26 16:28:50,549] INFO - Successfully received response from GET https://www.steamwebapi.com/steam/api/profile
[2025-05-26 16:29:47,028] INFO - Using Steam API Key: LITU...1QC0
[2025-05-26 16:29:47,029] INFO - SteamWebAPIClient initialized for base URL: https://www.steamwebapi.com
[2025-05-26 16:29:47,239] INFO - Requesting GET https://www.steamwebapi.com/steam/api/profile (Attempt 1/4)
[2025-05-26 16:29:47,862] INFO - Successfully received response from GET https://www.steamwebapi.com/steam/api/profile
[2025-05-26 16:30:05,006] INFO - Using Steam API Key: LITU...1QC0
[2025-05-26 16:30:05,006] INFO - SteamWebAPIClient initialized for base URL: https://www.steamwebapi.com
[2025-05-26 16:30:05,079] INFO - Requesting GET https://www.steamwebapi.com/steam/api/friendlist (Attempt 1/4)
[2025-05-26 16:30:21,516] INFO - Using Steam API Key: LITU...1QC0
[2025-05-26 16:30:21,516] INFO - SteamWebAPIClient initialized for base URL: https://www.steamwebapi.com
[2025-05-26 16:30:21,517] INFO - Requesting GET https://www.steamwebapi.com/steam/api/inventory/batch (Attempt 1/4)
[2025-05-26 16:30:24,951] INFO - Successfully received response from GET https://www.steamwebapi.com/steam/api/inventory/batch
[2025-05-26 16:33:40,119] INFO - Using Steam API Key: LITU...1QC0
[2025-05-26 16:33:40,119] INFO - SteamWebAPIClient initialized for base URL: https://www.steamwebapi.com
[2025-05-26 16:33:40,264] INFO - Requesting GET https://www.steamwebapi.com/steam/api/profile (Attempt 1/4)
[2025-05-26 16:33:40,579] INFO - Successfully received response from GET https://www.steamwebapi.com/steam/api/profile
[2025-05-26 16:33:40,801] INFO - Using Steam API Key: LITU...1QC0
[2025-05-26 16:33:40,801] INFO - SteamWebAPIClient initialized for base URL: https://www.steamwebapi.com
[2025-05-26 16:33:40,803] INFO - Requesting GET https://www.steamwebapi.com/steam/api/profile (Attempt 1/4)
[2025-05-26 16:33:42,125] INFO - Using Steam API Key: LITU...1QC0
[2025-05-26 16:33:42,125] INFO - SteamWebAPIClient initialized for base URL: https://www.steamwebapi.com
[2025-05-26 16:33:42,126] INFO - Requesting GET https://www.steamwebapi.com/steam/api/profile (Attempt 1/4)
[2025-05-26 16:33:43,846] INFO - Successfully received response from GET https://www.steamwebapi.com/steam/api/profile
[2025-05-26 16:33:44,187] INFO - Using Steam API Key: LITU...1QC0
[2025-05-26 16:33:44,188] INFO - SteamWebAPIClient initialized for base URL: https://www.steamwebapi.com
[2025-05-26 16:33:44,189] INFO - Requesting GET https://www.steamwebapi.com/steam/api/inventory (Attempt 1/4)
[2025-05-26 16:33:45,547] INFO - Successfully received response from GET https://www.steamwebapi.com/steam/api/inventory
[2025-05-26 16:33:46,103] INFO - Using Steam API Key: LITU...1QC0
[2025-05-26 16:33:46,103] INFO - SteamWebAPIClient initialized for base URL: https://www.steamwebapi.com
[2025-05-26 16:33:46,178] INFO - Requesting GET https://www.steamwebapi.com/steam/api/inventory (Attempt 1/4)
[2025-05-26 16:33:46,867] INFO - Using Steam API Key: LITU...1QC0
[2025-05-26 16:33:46,867] INFO - SteamWebAPIClient initialized for base URL: https://www.steamwebapi.com
[2025-05-26 16:33:46,867] INFO - Requesting GET https://www.steamwebapi.com/steam/api/inventory (Attempt 1/4)
[2025-05-26 16:33:47,383] INFO - Successfully received response from GET https://www.steamwebapi.com/steam/api/inventory
[2025-05-26 16:33:47,663] INFO - Using Steam API Key: LITU...1QC0
[2025-05-26 16:33:47,663] INFO - SteamWebAPIClient initialized for base URL: https://www.steamwebapi.com
[2025-05-26 16:33:47,664] INFO - Requesting GET https://www.steamwebapi.com/steam/api/inventory (Attempt 1/4)
[2025-05-26 16:33:49,036] INFO - Successfully received response from GET https://www.steamwebapi.com/steam/api/inventory
[2025-05-26 16:33:49,445] INFO - Using Steam API Key: LITU...1QC0
[2025-05-26 16:33:49,445] INFO - SteamWebAPIClient initialized for base URL: https://www.steamwebapi.com
[2025-05-26 16:33:49,445] INFO - Requesting GET https://www.steamwebapi.com/steam/api/inventory (Attempt 1/4)
[2025-05-26 16:33:50,001] INFO - Using Steam API Key: LITU...1QC0
[2025-05-26 16:33:50,001] INFO - SteamWebAPIClient initialized for base URL: https://www.steamwebapi.com
[2025-05-26 16:33:50,001] INFO - Requesting GET https://www.steamwebapi.com/steam/api/inventory (Attempt 1/4)
[2025-05-26 16:33:50,528] INFO - Successfully received response from GET https://www.steamwebapi.com/steam/api/inventory
[2025-05-26 16:33:51,683] INFO - Using Steam API Key: LITU...1QC0
[2025-05-26 16:33:51,683] INFO - SteamWebAPIClient initialized for base URL: https://www.steamwebapi.com
[2025-05-26 16:33:51,758] INFO - Requesting GET https://www.steamwebapi.com/steam/api/inventory/privacy (Attempt 1/4)
[2025-05-26 16:33:52,323] INFO - Using Steam API Key: LITU...1QC0
[2025-05-26 16:33:52,323] INFO - SteamWebAPIClient initialized for base URL: https://www.steamwebapi.com
[2025-05-26 16:33:52,323] INFO - Requesting GET https://www.steamwebapi.com/steam/api/inventory/privacy (Attempt 1/4)
[2025-05-26 16:33:52,924] INFO - Using Steam API Key: LITU...1QC0
[2025-05-26 16:33:52,924] INFO - SteamWebAPIClient initialized for base URL: https://www.steamwebapi.com
[2025-05-26 16:33:52,924] INFO - Requesting GET https://www.steamwebapi.com/steam/api/inventory/privacy (Attempt 1/4)
[2025-05-26 16:33:53,507] INFO - Using Steam API Key: LITU...1QC0
[2025-05-26 16:33:53,507] INFO - SteamWebAPIClient initialized for base URL: https://www.steamwebapi.com
[2025-05-26 16:33:53,507] INFO - Requesting GET https://www.steamwebapi.com/steam/api/friendlist (Attempt 1/4)
[2025-05-26 16:33:54,380] INFO - Using Steam API Key: LITU...1QC0
[2025-05-26 16:33:54,381] INFO - SteamWebAPIClient initialized for base URL: https://www.steamwebapi.com
[2025-05-26 16:33:54,381] INFO - Requesting GET https://www.steamwebapi.com/steam/api/friendlist (Attempt 1/4)
[2025-05-26 16:33:55,867] INFO - Using Steam API Key: LITU...1QC0
[2025-05-26 16:33:55,867] INFO - SteamWebAPIClient initialized for base URL: https://www.steamwebapi.com
[2025-05-26 16:33:55,868] INFO - Requesting GET https://www.steamwebapi.com/steam/api/friendlist (Attempt 1/4)
[2025-05-26 16:33:57,343] INFO - Using Steam API Key: LITU...1QC0
[2025-05-26 16:33:57,343] INFO - SteamWebAPIClient initialized for base URL: https://www.steamwebapi.com
[2025-05-26 16:33:57,345] INFO - Requesting GET https://www.steamwebapi.com/steam/api/inventory/batch (Attempt 1/4)
[2025-05-26 16:33:59,935] INFO - Successfully received response from GET https://www.steamwebapi.com/steam/api/inventory/batch
[2025-05-26 16:34:00,524] INFO - Using Steam API Key: LITU...1QC0
[2025-05-26 16:34:00,524] INFO - SteamWebAPIClient initialized for base URL: https://www.steamwebapi.com
[2025-05-26 16:34:00,525] INFO - Requesting GET https://www.steamwebapi.com/steam/api/inventory/batch (Attempt 1/4)
[2025-05-26 16:34:01,141] INFO - Using Steam API Key: LITU...1QC0
[2025-05-26 16:34:01,141] INFO - SteamWebAPIClient initialized for base URL: https://www.steamwebapi.com
[2025-05-26 16:34:01,141] INFO - Requesting GET https://www.steamwebapi.com/steam/api/inventory/batch (Attempt 1/4)
[2025-05-26 16:36:23,378] INFO - Using Steam API Key: LITU...1QC0
[2025-05-26 16:36:23,378] INFO - SteamWebAPIClient initialized for base URL: https://www.steamwebapi.com
[2025-05-26 16:36:23,562] INFO - Requesting GET https://www.steamwebapi.com/steam/api/profile (Attempt 1/4)
[2025-05-26 16:36:24,407] INFO - Successfully received response from GET https://www.steamwebapi.com/steam/api/profile
[2025-05-26 16:36:31,920] INFO - Using Steam API Key: LITU...1QC0
[2025-05-26 16:36:31,920] INFO - SteamWebAPIClient initialized for base URL: https://www.steamwebapi.com
[2025-05-26 16:36:31,948] INFO - Requesting GET https://www.steamwebapi.com/steam/api/profile (Attempt 1/4)
[2025-05-26 16:36:37,433] INFO - Using Steam API Key: LITU...1QC0
[2025-05-26 16:36:37,434] INFO - SteamWebAPIClient initialized for base URL: https://www.steamwebapi.com
[2025-05-26 16:36:37,460] INFO - Requesting GET https://www.steamwebapi.com/steam/api/profile (Attempt 1/4)
[2025-05-26 16:36:39,824] INFO - Successfully received response from GET https://www.steamwebapi.com/steam/api/profile
[2025-05-26 16:36:40,179] INFO - Using Steam API Key: LITU...1QC0
[2025-05-26 16:36:40,179] INFO - SteamWebAPIClient initialized for base URL: https://www.steamwebapi.com
[2025-05-26 16:36:40,182] INFO - Requesting GET https://www.steamwebapi.com/steam/api/inventory (Attempt 1/4)
[2025-05-26 16:36:41,619] INFO - Successfully received response from GET https://www.steamwebapi.com/steam/api/inventory
[2025-05-26 16:36:42,029] INFO - Using Steam API Key: LITU...1QC0
[2025-05-26 16:36:42,029] INFO - SteamWebAPIClient initialized for base URL: https://www.steamwebapi.com
[2025-05-26 16:36:42,112] INFO - Requesting GET https://www.steamwebapi.com/steam/api/inventory (Attempt 1/4)
[2025-05-26 16:36:42,715] INFO - Using Steam API Key: LITU...1QC0
[2025-05-26 16:36:42,716] INFO - SteamWebAPIClient initialized for base URL: https://www.steamwebapi.com
[2025-05-26 16:36:42,717] INFO - Requesting GET https://www.steamwebapi.com/steam/api/inventory (Attempt 1/4)
[2025-05-26 16:36:43,274] INFO - Successfully received response from GET https://www.steamwebapi.com/steam/api/inventory
[2025-05-26 16:36:43,565] INFO - Using Steam API Key: LITU...1QC0
[2025-05-26 16:36:43,566] INFO - SteamWebAPIClient initialized for base URL: https://www.steamwebapi.com
[2025-05-26 16:36:43,566] INFO - Requesting GET https://www.steamwebapi.com/steam/api/inventory (Attempt 1/4)
[2025-05-26 16:36:44,927] INFO - Successfully received response from GET https://www.steamwebapi.com/steam/api/inventory
[2025-05-26 16:36:45,313] INFO - Using Steam API Key: LITU...1QC0
[2025-05-26 16:36:45,313] INFO - SteamWebAPIClient initialized for base URL: https://www.steamwebapi.com
[2025-05-26 16:36:45,313] INFO - Requesting GET https://www.steamwebapi.com/steam/api/inventory (Attempt 1/4)
[2025-05-26 16:36:45,906] INFO - Using Steam API Key: LITU...1QC0
[2025-05-26 16:36:45,906] INFO - SteamWebAPIClient initialized for base URL: https://www.steamwebapi.com
[2025-05-26 16:36:45,906] INFO - Requesting GET https://www.steamwebapi.com/steam/api/inventory (Attempt 1/4)
[2025-05-26 16:36:46,446] INFO - Successfully received response from GET https://www.steamwebapi.com/steam/api/inventory
[2025-05-26 16:36:46,748] INFO - Using Steam API Key: LITU...1QC0
[2025-05-26 16:36:46,748] INFO - SteamWebAPIClient initialized for base URL: https://www.steamwebapi.com
[2025-05-26 16:36:47,040] INFO - Using Steam API Key: LITU...1QC0
[2025-05-26 16:36:47,040] INFO - SteamWebAPIClient initialized for base URL: https://www.steamwebapi.com
[2025-05-26 16:36:47,282] INFO - Using Steam API Key: LITU...1QC0
[2025-05-26 16:36:47,282] INFO - SteamWebAPIClient initialized for base URL: https://www.steamwebapi.com
[2025-05-26 16:36:47,559] INFO - Using Steam API Key: LITU...1QC0
[2025-05-26 16:36:47,559] INFO - SteamWebAPIClient initialized for base URL: https://www.steamwebapi.com
[2025-05-26 16:36:47,587] INFO - Requesting GET https://www.steamwebapi.com/steam/api/inventory/privacy (Attempt 1/4)
[2025-05-26 16:36:48,219] INFO - Using Steam API Key: LITU...1QC0
[2025-05-26 16:36:48,220] INFO - SteamWebAPIClient initialized for base URL: https://www.steamwebapi.com
[2025-05-26 16:36:48,221] INFO - Requesting GET https://www.steamwebapi.com/steam/api/inventory/privacy (Attempt 1/4)
[2025-05-26 16:36:48,796] INFO - Using Steam API Key: LITU...1QC0
[2025-05-26 16:36:48,797] INFO - SteamWebAPIClient initialized for base URL: https://www.steamwebapi.com
[2025-05-26 16:36:48,798] INFO - Requesting GET https://www.steamwebapi.com/steam/api/inventory/privacy (Attempt 1/4)
[2025-05-26 16:36:49,342] INFO - Using Steam API Key: LITU...1QC0
[2025-05-26 16:36:49,342] INFO - SteamWebAPIClient initialized for base URL: https://www.steamwebapi.com
[2025-05-26 16:36:49,343] INFO - Requesting GET https://www.steamwebapi.com/steam/api/friendlist (Attempt 1/4)
[2025-05-26 16:36:50,335] INFO - Using Steam API Key: LITU...1QC0
[2025-05-26 16:36:50,336] INFO - SteamWebAPIClient initialized for base URL: https://www.steamwebapi.com
[2025-05-26 16:36:50,337] INFO - Requesting GET https://www.steamwebapi.com/steam/api/friendlist (Attempt 1/4)
[2025-05-26 16:36:51,349] INFO - Using Steam API Key: LITU...1QC0
[2025-05-26 16:36:51,350] INFO - SteamWebAPIClient initialized for base URL: https://www.steamwebapi.com
[2025-05-26 16:36:51,351] INFO - Requesting GET https://www.steamwebapi.com/steam/api/friendlist (Attempt 1/4)
[2025-05-26 16:36:52,240] INFO - Using Steam API Key: LITU...1QC0
[2025-05-26 16:36:52,240] INFO - SteamWebAPIClient initialized for base URL: https://www.steamwebapi.com
[2025-05-26 16:36:52,240] INFO - Requesting GET https://www.steamwebapi.com/steam/api/inventory/batch (Attempt 1/4)
[2025-05-26 16:36:54,055] INFO - Successfully received response from GET https://www.steamwebapi.com/steam/api/inventory/batch
[2025-05-26 16:36:54,527] INFO - Using Steam API Key: LITU...1QC0
[2025-05-26 16:36:54,527] INFO - SteamWebAPIClient initialized for base URL: https://www.steamwebapi.com
[2025-05-26 16:36:54,528] INFO - Requesting GET https://www.steamwebapi.com/steam/api/inventory/batch (Attempt 1/4)
[2025-05-26 16:36:55,137] INFO - Using Steam API Key: LITU...1QC0
[2025-05-26 16:36:55,137] INFO - SteamWebAPIClient initialized for base URL: https://www.steamwebapi.com
[2025-05-26 16:36:55,137] INFO - Requesting GET https://www.steamwebapi.com/steam/api/inventory/batch (Attempt 1/4)
[2025-05-26 16:38:09,100] INFO - Using Steam API Key: LITU...1QC0
[2025-05-26 16:38:09,100] INFO - SteamWebAPIClient initialized for base URL: https://www.steamwebapi.com
[2025-05-26 16:38:09,241] INFO - Requesting GET https://www.steamwebapi.com/steam/api/profile (Attempt 1/4)
[2025-05-26 16:38:21,761] INFO - Using Steam API Key: LITU...1QC0
[2025-05-26 16:38:21,761] INFO - SteamWebAPIClient initialized for base URL: https://www.steamwebapi.com
[2025-05-26 16:38:29,295] INFO - Using Steam API Key: LITU...1QC0
[2025-05-26 16:38:29,295] INFO - SteamWebAPIClient initialized for base URL: https://www.steamwebapi.com
[2025-05-26 16:38:29,316] INFO - Requesting GET https://www.steamwebapi.com/steam/api/profile (Attempt 1/4)
[2025-05-26 16:41:49,210] INFO - Using Steam API Key: LITU...1QC0
[2025-05-26 16:41:49,210] INFO - SteamWebAPIClient initialized for base URL: https://www.steamwebapi.com
[2025-05-26 16:41:49,281] INFO - Requesting GET https://www.steamwebapi.com/steam/api/profile (Attempt 1/4)
[2025-05-26 16:41:49,785] INFO - Successfully received response from GET https://www.steamwebapi.com/steam/api/profile
[2025-05-26 16:41:50,005] INFO - Using Steam API Key: LITU...1QC0
[2025-05-26 16:41:50,005] INFO - SteamWebAPIClient initialized for base URL: https://www.steamwebapi.com
[2025-05-26 16:41:50,006] INFO - Requesting GET https://www.steamwebapi.com/steam/api/profile (Attempt 1/4)
[2025-05-26 16:41:52,288] INFO - Using Steam API Key: LITU...1QC0
[2025-05-26 16:41:52,288] INFO - SteamWebAPIClient initialized for base URL: https://www.steamwebapi.com
[2025-05-26 16:41:52,289] INFO - Requesting GET https://www.steamwebapi.com/steam/api/profile (Attempt 1/4)
[2025-05-26 16:41:53,972] INFO - Using Steam API Key: LITU...1QC0
[2025-05-26 16:41:53,972] INFO - SteamWebAPIClient initialized for base URL: https://www.steamwebapi.com
[2025-05-26 16:41:54,045] INFO - Requesting GET https://www.steamwebapi.com/steam/api/inventory (Attempt 1/4)
[2025-05-26 16:41:55,410] INFO - Successfully received response from GET https://www.steamwebapi.com/steam/api/inventory
[2025-05-26 16:41:55,728] INFO - Using Steam API Key: LITU...1QC0
[2025-05-26 16:41:55,728] INFO - SteamWebAPIClient initialized for base URL: https://www.steamwebapi.com
[2025-05-26 16:41:55,731] INFO - Requesting GET https://www.steamwebapi.com/steam/api/inventory (Attempt 1/4)
[2025-05-26 16:41:56,413] INFO - Using Steam API Key: LITU...1QC0
[2025-05-26 16:41:56,413] INFO - SteamWebAPIClient initialized for base URL: https://www.steamwebapi.com
[2025-05-26 16:41:56,414] INFO - Requesting GET https://www.steamwebapi.com/steam/api/inventory (Attempt 1/4)
[2025-05-26 16:41:58,341] INFO - Using Steam API Key: LITU...1QC0
[2025-05-26 16:41:58,341] INFO - SteamWebAPIClient initialized for base URL: https://www.steamwebapi.com
[2025-05-26 16:41:58,342] INFO - Requesting GET https://www.steamwebapi.com/steam/api/inventory (Attempt 1/4)
[2025-05-26 16:41:59,725] INFO - Successfully received response from GET https://www.steamwebapi.com/steam/api/inventory
[2025-05-26 16:42:00,048] INFO - Using Steam API Key: LITU...1QC0
[2025-05-26 16:42:00,048] INFO - SteamWebAPIClient initialized for base URL: https://www.steamwebapi.com
[2025-05-26 16:42:00,112] INFO - Requesting GET https://www.steamwebapi.com/steam/api/inventory (Attempt 1/4)
[2025-05-26 16:42:00,667] INFO - Using Steam API Key: LITU...1QC0
[2025-05-26 16:42:00,667] INFO - SteamWebAPIClient initialized for base URL: https://www.steamwebapi.com
[2025-05-26 16:42:00,668] INFO - Requesting GET https://www.steamwebapi.com/steam/api/inventory (Attempt 1/4)
[2025-05-26 16:42:02,444] INFO - Using Steam API Key: LITU...1QC0
[2025-05-26 16:42:02,445] INFO - SteamWebAPIClient initialized for base URL: https://www.steamwebapi.com
[2025-05-26 16:42:02,445] INFO - Requesting GET https://www.steamwebapi.com/steam/api/profile (Attempt 1/4)
[2025-05-26 16:42:02,788] INFO - Successfully received response from GET https://www.steamwebapi.com/steam/api/profile
[2025-05-26 16:42:03,013] INFO - Using Steam API Key: LITU...1QC0
[2025-05-26 16:42:03,014] INFO - SteamWebAPIClient initialized for base URL: https://www.steamwebapi.com
[2025-05-26 16:42:03,241] INFO - Using Steam API Key: LITU...1QC0
[2025-05-26 16:42:03,241] INFO - SteamWebAPIClient initialized for base URL: https://www.steamwebapi.com
[2025-05-26 16:42:03,241] INFO - Requesting GET https://www.steamwebapi.com/steam/api/profile (Attempt 1/4)
[2025-05-26 16:42:05,237] INFO - Using Steam API Key: LITU...1QC0
[2025-05-26 16:42:05,237] INFO - SteamWebAPIClient initialized for base URL: https://www.steamwebapi.com
[2025-05-26 16:42:05,313] INFO - Requesting GET https://www.steamwebapi.com/steam/api/inventory/privacy (Attempt 1/4)
[2025-05-26 16:42:05,816] INFO - Using Steam API Key: LITU...1QC0
[2025-05-26 16:42:05,816] INFO - SteamWebAPIClient initialized for base URL: https://www.steamwebapi.com
[2025-05-26 16:42:05,817] INFO - Requesting GET https://www.steamwebapi.com/steam/api/inventory/privacy (Attempt 1/4)
[2025-05-26 16:42:06,319] INFO - Using Steam API Key: LITU...1QC0
[2025-05-26 16:42:06,320] INFO - SteamWebAPIClient initialized for base URL: https://www.steamwebapi.com
[2025-05-26 16:42:06,320] INFO - Requesting GET https://www.steamwebapi.com/steam/api/inventory/privacy (Attempt 1/4)
[2025-05-26 16:42:06,863] INFO - Using Steam API Key: LITU...1QC0
[2025-05-26 16:42:06,863] INFO - SteamWebAPIClient initialized for base URL: https://www.steamwebapi.com
[2025-05-26 16:42:06,863] INFO - Requesting GET https://www.steamwebapi.com/steam/api/friendlist (Attempt 1/4)
[2025-05-26 16:42:07,689] INFO - Using Steam API Key: LITU...1QC0
[2025-05-26 16:42:07,690] INFO - SteamWebAPIClient initialized for base URL: https://www.steamwebapi.com
[2025-05-26 16:42:07,690] INFO - Requesting GET https://www.steamwebapi.com/steam/api/friendlist (Attempt 1/4)
[2025-05-26 16:42:08,489] INFO - Using Steam API Key: LITU...1QC0
[2025-05-26 16:42:08,489] INFO - SteamWebAPIClient initialized for base URL: https://www.steamwebapi.com
[2025-05-26 16:42:08,490] INFO - Requesting GET https://www.steamwebapi.com/steam/api/friendlist (Attempt 1/4)
[2025-05-26 16:42:09,302] INFO - Using Steam API Key: LITU...1QC0
[2025-05-26 16:42:09,303] INFO - SteamWebAPIClient initialized for base URL: https://www.steamwebapi.com
[2025-05-26 16:42:09,303] INFO - Requesting GET https://www.steamwebapi.com/steam/api/inventory (Attempt 1/4)
[2025-05-26 16:42:10,704] INFO - Successfully received response from GET https://www.steamwebapi.com/steam/api/inventory
[2025-05-26 16:42:10,882] INFO - Requesting GET https://www.steamwebapi.com/steam/api/inventory (Attempt 1/4)
[2025-05-26 16:42:11,478] INFO - Successfully received response from GET https://www.steamwebapi.com/steam/api/inventory
[2025-05-26 16:42:11,826] INFO - Using Steam API Key: LITU...1QC0
[2025-05-26 16:42:11,826] INFO - SteamWebAPIClient initialized for base URL: https://www.steamwebapi.com
[2025-05-26 16:42:12,045] INFO - Using Steam API Key: LITU...1QC0
[2025-05-26 16:42:12,045] INFO - SteamWebAPIClient initialized for base URL: https://www.steamwebapi.com
[2025-05-26 16:42:12,045] INFO - Requesting GET https://www.steamwebapi.com/steam/api/inventory (Attempt 1/4)
[2025-05-26 16:42:13,383] INFO - Successfully received response from GET https://www.steamwebapi.com/steam/api/inventory
[2025-05-26 16:42:13,496] INFO - Requesting GET https://www.steamwebapi.com/steam/api/inventory (Attempt 1/4)
[2025-05-26 16:45:01,184] INFO - Using Steam API Key: LITU...1QC0
[2025-05-26 16:45:01,184] INFO - SteamWebAPIClient initialized for base URL: https://www.steamwebapi.com
[2025-05-26 16:45:01,377] INFO - Requesting GET https://www.steamwebapi.com/steam/api/profile (Attempt 1/4)
[2025-05-26 16:45:01,682] INFO - Successfully received response from GET https://www.steamwebapi.com/steam/api/profile
[2025-05-26 16:45:10,368] INFO - Using Steam API Key: LITU...1QC0
[2025-05-26 16:45:10,368] INFO - SteamWebAPIClient initialized for base URL: https://www.steamwebapi.com
[2025-05-26 16:45:10,453] INFO - Requesting GET https://www.steamwebapi.com/steam/api/profile (Attempt 1/4)
[2025-05-26 16:45:12,096] INFO - Using Steam API Key: LITU...1QC0
[2025-05-26 16:45:12,096] INFO - SteamWebAPIClient initialized for base URL: https://www.steamwebapi.com
[2025-05-26 16:45:12,097] INFO - Requesting GET https://www.steamwebapi.com/steam/api/profile (Attempt 1/4)
[2025-05-26 16:45:14,441] INFO - Using Steam API Key: LITU...1QC0
[2025-05-26 16:45:14,441] INFO - SteamWebAPIClient initialized for base URL: https://www.steamwebapi.com
[2025-05-26 16:45:14,442] INFO - Requesting GET https://www.steamwebapi.com/steam/api/inventory (Attempt 1/4)
[2025-05-26 16:45:15,732] INFO - Successfully received response from GET https://www.steamwebapi.com/steam/api/inventory
[2025-05-26 16:53:15,268] INFO - Using Steam API Key: LITU...1QC0
[2025-05-26 16:53:15,268] INFO - SteamWebAPIClient initialized for base URL: https://www.steamwebapi.com
[2025-05-26 16:53:15,270] INFO - Requesting GET https://www.steamwebapi.com/steam/api/profile (Attempt 1/4)
[2025-05-26 16:53:15,735] INFO - Successfully received response from GET https://www.steamwebapi.com/steam/api/profile
[2025-05-26 16:56:22,174] INFO - Using Steam API Key: LITU...1QC0
[2025-05-26 16:56:22,174] INFO - SteamWebAPIClient initialized for base URL: https://www.steamwebapi.com
[2025-05-26 16:56:22,175] INFO - Requesting GET https://www.steamwebapi.com/steam/api/profile (Attempt 1/4)
[2025-05-26 16:56:22,510] INFO - Successfully received response from GET https://www.steamwebapi.com/steam/api/profile
[2025-05-26 17:05:54,415] INFO - Using Steam API Key: LITU...1QC0
[2025-05-26 17:05:54,416] INFO - SteamWebAPIClient initialized for base URL: https://www.steamwebapi.com
[2025-05-26 17:05:54,418] INFO - Requesting GET https://www.steamwebapi.com/steam/api/profile (Attempt 1/4)
[2025-05-26 17:05:54,875] INFO - Successfully received response from GET https://www.steamwebapi.com/steam/api/profile
[2025-05-26 17:05:55,098] INFO - Using Steam API Key: LITU...1QC0
[2025-05-26 17:05:55,099] INFO - SteamWebAPIClient initialized for base URL: https://www.steamwebapi.com
[2025-05-26 17:05:55,099] INFO - Requesting GET https://www.steamwebapi.com/steam/api/profile (Attempt 1/4)
[2025-05-26 17:05:58,528] INFO - Using Steam API Key: LITU...1QC0
[2025-05-26 17:05:58,528] INFO - SteamWebAPIClient initialized for base URL: https://www.steamwebapi.com
[2025-05-26 17:05:58,528] INFO - Requesting GET https://www.steamwebapi.com/steam/api/profile (Attempt 1/4)
[2025-05-26 17:06:00,954] INFO - Using Steam API Key: LITU...1QC0
[2025-05-26 17:06:00,954] INFO - SteamWebAPIClient initialized for base URL: https://www.steamwebapi.com
[2025-05-26 17:06:00,956] INFO - Requesting GET https://www.steamwebapi.com/steam/api/inventory (Attempt 1/4)
[2025-05-26 17:06:02,625] INFO - Successfully received response from GET https://www.steamwebapi.com/steam/api/inventory
[2025-05-26 17:06:58,817] INFO - Using Steam API Key: LITU...1QC0
[2025-05-26 17:06:58,817] INFO - SteamWebAPIClient initialized for base URL: https://www.steamwebapi.com
[2025-05-26 17:06:58,818] INFO - Requesting GET https://www.steamwebapi.com/steam/api/profile (Attempt 1/4)
[2025-05-26 17:06:59,152] INFO - Successfully received response from GET https://www.steamwebapi.com/steam/api/profile
[2025-05-26 17:06:59,397] INFO - Using Steam API Key: LITU...1QC0
[2025-05-26 17:06:59,397] INFO - SteamWebAPIClient initialized for base URL: https://www.steamwebapi.com
[2025-05-26 17:06:59,398] INFO - Requesting GET https://www.steamwebapi.com/steam/api/profile (Attempt 1/4)
[2025-05-26 17:07:01,167] INFO - Using Steam API Key: LITU...1QC0
[2025-05-26 17:07:01,167] INFO - SteamWebAPIClient initialized for base URL: https://www.steamwebapi.com
[2025-05-26 17:07:01,168] INFO - Requesting GET https://www.steamwebapi.com/steam/api/profile (Attempt 1/4)
[2025-05-26 17:07:03,078] INFO - Using Steam API Key: LITU...1QC0
[2025-05-26 17:07:03,078] INFO - SteamWebAPIClient initialized for base URL: https://www.steamwebapi.com
[2025-05-26 17:07:03,079] INFO - Requesting GET https://www.steamwebapi.com/steam/api/inventory (Attempt 1/4)
[2025-05-26 17:07:04,514] INFO - Successfully received response from GET https://www.steamwebapi.com/steam/api/inventory
[2025-05-26 17:12:36,432] INFO - Using Steam API Key: LITU...1QC0
[2025-05-26 17:12:36,432] INFO - SteamWebAPIClient initialized for base URL: https://www.steamwebapi.com
[2025-05-26 17:12:36,433] INFO - Requesting GET https://www.steamwebapi.com/steam/api/profile (Attempt 1/4)
[2025-05-26 17:12:37,274] INFO - Successfully received response from GET https://www.steamwebapi.com/steam/api/profile
[2025-05-26 17:12:37,546] INFO - Using Steam API Key: LITU...1QC0
[2025-05-26 17:12:37,546] INFO - SteamWebAPIClient initialized for base URL: https://www.steamwebapi.com
[2025-05-26 17:12:37,546] INFO - Requesting GET https://www.steamwebapi.com/steam/api/profile (Attempt 1/4)
[2025-05-26 17:12:39,546] INFO - Using Steam API Key: LITU...1QC0
[2025-05-26 17:12:39,546] INFO - SteamWebAPIClient initialized for base URL: https://www.steamwebapi.com
[2025-05-26 17:12:39,547] INFO - Requesting GET https://www.steamwebapi.com/steam/api/profile (Attempt 1/4)
[2025-05-26 17:12:41,531] INFO - Using Steam API Key: LITU...1QC0
[2025-05-26 17:12:41,531] INFO - SteamWebAPIClient initialized for base URL: https://www.steamwebapi.com
[2025-05-26 17:12:41,532] INFO - Requesting GET https://www.steamwebapi.com/steam/api/inventory (Attempt 1/4)
[2025-05-26 17:12:42,879] INFO - Successfully received response from GET https://www.steamwebapi.com/steam/api/inventory
[2025-05-26 17:14:13,046] INFO - Using Steam API Key: LITU...1QC0
[2025-05-26 17:14:13,047] INFO - SteamWebAPIClient initialized for base URL: https://www.steamwebapi.com
[2025-05-26 17:14:13,047] INFO - Requesting GET https://www.steamwebapi.com/steam/api/profile (Attempt 1/4)
[2025-05-26 17:14:13,366] INFO - Successfully received response from GET https://www.steamwebapi.com/steam/api/profile
[2025-05-26 17:14:20,815] INFO - Using Steam API Key: LITU...1QC0
[2025-05-26 17:14:20,816] INFO - SteamWebAPIClient initialized for base URL: https://www.steamwebapi.com
[2025-05-26 17:14:20,816] INFO - Requesting GET https://www.steamwebapi.com/steam/api/profile (Attempt 1/4)
[2025-05-26 17:14:22,408] INFO - Using Steam API Key: LITU...1QC0
[2025-05-26 17:14:22,408] INFO - SteamWebAPIClient initialized for base URL: https://www.steamwebapi.com
[2025-05-26 17:14:22,409] INFO - Requesting GET https://www.steamwebapi.com/steam/api/profile (Attempt 1/4)
[2025-05-26 17:14:23,668] INFO - Using Steam API Key: LITU...1QC0
[2025-05-26 17:14:23,669] INFO - SteamWebAPIClient initialized for base URL: https://www.steamwebapi.com
[2025-05-26 17:14:23,669] INFO - Requesting GET https://www.steamwebapi.com/steam/api/inventory (Attempt 1/4)
[2025-05-26 17:14:25,168] INFO - Successfully received response from GET https://www.steamwebapi.com/steam/api/inventory
[2025-05-26 17:16:32,181] INFO - Using Steam API Key: LITU...1QC0
[2025-05-26 17:16:32,181] INFO - SteamWebAPIClient initialized for base URL: https://www.steamwebapi.com
[2025-05-26 17:16:32,182] INFO - Requesting GET https://www.steamwebapi.com/steam/api/profile (Attempt 1/4)
[2025-05-26 17:16:32,512] INFO - Successfully received response from GET https://www.steamwebapi.com/steam/api/profile
[2025-05-26 17:16:32,727] INFO - Using Steam API Key: LITU...1QC0
[2025-05-26 17:16:32,728] INFO - SteamWebAPIClient initialized for base URL: https://www.steamwebapi.com
[2025-05-26 17:16:32,728] INFO - Requesting GET https://www.steamwebapi.com/steam/api/profile (Attempt 1/4)
[2025-05-26 17:16:34,656] INFO - Using Steam API Key: LITU...1QC0
[2025-05-26 17:16:34,657] INFO - SteamWebAPIClient initialized for base URL: https://www.steamwebapi.com
[2025-05-26 17:16:34,657] INFO - Requesting GET https://www.steamwebapi.com/steam/api/profile (Attempt 1/4)
[2025-05-26 17:16:36,313] INFO - Using Steam API Key: LITU...1QC0
[2025-05-26 17:16:36,313] INFO - SteamWebAPIClient initialized for base URL: https://www.steamwebapi.com
[2025-05-26 17:16:36,313] INFO - Requesting GET https://www.steamwebapi.com/steam/api/inventory (Attempt 1/4)
[2025-05-26 17:16:37,699] INFO - Successfully received response from GET https://www.steamwebapi.com/steam/api/inventory
[2025-05-26 17:17:12,634] INFO - Using Steam API Key: LITU...1QC0
[2025-05-26 17:17:12,634] INFO - SteamWebAPIClient initialized for base URL: https://www.steamwebapi.com
[2025-05-26 17:17:12,635] INFO - Requesting GET https://www.steamwebapi.com/steam/api/profile (Attempt 1/4)
[2025-05-26 17:17:12,967] INFO - Successfully received response from GET https://www.steamwebapi.com/steam/api/profile
[2025-05-26 17:17:16,423] INFO - Using Steam API Key: LITU...1QC0
[2025-05-26 17:17:16,423] INFO - SteamWebAPIClient initialized for base URL: https://www.steamwebapi.com
[2025-05-26 17:17:16,424] INFO - Requesting GET https://www.steamwebapi.com/steam/api/profile (Attempt 1/4)
[2025-05-26 17:17:18,538] INFO - Using Steam API Key: LITU...1QC0
[2025-05-26 17:17:18,538] INFO - SteamWebAPIClient initialized for base URL: https://www.steamwebapi.com
[2025-05-26 17:17:18,539] INFO - Requesting GET https://www.steamwebapi.com/steam/api/profile (Attempt 1/4)
[2025-05-26 17:17:20,462] INFO - Using Steam API Key: LITU...1QC0
[2025-05-26 17:17:20,462] INFO - SteamWebAPIClient initialized for base URL: https://www.steamwebapi.com
[2025-05-26 17:17:20,463] INFO - Requesting GET https://www.steamwebapi.com/steam/api/inventory (Attempt 1/4)
[2025-05-26 17:17:21,862] INFO - Successfully received response from GET https://www.steamwebapi.com/steam/api/inventory
[2025-05-26 17:18:30,889] INFO - Using Steam API Key: LITU...1QC0
[2025-05-26 17:18:30,889] INFO - SteamWebAPIClient initialized for base URL: https://www.steamwebapi.com
[2025-05-26 17:18:30,890] INFO - Requesting GET https://www.steamwebapi.com/steam/api/profile (Attempt 1/4)
[2025-05-26 17:18:31,355] INFO - Successfully received response from GET https://www.steamwebapi.com/steam/api/profile
[2025-05-26 17:20:51,844] INFO - Using Steam API Key: LITU...1QC0
[2025-05-26 17:20:51,844] INFO - SteamWebAPIClient initialized for base URL: https://www.steamwebapi.com
[2025-05-26 17:20:51,845] INFO - Requesting GET https://www.steamwebapi.com/steam/api/profile (Attempt 1/4)
[2025-05-26 17:20:52,145] INFO - Successfully received response from GET https://www.steamwebapi.com/steam/api/profile
[2025-05-26 17:20:58,733] INFO - Using Steam API Key: LITU...1QC0
[2025-05-26 17:20:58,734] INFO - SteamWebAPIClient initialized for base URL: https://www.steamwebapi.com
[2025-05-26 17:20:58,735] INFO - Requesting GET https://www.steamwebapi.com/steam/api/profile (Attempt 1/4)
[2025-05-26 17:21:00,458] INFO - Using Steam API Key: LITU...1QC0
[2025-05-26 17:21:00,458] INFO - SteamWebAPIClient initialized for base URL: https://www.steamwebapi.com
[2025-05-26 17:21:00,458] INFO - Requesting GET https://www.steamwebapi.com/steam/api/profile (Attempt 1/4)
[2025-05-26 17:21:01,864] INFO - Using Steam API Key: LITU...1QC0
[2025-05-26 17:21:01,864] INFO - SteamWebAPIClient initialized for base URL: https://www.steamwebapi.com
[2025-05-26 17:21:01,864] INFO - Requesting GET https://www.steamwebapi.com/steam/api/inventory (Attempt 1/4)
[2025-05-26 17:21:03,243] INFO - Successfully received response from GET https://www.steamwebapi.com/steam/api/inventory
[2025-05-26 17:21:04,579] INFO - Using Steam API Key: LITU...1QC0
[2025-05-26 17:21:04,579] INFO - SteamWebAPIClient initialized for base URL: https://www.steamwebapi.com
[2025-05-26 17:21:04,781] INFO - Using Steam API Key: LITU...1QC0
[2025-05-26 17:21:04,781] INFO - SteamWebAPIClient initialized for base URL: https://www.steamwebapi.com
[2025-05-26 17:21:04,781] INFO - Requesting GET https://www.steamwebapi.com/steam/api/inventory (Attempt 1/4)
[2025-05-26 17:21:06,176] INFO - Using Steam API Key: LITU...1QC0
[2025-05-26 17:21:06,176] INFO - SteamWebAPIClient initialized for base URL: https://www.steamwebapi.com
[2025-05-26 17:21:06,177] INFO - Requesting GET https://www.steamwebapi.com/steam/api/inventory (Attempt 1/4)
[2025-05-26 17:21:07,774] INFO - Successfully received response from GET https://www.steamwebapi.com/steam/api/inventory
[2025-05-26 17:21:09,034] INFO - Using Steam API Key: LITU...1QC0
[2025-05-26 17:21:09,034] INFO - SteamWebAPIClient initialized for base URL: https://www.steamwebapi.com
[2025-05-26 17:21:09,270] INFO - Using Steam API Key: LITU...1QC0
[2025-05-26 17:21:09,270] INFO - SteamWebAPIClient initialized for base URL: https://www.steamwebapi.com
[2025-05-26 17:21:09,271] INFO - Requesting GET https://www.steamwebapi.com/steam/api/inventory (Attempt 1/4)
[2025-05-26 17:21:11,026] INFO - Using Steam API Key: LITU...1QC0
[2025-05-26 17:21:11,026] INFO - SteamWebAPIClient initialized for base URL: https://www.steamwebapi.com
[2025-05-26 17:21:11,026] INFO - Requesting GET https://www.steamwebapi.com/steam/api/profile (Attempt 1/4)
[2025-05-26 17:21:11,360] INFO - Successfully received response from GET https://www.steamwebapi.com/steam/api/profile
[2025-05-26 17:21:11,570] INFO - Using Steam API Key: LITU...1QC0
[2025-05-26 17:21:11,570] INFO - SteamWebAPIClient initialized for base URL: https://www.steamwebapi.com
[2025-05-26 17:21:11,772] INFO - Using Steam API Key: LITU...1QC0
[2025-05-26 17:21:11,773] INFO - SteamWebAPIClient initialized for base URL: https://www.steamwebapi.com
[2025-05-26 17:21:11,773] INFO - Requesting GET https://www.steamwebapi.com/steam/api/profile (Attempt 1/4)
[2025-05-26 17:21:13,308] INFO - Using Steam API Key: LITU...1QC0
[2025-05-26 17:21:13,308] INFO - SteamWebAPIClient initialized for base URL: https://www.steamwebapi.com
[2025-05-26 17:21:13,309] INFO - Requesting GET https://www.steamwebapi.com/steam/api/profile (Attempt 1/4)
[2025-05-26 17:21:13,628] INFO - Successfully received response from GET https://www.steamwebapi.com/steam/api/profile
[2025-05-26 17:21:33,178] INFO - Using Steam API Key: LITU...1QC0
[2025-05-26 17:21:33,179] INFO - SteamWebAPIClient initialized for base URL: https://www.steamwebapi.com
[2025-05-26 17:21:33,179] INFO - Requesting GET https://www.steamwebapi.com/steam/api/profile (Attempt 1/4)
[2025-05-26 17:21:33,520] INFO - Successfully received response from GET https://www.steamwebapi.com/steam/api/profile
[2025-05-26 17:21:40,626] INFO - Using Steam API Key: LITU...1QC0
[2025-05-26 17:21:40,626] INFO - SteamWebAPIClient initialized for base URL: https://www.steamwebapi.com
[2025-05-26 17:21:40,627] INFO - Requesting GET https://www.steamwebapi.com/steam/api/profile (Attempt 1/4)
[2025-05-26 17:21:42,675] INFO - Using Steam API Key: LITU...1QC0
[2025-05-26 17:21:42,675] INFO - SteamWebAPIClient initialized for base URL: https://www.steamwebapi.com
[2025-05-26 17:21:42,676] INFO - Requesting GET https://www.steamwebapi.com/steam/api/profile (Attempt 1/4)
[2025-05-26 17:21:45,292] INFO - Using Steam API Key: LITU...1QC0
[2025-05-26 17:21:45,292] INFO - SteamWebAPIClient initialized for base URL: https://www.steamwebapi.com
[2025-05-26 17:21:45,293] INFO - Requesting GET https://www.steamwebapi.com/steam/api/inventory (Attempt 1/4)
[2025-05-26 17:21:46,674] INFO - Successfully received response from GET https://www.steamwebapi.com/steam/api/inventory
[2025-05-26 17:21:47,866] INFO - Using Steam API Key: LITU...1QC0
[2025-05-26 17:21:47,866] INFO - SteamWebAPIClient initialized for base URL: https://www.steamwebapi.com
[2025-05-26 17:21:48,070] INFO - Using Steam API Key: LITU...1QC0
[2025-05-26 17:21:48,070] INFO - SteamWebAPIClient initialized for base URL: https://www.steamwebapi.com
[2025-05-26 17:21:48,072] INFO - Requesting GET https://www.steamwebapi.com/steam/api/inventory (Attempt 1/4)
[2025-05-26 17:21:49,931] INFO - Using Steam API Key: LITU...1QC0
[2025-05-26 17:21:49,931] INFO - SteamWebAPIClient initialized for base URL: https://www.steamwebapi.com
[2025-05-26 17:21:49,932] INFO - Requesting GET https://www.steamwebapi.com/steam/api/inventory (Attempt 1/4)
[2025-05-26 17:21:51,502] INFO - Successfully received response from GET https://www.steamwebapi.com/steam/api/inventory
[2025-05-26 17:21:52,918] INFO - Using Steam API Key: LITU...1QC0
[2025-05-26 17:21:52,918] INFO - SteamWebAPIClient initialized for base URL: https://www.steamwebapi.com
[2025-05-26 17:21:53,117] INFO - Using Steam API Key: LITU...1QC0
[2025-05-26 17:21:53,117] INFO - SteamWebAPIClient initialized for base URL: https://www.steamwebapi.com
[2025-05-26 17:21:53,117] INFO - Requesting GET https://www.steamwebapi.com/steam/api/inventory (Attempt 1/4)
[2025-05-26 17:22:12,743] INFO - Using Steam API Key: LITU...1QC0
[2025-05-26 17:22:12,743] INFO - SteamWebAPIClient initialized for base URL: https://www.steamwebapi.com
[2025-05-26 17:22:12,744] INFO - Requesting GET https://www.steamwebapi.com/steam/api/profile (Attempt 1/4)
[2025-05-26 17:22:13,066] INFO - Successfully received response from GET https://www.steamwebapi.com/steam/api/profile
[2025-05-26 17:22:13,271] INFO - Using Steam API Key: LITU...1QC0
[2025-05-26 17:22:13,271] INFO - SteamWebAPIClient initialized for base URL: https://www.steamwebapi.com
[2025-05-26 17:22:13,481] INFO - Using Steam API Key: LITU...1QC0
[2025-05-26 17:22:13,481] INFO - SteamWebAPIClient initialized for base URL: https://www.steamwebapi.com
[2025-05-26 17:22:13,482] INFO - Requesting GET https://www.steamwebapi.com/steam/api/profile (Attempt 1/4)
[2025-05-26 17:22:16,903] INFO - Using Steam API Key: LITU...1QC0
[2025-05-26 17:22:16,903] INFO - SteamWebAPIClient initialized for base URL: https://www.steamwebapi.com
[2025-05-26 17:22:16,903] INFO - Requesting GET https://www.steamwebapi.com/steam/api/profile (Attempt 1/4)
[2025-05-26 17:22:17,402] INFO - Successfully received response from GET https://www.steamwebapi.com/steam/api/profile
[2025-05-26 17:22:17,614] INFO - Using Steam API Key: LITU...1QC0
[2025-05-26 17:22:17,614] INFO - SteamWebAPIClient initialized for base URL: https://www.steamwebapi.com
[2025-05-26 17:22:17,833] INFO - Using Steam API Key: LITU...1QC0
[2025-05-26 17:22:17,833] INFO - SteamWebAPIClient initialized for base URL: https://www.steamwebapi.com
[2025-05-26 17:22:17,833] INFO - Requesting GET https://www.steamwebapi.com/steam/api/profile (Attempt 1/4)
[2025-05-26 17:22:19,818] INFO - Using Steam API Key: LITU...1QC0
[2025-05-26 17:22:19,818] INFO - SteamWebAPIClient initialized for base URL: https://www.steamwebapi.com
[2025-05-26 17:22:19,818] INFO - Requesting GET https://www.steamwebapi.com/steam/api/friendlist (Attempt 1/4)
[2025-05-26 17:22:45,806] INFO - Using Steam API Key: LITU...1QC0
[2025-05-26 17:22:45,806] INFO - SteamWebAPIClient initialized for base URL: https://www.steamwebapi.com
[2025-05-26 17:22:45,806] INFO - Requesting GET https://www.steamwebapi.com/steam/api/profile (Attempt 1/4)
[2025-05-26 17:22:46,150] INFO - Successfully received response from GET https://www.steamwebapi.com/steam/api/profile
[2025-05-26 17:22:53,808] INFO - Using Steam API Key: LITU...1QC0
[2025-05-26 17:22:53,808] INFO - SteamWebAPIClient initialized for base URL: https://www.steamwebapi.com
[2025-05-26 17:22:53,809] INFO - Requesting GET https://www.steamwebapi.com/steam/api/profile (Attempt 1/4)
[2025-05-26 17:22:55,396] INFO - Using Steam API Key: LITU...1QC0
[2025-05-26 17:22:55,396] INFO - SteamWebAPIClient initialized for base URL: https://www.steamwebapi.com
[2025-05-26 17:22:55,397] INFO - Requesting GET https://www.steamwebapi.com/steam/api/profile (Attempt 1/4)
[2025-05-26 17:22:57,617] INFO - Using Steam API Key: LITU...1QC0
[2025-05-26 17:22:57,617] INFO - SteamWebAPIClient initialized for base URL: https://www.steamwebapi.com
[2025-05-26 17:22:57,619] INFO - Requesting GET https://www.steamwebapi.com/steam/api/inventory (Attempt 1/4)
[2025-05-26 17:22:58,982] INFO - Successfully received response from GET https://www.steamwebapi.com/steam/api/inventory
[2025-05-26 17:23:01,232] INFO - Using Steam API Key: LITU...1QC0
[2025-05-26 17:23:01,232] INFO - SteamWebAPIClient initialized for base URL: https://www.steamwebapi.com
[2025-05-26 17:23:01,762] INFO - Using Steam API Key: LITU...1QC0
[2025-05-26 17:23:01,762] INFO - SteamWebAPIClient initialized for base URL: https://www.steamwebapi.com
[2025-05-26 17:23:01,763] INFO - Requesting GET https://www.steamwebapi.com/steam/api/inventory (Attempt 1/4)
[2025-05-26 17:23:03,906] INFO - Using Steam API Key: LITU...1QC0
[2025-05-26 17:23:03,906] INFO - SteamWebAPIClient initialized for base URL: https://www.steamwebapi.com
[2025-05-26 17:23:03,908] INFO - Requesting GET https://www.steamwebapi.com/steam/api/inventory (Attempt 1/4)
[2025-05-26 17:23:05,318] INFO - Successfully received response from GET https://www.steamwebapi.com/steam/api/inventory
[2025-05-26 17:23:08,301] INFO - Using Steam API Key: LITU...1QC0
[2025-05-26 17:23:08,301] INFO - SteamWebAPIClient initialized for base URL: https://www.steamwebapi.com
[2025-05-26 17:23:08,985] INFO - Using Steam API Key: LITU...1QC0
[2025-05-26 17:23:08,986] INFO - SteamWebAPIClient initialized for base URL: https://www.steamwebapi.com
[2025-05-26 17:23:08,987] INFO - Requesting GET https://www.steamwebapi.com/steam/api/inventory (Attempt 1/4)
[2025-05-26 17:23:10,572] INFO - Using Steam API Key: LITU...1QC0
[2025-05-26 17:23:10,572] INFO - SteamWebAPIClient initialized for base URL: https://www.steamwebapi.com
[2025-05-26 17:23:10,572] INFO - Requesting GET https://www.steamwebapi.com/steam/api/profile (Attempt 1/4)
[2025-05-26 17:23:10,886] INFO - Successfully received response from GET https://www.steamwebapi.com/steam/api/profile
[2025-05-26 17:23:11,099] INFO - Using Steam API Key: LITU...1QC0
[2025-05-26 17:23:11,099] INFO - SteamWebAPIClient initialized for base URL: https://www.steamwebapi.com
[2025-05-26 17:23:11,316] INFO - Using Steam API Key: LITU...1QC0
[2025-05-26 17:23:11,316] INFO - SteamWebAPIClient initialized for base URL: https://www.steamwebapi.com
[2025-05-26 17:23:11,316] INFO - Requesting GET https://www.steamwebapi.com/steam/api/profile (Attempt 1/4)
[2025-05-26 17:23:12,956] INFO - Using Steam API Key: LITU...1QC0
[2025-05-26 17:23:12,956] INFO - SteamWebAPIClient initialized for base URL: https://www.steamwebapi.com
[2025-05-26 17:23:12,956] INFO - Requesting GET https://www.steamwebapi.com/steam/api/profile (Attempt 1/4)
[2025-05-26 17:23:13,179] INFO - Successfully received response from GET https://www.steamwebapi.com/steam/api/profile
[2025-05-26 17:23:13,393] INFO - Using Steam API Key: LITU...1QC0
[2025-05-26 17:23:13,393] INFO - SteamWebAPIClient initialized for base URL: https://www.steamwebapi.com
[2025-05-26 17:23:13,601] INFO - Using Steam API Key: LITU...1QC0
[2025-05-26 17:23:13,601] INFO - SteamWebAPIClient initialized for base URL: https://www.steamwebapi.com
[2025-05-26 17:23:13,601] INFO - Requesting GET https://www.steamwebapi.com/steam/api/profile (Attempt 1/4)
[2025-05-26 17:23:15,502] INFO - Using Steam API Key: LITU...1QC0
[2025-05-26 17:23:15,502] INFO - SteamWebAPIClient initialized for base URL: https://www.steamwebapi.com
[2025-05-26 17:23:15,502] INFO - Requesting GET https://www.steamwebapi.com/steam/api/friendlist (Attempt 1/4)
[2025-05-26 17:23:40,378] INFO - Using Steam API Key: LITU...1QC0
[2025-05-26 17:23:40,379] INFO - SteamWebAPIClient initialized for base URL: https://www.steamwebapi.com
[2025-05-26 17:23:40,379] INFO - Requesting GET https://www.steamwebapi.com/steam/api/profile (Attempt 1/4)
[2025-05-26 17:23:40,780] INFO - Successfully received response from GET https://www.steamwebapi.com/steam/api/profile
[2025-05-26 17:23:44,761] INFO - Using Steam API Key: LITU...1QC0
[2025-05-26 17:23:44,761] INFO - SteamWebAPIClient initialized for base URL: https://www.steamwebapi.com
[2025-05-26 17:23:44,762] INFO - Requesting GET https://www.steamwebapi.com/steam/api/profile (Attempt 1/4)
[2025-05-26 17:23:46,331] INFO - Using Steam API Key: LITU...1QC0
[2025-05-26 17:23:46,331] INFO - SteamWebAPIClient initialized for base URL: https://www.steamwebapi.com
[2025-05-26 17:23:46,331] INFO - Requesting GET https://www.steamwebapi.com/steam/api/profile (Attempt 1/4)
[2025-05-26 17:23:48,487] INFO - Using Steam API Key: LITU...1QC0
[2025-05-26 17:23:48,488] INFO - SteamWebAPIClient initialized for base URL: https://www.steamwebapi.com
[2025-05-26 17:23:48,488] INFO - Requesting GET https://www.steamwebapi.com/steam/api/inventory (Attempt 1/4)
[2025-05-26 17:23:49,790] INFO - Successfully received response from GET https://www.steamwebapi.com/steam/api/inventory
[2025-05-26 17:23:51,210] INFO - Using Steam API Key: LITU...1QC0
[2025-05-26 17:23:51,210] INFO - SteamWebAPIClient initialized for base URL: https://www.steamwebapi.com
[2025-05-26 17:23:51,465] INFO - Using Steam API Key: LITU...1QC0
[2025-05-26 17:23:51,465] INFO - SteamWebAPIClient initialized for base URL: https://www.steamwebapi.com
[2025-05-26 17:23:51,466] INFO - Requesting GET https://www.steamwebapi.com/steam/api/inventory (Attempt 1/4)
[2025-05-26 17:23:53,079] INFO - Using Steam API Key: LITU...1QC0
[2025-05-26 17:23:53,079] INFO - SteamWebAPIClient initialized for base URL: https://www.steamwebapi.com
[2025-05-26 17:23:53,080] INFO - Requesting GET https://www.steamwebapi.com/steam/api/inventory (Attempt 1/4)
[2025-05-26 17:23:54,513] INFO - Successfully received response from GET https://www.steamwebapi.com/steam/api/inventory
[2025-05-26 17:23:55,762] INFO - Using Steam API Key: LITU...1QC0
[2025-05-26 17:23:55,763] INFO - SteamWebAPIClient initialized for base URL: https://www.steamwebapi.com
[2025-05-26 17:23:56,024] INFO - Using Steam API Key: LITU...1QC0
[2025-05-26 17:23:56,024] INFO - SteamWebAPIClient initialized for base URL: https://www.steamwebapi.com
[2025-05-26 17:23:56,025] INFO - Requesting GET https://www.steamwebapi.com/steam/api/inventory (Attempt 1/4)
[2025-05-26 17:23:57,765] INFO - Using Steam API Key: LITU...1QC0
[2025-05-26 17:23:57,765] INFO - SteamWebAPIClient initialized for base URL: https://www.steamwebapi.com
[2025-05-26 17:23:57,766] INFO - Requesting GET https://www.steamwebapi.com/steam/api/profile (Attempt 1/4)
[2025-05-26 17:23:58,077] INFO - Successfully received response from GET https://www.steamwebapi.com/steam/api/profile
[2025-05-26 17:23:58,307] INFO - Using Steam API Key: LITU...1QC0
[2025-05-26 17:23:58,308] INFO - SteamWebAPIClient initialized for base URL: https://www.steamwebapi.com
[2025-05-26 17:23:58,576] INFO - Using Steam API Key: LITU...1QC0
[2025-05-26 17:23:58,577] INFO - SteamWebAPIClient initialized for base URL: https://www.steamwebapi.com
[2025-05-26 17:23:58,577] INFO - Requesting GET https://www.steamwebapi.com/steam/api/profile (Attempt 1/4)
[2025-05-26 17:24:00,426] INFO - Using Steam API Key: LITU...1QC0
[2025-05-26 17:24:00,427] INFO - SteamWebAPIClient initialized for base URL: https://www.steamwebapi.com
[2025-05-26 17:24:00,427] INFO - Requesting GET https://www.steamwebapi.com/steam/api/profile (Attempt 1/4)
[2025-05-26 17:24:00,756] INFO - Successfully received response from GET https://www.steamwebapi.com/steam/api/profile
[2025-05-26 17:24:04,040] INFO - Using Steam API Key: LITU...1QC0
[2025-05-26 17:24:04,041] INFO - SteamWebAPIClient initialized for base URL: https://www.steamwebapi.com
[2025-05-26 17:24:04,260] INFO - Using Steam API Key: LITU...1QC0
[2025-05-26 17:24:04,260] INFO - SteamWebAPIClient initialized for base URL: https://www.steamwebapi.com
[2025-05-26 17:24:04,261] INFO - Requesting GET https://www.steamwebapi.com/steam/api/profile (Attempt 1/4)
[2025-05-26 17:24:06,054] INFO - Using Steam API Key: LITU...1QC0
[2025-05-26 17:24:06,054] INFO - SteamWebAPIClient initialized for base URL: https://www.steamwebapi.com
[2025-05-26 17:24:06,054] INFO - Requesting GET https://www.steamwebapi.com/steam/api/friendlist (Attempt 1/4)
[2025-05-26 17:26:56,608] INFO - Using Steam API Key: LITU...1QC0
[2025-05-26 17:26:56,609] INFO - SteamWebAPIClient initialized for base URL: https://www.steamwebapi.com
[2025-05-26 17:26:56,609] INFO - Requesting GET https://www.steamwebapi.com/steam/api/profile (Attempt 1/4)
[2025-05-26 17:26:56,927] INFO - Successfully received response from GET https://www.steamwebapi.com/steam/api/profile
[2025-05-26 17:27:03,353] INFO - Using Steam API Key: LITU...1QC0
[2025-05-26 17:27:03,353] INFO - SteamWebAPIClient initialized for base URL: https://www.steamwebapi.com
[2025-05-26 17:27:03,354] INFO - Requesting GET https://www.steamwebapi.com/steam/api/profile (Attempt 1/4)
[2025-05-26 17:27:04,945] INFO - Using Steam API Key: LITU...1QC0
[2025-05-26 17:27:04,945] INFO - SteamWebAPIClient initialized for base URL: https://www.steamwebapi.com
[2025-05-26 17:27:04,945] INFO - Requesting GET https://www.steamwebapi.com/steam/api/profile (Attempt 1/4)
[2025-05-26 17:27:06,745] INFO - Using Steam API Key: LITU...1QC0
[2025-05-26 17:27:06,745] INFO - SteamWebAPIClient initialized for base URL: https://www.steamwebapi.com
[2025-05-26 17:27:06,746] INFO - Requesting GET https://www.steamwebapi.com/steam/api/inventory (Attempt 1/4)
[2025-05-26 17:27:08,216] INFO - Successfully received response from GET https://www.steamwebapi.com/steam/api/inventory
[2025-05-26 17:27:08,465] INFO - Using Steam API Key: LITU...1QC0
[2025-05-26 17:27:08,466] INFO - SteamWebAPIClient initialized for base URL: https://www.steamwebapi.com
[2025-05-26 17:27:08,711] INFO - Using Steam API Key: LITU...1QC0
[2025-05-26 17:27:08,711] INFO - SteamWebAPIClient initialized for base URL: https://www.steamwebapi.com
[2025-05-26 17:27:08,711] INFO - Requesting GET https://www.steamwebapi.com/steam/api/inventory (Attempt 1/4)
[2025-05-26 17:27:10,874] INFO - Using Steam API Key: LITU...1QC0
[2025-05-26 17:27:10,875] INFO - SteamWebAPIClient initialized for base URL: https://www.steamwebapi.com
[2025-05-26 17:27:10,875] INFO - Requesting GET https://www.steamwebapi.com/steam/api/inventory (Attempt 1/4)
[2025-05-26 17:27:12,278] INFO - Successfully received response from GET https://www.steamwebapi.com/steam/api/inventory
[2025-05-26 17:27:12,515] INFO - Using Steam API Key: LITU...1QC0
[2025-05-26 17:27:12,516] INFO - SteamWebAPIClient initialized for base URL: https://www.steamwebapi.com
[2025-05-26 17:27:12,720] INFO - Using Steam API Key: LITU...1QC0
[2025-05-26 17:27:12,720] INFO - SteamWebAPIClient initialized for base URL: https://www.steamwebapi.com
[2025-05-26 17:27:12,720] INFO - Requesting GET https://www.steamwebapi.com/steam/api/inventory (Attempt 1/4)
[2025-05-26 17:27:14,066] INFO - Using Steam API Key: LITU...1QC0
[2025-05-26 17:27:14,066] INFO - SteamWebAPIClient initialized for base URL: https://www.steamwebapi.com
[2025-05-26 17:27:14,066] INFO - Requesting GET https://www.steamwebapi.com/steam/api/profile (Attempt 1/4)
[2025-05-26 17:27:14,402] INFO - Successfully received response from GET https://www.steamwebapi.com/steam/api/profile
[2025-05-26 17:27:14,639] INFO - Using Steam API Key: LITU...1QC0
[2025-05-26 17:27:14,639] INFO - SteamWebAPIClient initialized for base URL: https://www.steamwebapi.com
[2025-05-26 17:27:14,849] INFO - Using Steam API Key: LITU...1QC0
[2025-05-26 17:27:14,849] INFO - SteamWebAPIClient initialized for base URL: https://www.steamwebapi.com
[2025-05-26 17:27:14,849] INFO - Requesting GET https://www.steamwebapi.com/steam/api/profile (Attempt 1/4)
[2025-05-26 17:27:16,306] INFO - Using Steam API Key: LITU...1QC0
[2025-05-26 17:27:16,306] INFO - SteamWebAPIClient initialized for base URL: https://www.steamwebapi.com
[2025-05-26 17:27:16,307] INFO - Requesting GET https://www.steamwebapi.com/steam/api/profile (Attempt 1/4)
[2025-05-26 17:27:16,626] INFO - Successfully received response from GET https://www.steamwebapi.com/steam/api/profile
[2025-05-26 17:27:16,836] INFO - Using Steam API Key: LITU...1QC0
[2025-05-26 17:27:16,837] INFO - SteamWebAPIClient initialized for base URL: https://www.steamwebapi.com
[2025-05-26 17:27:17,057] INFO - Using Steam API Key: LITU...1QC0
[2025-05-26 17:27:17,057] INFO - SteamWebAPIClient initialized for base URL: https://www.steamwebapi.com
[2025-05-26 17:27:17,058] INFO - Requesting GET https://www.steamwebapi.com/steam/api/profile (Attempt 1/4)
[2025-05-26 17:27:18,787] INFO - Using Steam API Key: LITU...1QC0
[2025-05-26 17:27:18,787] INFO - SteamWebAPIClient initialized for base URL: https://www.steamwebapi.com
[2025-05-26 17:27:18,787] INFO - Requesting GET https://www.steamwebapi.com/steam/api/friendlist (Attempt 1/4)
[2025-05-26 17:32:58,482] INFO - Using Steam API Key: LITU...1QC0
[2025-05-26 17:32:58,483] INFO - SteamWebAPIClient initialized for base URL: https://www.steamwebapi.com
[2025-05-26 17:32:58,483] INFO - Requesting GET https://www.steamwebapi.com/steam/api/friendlist (Attempt 1/4)
[2025-05-26 18:49:30,663] INFO - Using Steam API Key: LITU...1QC0
[2025-05-26 18:49:30,664] INFO - SteamWebAPIClient initialized for base URL: https://www.steamwebapi.com
[2025-05-26 18:49:30,665] INFO - Requesting GET https://www.steamwebapi.com/steam/api/profile (Attempt 1/4)
[2025-05-26 18:49:31,057] INFO - Successfully received response from GET https://www.steamwebapi.com/steam/api/profile
[2025-05-26 18:49:31,279] INFO - Using Steam API Key: LITU...1QC0
[2025-05-26 18:49:31,279] INFO - SteamWebAPIClient initialized for base URL: https://www.steamwebapi.com
[2025-05-26 18:49:31,279] INFO - Requesting GET https://www.steamwebapi.com/steam/api/profile (Attempt 1/4)
[2025-05-26 18:49:32,650] INFO - Using Steam API Key: LITU...1QC0
[2025-05-26 18:49:32,650] INFO - SteamWebAPIClient initialized for base URL: https://www.steamwebapi.com
[2025-05-26 18:49:32,651] INFO - Requesting GET https://www.steamwebapi.com/steam/api/profile (Attempt 1/4)
[2025-05-26 18:49:44,157] INFO - Using Steam API Key: LITU...1QC0
[2025-05-26 18:49:44,157] INFO - SteamWebAPIClient initialized for base URL: https://www.steamwebapi.com
[2025-05-26 18:49:44,158] INFO - Requesting GET https://www.steamwebapi.com/steam/api/profile (Attempt 1/4)
[2025-05-26 18:49:44,484] INFO - Successfully received response from GET https://www.steamwebapi.com/steam/api/profile
[2025-05-26 18:49:44,703] INFO - Using Steam API Key: LITU...1QC0
[2025-05-26 18:49:44,703] INFO - SteamWebAPIClient initialized for base URL: https://www.steamwebapi.com
[2025-05-26 18:49:44,911] INFO - Using Steam API Key: LITU...1QC0
[2025-05-26 18:49:44,911] INFO - SteamWebAPIClient initialized for base URL: https://www.steamwebapi.com
[2025-05-26 18:49:44,911] INFO - Requesting GET https://www.steamwebapi.com/steam/api/profile (Attempt 1/4)
[2025-05-26 18:49:55,258] INFO - Using Steam API Key: LITU...1QC0
[2025-05-26 18:49:55,258] INFO - SteamWebAPIClient initialized for base URL: https://www.steamwebapi.com
[2025-05-26 18:49:55,259] INFO - Requesting GET https://www.steamwebapi.com/steam/api/inventory (Attempt 1/4)
[2025-05-26 18:49:56,693] INFO - Successfully received response from GET https://www.steamwebapi.com/steam/api/inventory
[2025-05-26 18:49:56,720] INFO - Requesting GET https://www.steamwebapi.com/steam/api/inventory (Attempt 1/4)
[2025-05-26 18:49:57,597] INFO - Successfully received response from GET https://www.steamwebapi.com/steam/api/inventory
[2025-05-26 18:50:02,067] INFO - Using Steam API Key: LITU...1QC0
[2025-05-26 18:50:02,067] INFO - SteamWebAPIClient initialized for base URL: https://www.steamwebapi.com
[2025-05-26 18:50:02,384] INFO - Using Steam API Key: LITU...1QC0
[2025-05-26 18:50:02,384] INFO - SteamWebAPIClient initialized for base URL: https://www.steamwebapi.com
[2025-05-26 18:50:02,384] INFO - Requesting GET https://www.steamwebapi.com/steam/api/inventory (Attempt 1/4)
[2025-05-26 18:50:03,719] INFO - Successfully received response from GET https://www.steamwebapi.com/steam/api/inventory
[2025-05-26 18:50:03,771] INFO - Requesting GET https://www.steamwebapi.com/steam/api/inventory (Attempt 1/4)
[2025-05-26 18:50:47,120] INFO - Using Steam API Key: LITU...1QC0
[2025-05-26 18:50:47,120] INFO - SteamWebAPIClient initialized for base URL: https://www.steamwebapi.com
[2025-05-26 18:50:47,120] INFO - Requesting GET https://www.steamwebapi.com/steam/api/profile (Attempt 1/4)
[2025-05-26 18:50:47,447] INFO - Successfully received response from GET https://www.steamwebapi.com/steam/api/profile
[2025-05-26 18:50:54,466] INFO - Using Steam API Key: LITU...1QC0
[2025-05-26 18:50:54,466] INFO - SteamWebAPIClient initialized for base URL: https://www.steamwebapi.com
[2025-05-26 18:50:54,466] INFO - Requesting GET https://www.steamwebapi.com/steam/api/profile (Attempt 1/4)
[2025-05-26 18:51:08,755] INFO - Using Steam API Key: LITU...1QC0
[2025-05-26 18:51:08,755] INFO - SteamWebAPIClient initialized for base URL: https://www.steamwebapi.com
[2025-05-26 18:51:08,756] INFO - Requesting GET https://www.steamwebapi.com/steam/api/profile (Attempt 1/4)
[2025-05-26 18:51:20,467] INFO - Using Steam API Key: LITU...1QC0
[2025-05-26 18:51:20,467] INFO - SteamWebAPIClient initialized for base URL: https://www.steamwebapi.com
[2025-05-26 18:51:20,467] INFO - Requesting GET https://www.steamwebapi.com/steam/api/profile (Attempt 1/4)
[2025-05-26 18:51:20,793] INFO - Successfully received response from GET https://www.steamwebapi.com/steam/api/profile
[2025-05-26 18:51:21,002] INFO - Using Steam API Key: LITU...1QC0
[2025-05-26 18:51:21,002] INFO - SteamWebAPIClient initialized for base URL: https://www.steamwebapi.com
[2025-05-26 18:51:21,269] INFO - Using Steam API Key: LITU...1QC0
[2025-05-26 18:51:21,270] INFO - SteamWebAPIClient initialized for base URL: https://www.steamwebapi.com
[2025-05-26 18:51:21,270] INFO - Requesting GET https://www.steamwebapi.com/steam/api/profile (Attempt 1/4)
[2025-05-26 18:51:30,653] INFO - Using Steam API Key: LITU...1QC0
[2025-05-26 18:51:30,653] INFO - SteamWebAPIClient initialized for base URL: https://www.steamwebapi.com
[2025-05-26 18:51:30,654] INFO - Requesting GET https://www.steamwebapi.com/steam/api/inventory (Attempt 1/4)
[2025-05-26 18:51:32,020] INFO - Successfully received response from GET https://www.steamwebapi.com/steam/api/inventory
[2025-05-26 18:51:32,047] INFO - Requesting GET https://www.steamwebapi.com/steam/api/inventory (Attempt 1/4)
[2025-05-26 18:51:32,603] INFO - Successfully received response from GET https://www.steamwebapi.com/steam/api/inventory
[2025-05-26 18:51:36,884] INFO - Using Steam API Key: LITU...1QC0
[2025-05-26 18:51:36,884] INFO - SteamWebAPIClient initialized for base URL: https://www.steamwebapi.com
[2025-05-26 18:51:37,123] INFO - Using Steam API Key: LITU...1QC0
[2025-05-26 18:51:37,123] INFO - SteamWebAPIClient initialized for base URL: https://www.steamwebapi.com
[2025-05-26 18:51:37,124] INFO - Requesting GET https://www.steamwebapi.com/steam/api/inventory (Attempt 1/4)
[2025-05-26 18:51:38,365] INFO - Successfully received response from GET https://www.steamwebapi.com/steam/api/inventory
[2025-05-26 18:51:38,392] INFO - Requesting GET https://www.steamwebapi.com/steam/api/inventory (Attempt 1/4)
[2025-05-26 19:19:08,941] INFO - Using Steam API Key: LITU...1QC0
[2025-05-26 19:19:08,941] INFO - SteamWebAPIClient initialized for base URL: https://www.steamwebapi.com
[2025-05-26 19:19:08,942] INFO - Requesting GET https://www.steamwebapi.com/steam/api/profile (Attempt 1/4)
[2025-05-26 19:19:09,265] INFO - Successfully received response from GET https://www.steamwebapi.com/steam/api/profile
[2025-05-26 21:16:19,494] INFO - Using Steam API Key: LITU...1QC0
[2025-05-26 21:16:19,494] INFO - SteamWebAPIClient initialized for base URL: https://www.steamwebapi.com
[2025-05-26 21:16:19,497] INFO - Requesting GET https://www.steamwebapi.com/steam/api/profile (Attempt 1/4)
[2025-05-26 21:16:19,819] INFO - Successfully received response from GET https://www.steamwebapi.com/steam/api/profile
[2025-05-26 22:09:53,667] INFO - Using Steam API Key: LITU...1QC0
[2025-05-26 22:09:53,668] INFO - SteamWebAPIClient initialized for base URL: https://www.steamwebapi.com
[2025-05-26 22:09:53,668] INFO - Requesting GET https://www.steamwebapi.com/steam/api/profile (Attempt 1/4)
[2025-05-26 22:09:54,409] INFO - Successfully received response from GET https://www.steamwebapi.com/steam/api/profile
