[2025-05-26 15:27:02,026] INFO - Request to get profile for Steam ID: 76561199487496862
[2025-05-26 15:27:02,447] ERROR - Failed to get profile for 76561199487496862
[2025-05-26 15:29:24,412] INFO - Request to get profile for Steam ID: 76561199487496862
[2025-05-26 15:29:24,716] ERROR - Failed to get profile for 76561199487496862
[2025-05-26 15:29:31,929] INFO - Request to get profile for Steam ID: 76561199487496862
[2025-05-26 15:29:32,319] ERROR - Failed to get profile for 76561199487496862
[2025-05-26 15:29:36,679] INFO - Request to get profile for Steam ID: 76561199487496862
[2025-05-26 15:29:37,054] ERROR - Failed to get profile for 76561199487496862
[2025-05-26 16:03:24,546] INFO - Request to get profile for Steam ID: 76561199487496862
[2025-05-26 16:03:25,036] ERROR - Failed to get profile for 76561199487496862
[2025-05-26 16:03:25,257] INFO - Request to get profile for Steam ID: invalid-steam-id
[2025-05-26 16:03:26,681] ERROR - Failed to get profile for invalid-steam-id
[2025-05-26 16:03:26,892] INFO - Request to get profile for Steam ID: 76561199000000000
[2025-05-26 16:03:28,652] ERROR - Failed to get profile for 76561199000000000
[2025-05-26 16:03:28,887] INFO - Request to get inventory for Steam ID: 76561199487496862
[2025-05-26 16:03:30,660] ERROR - Failed to get inventory for 76561199487496862
[2025-05-26 16:03:30,894] INFO - Request to get inventory for Steam ID: invalid-steam-id
[2025-05-26 16:03:31,198] ERROR - Failed to get inventory for invalid-steam-id
[2025-05-26 16:03:31,477] INFO - Request to get inventory for Steam ID: 76561199000000000
[2025-05-26 16:03:33,337] ERROR - Failed to get inventory for 76561199000000000
[2025-05-26 16:03:33,549] INFO - Request to get inventory items for Steam ID: 76561199487496862
[2025-05-26 16:03:35,114] ERROR - Failed to get inventory items for 76561199487496862
[2025-05-26 16:03:35,329] INFO - Request to get inventory items for Steam ID: invalid-steam-id
[2025-05-26 16:03:35,664] ERROR - Failed to get inventory items for invalid-steam-id
[2025-05-26 16:03:35,873] INFO - Request to get inventory items for Steam ID: 76561199000000000
[2025-05-26 16:03:36,441] ERROR - Failed to get inventory items for 76561199000000000
[2025-05-26 16:03:36,689] INFO - Request to check trade eligibility for Steam ID: 76561199487496862
[2025-05-26 16:03:37,001] ERROR - Failed to check trade eligibility for 76561199487496862
[2025-05-26 16:03:37,239] INFO - Request to check trade eligibility for Steam ID: invalid-steam-id
[2025-05-26 16:03:37,437] ERROR - Failed to check trade eligibility for invalid-steam-id
[2025-05-26 16:03:37,640] INFO - Request to check trade eligibility for Steam ID: 76561199000000000
[2025-05-26 16:03:37,953] ERROR - Failed to check trade eligibility for 76561199000000000
[2025-05-26 16:03:38,175] INFO - Request to get privacy settings for Steam ID: 76561199487496862
[2025-05-26 16:03:38,486] ERROR - Failed to get privacy settings for 76561199487496862
[2025-05-26 16:03:38,732] INFO - Request to get privacy settings for Steam ID: invalid-steam-id
[2025-05-26 16:03:39,018] ERROR - Failed to get privacy settings for invalid-steam-id
[2025-05-26 16:03:39,253] INFO - Request to get privacy settings for Steam ID: 76561199000000000
[2025-05-26 16:03:39,557] ERROR - Failed to get privacy settings for 76561199000000000
[2025-05-26 16:03:39,763] INFO - Request to get friend list for Steam ID: 76561199487496862
[2025-05-26 16:03:39,763] ERROR - Failed to get friend list for 76561199487496862
[2025-05-26 16:03:39,963] INFO - Request to get friend list for Steam ID: invalid-steam-id
[2025-05-26 16:03:39,963] ERROR - Failed to get friend list for invalid-steam-id
[2025-05-26 16:03:40,189] INFO - Request to get friend list for Steam ID: 76561199000000000
[2025-05-26 16:03:40,189] ERROR - Failed to get friend list for 76561199000000000
[2025-05-26 16:05:16,737] INFO - Request to get batch inventories for 2 users
[2025-05-26 16:05:16,738] INFO - Retrieved 0 inventories in batch request
[2025-05-26 16:06:55,512] INFO - Request to get batch inventories for 2 users
[2025-05-26 16:06:55,514] INFO - Retrieved 0 inventories in batch request
[2025-05-26 16:07:02,250] INFO - Request to get batch inventories for 3 users
[2025-05-26 16:07:02,254] INFO - Retrieved 0 inventories in batch request
[2025-05-26 16:07:35,071] INFO - Request to get batch inventories for 2 users
[2025-05-26 16:07:35,072] INFO - Retrieved 0 inventories in batch request
[2025-05-26 16:14:49,312] INFO - Request to get profile for Steam ID: 76561199487496862
[2025-05-26 16:14:49,940] ERROR - Failed to get profile for 76561199487496862
[2025-05-26 16:15:13,145] INFO - Request to get profile for Steam ID: 76561199562411448
[2025-05-26 16:15:20,927] ERROR - Failed to get profile for 76561199562411448
[2025-05-26 16:15:39,277] INFO - Request to get batch inventories for 2 users
[2025-05-26 16:15:43,559] INFO - Retrieved 2 inventories in batch request
[2025-05-26 16:16:02,968] INFO - Request to get inventory for Steam ID: 76561199562411448
[2025-05-26 16:16:04,619] ERROR - Failed to get inventory for 76561199562411448
[2025-05-26 16:16:12,186] INFO - Request to get friend list for Steam ID: 76561199562411448
[2025-05-26 16:16:12,761] ERROR - Failed to get friend list for 76561199562411448
[2025-05-26 16:27:10,981] INFO - Request to get profile for Steam ID: 76561199562411448
[2025-05-26 16:27:11,284] ERROR - Failed to get profile for 76561199562411448
[2025-05-26 16:28:16,428] INFO - Request to get profile for Steam ID: 76561199562411448
[2025-05-26 16:28:16,778] INFO - Retrieved profile for 76561199562411448
[2025-05-26 16:28:24,984] INFO - Request to get profile for Steam ID: 76561199562411448
[2025-05-26 16:28:25,372] INFO - Retrieved profile for 76561199562411448
[2025-05-26 16:28:50,209] INFO - Request to get profile for Steam ID: 76561199562411448
[2025-05-26 16:28:50,550] INFO - Retrieved profile for 76561199562411448
[2025-05-26 16:29:47,239] INFO - Request to get profile for Steam ID: 76561199562411448
[2025-05-26 16:29:47,863] INFO - Retrieved profile for 76561199562411448
[2025-05-26 16:30:05,079] INFO - Request to get friend list for Steam ID: 76561199562411448
[2025-05-26 16:30:05,734] ERROR - Failed to get friend list for 76561199562411448
[2025-05-26 16:30:21,517] INFO - Request to get batch inventories for 2 users
[2025-05-26 16:30:25,121] INFO - Retrieved 2 inventories in batch request
[2025-05-26 16:33:40,264] INFO - Request to get profile for Steam ID: 76561199562411448
[2025-05-26 16:33:40,580] INFO - Retrieved profile for 76561199562411448
[2025-05-26 16:33:40,802] INFO - Request to get profile for Steam ID: invalid-steam-id
[2025-05-26 16:33:41,916] ERROR - Failed to get profile for invalid-steam-id
[2025-05-26 16:33:42,126] INFO - Request to get profile for Steam ID: 76561199000000000
[2025-05-26 16:33:43,848] INFO - Retrieved profile for 76561199000000000
[2025-05-26 16:33:44,188] INFO - Request to get inventory for Steam ID: 76561199562411448
[2025-05-26 16:33:45,712] ERROR - Failed to get inventory for 76561199562411448
[2025-05-26 16:33:46,103] INFO - Request to get inventory for Steam ID: invalid-steam-id
[2025-05-26 16:33:46,496] ERROR - Failed to get inventory for invalid-steam-id
[2025-05-26 16:33:46,867] INFO - Request to get inventory for Steam ID: 76561199000000000
[2025-05-26 16:33:47,391] ERROR - Failed to get inventory for 76561199000000000
[2025-05-26 16:33:47,663] INFO - Request to get inventory items for Steam ID: 76561199562411448
[2025-05-26 16:33:49,167] ERROR - Failed to get inventory items for 76561199562411448
[2025-05-26 16:33:49,445] INFO - Request to get inventory items for Steam ID: invalid-steam-id
[2025-05-26 16:33:49,751] ERROR - Failed to get inventory items for invalid-steam-id
[2025-05-26 16:33:50,001] INFO - Request to get inventory items for Steam ID: 76561199000000000
[2025-05-26 16:33:50,533] ERROR - Failed to get inventory items for 76561199000000000
[2025-05-26 16:33:51,684] INFO - Request to get privacy settings for Steam ID: 76561199562411448
[2025-05-26 16:33:52,059] ERROR - Failed to get privacy settings for 76561199562411448
[2025-05-26 16:33:52,323] INFO - Request to get privacy settings for Steam ID: invalid-steam-id
[2025-05-26 16:33:52,649] ERROR - Failed to get privacy settings for invalid-steam-id
[2025-05-26 16:33:52,924] INFO - Request to get privacy settings for Steam ID: 76561199000000000
[2025-05-26 16:33:53,230] ERROR - Failed to get privacy settings for 76561199000000000
[2025-05-26 16:33:53,507] INFO - Request to get friend list for Steam ID: 76561199562411448
[2025-05-26 16:33:54,126] ERROR - Failed to get friend list for 76561199562411448
[2025-05-26 16:33:54,381] INFO - Request to get friend list for Steam ID: invalid-steam-id
[2025-05-26 16:33:55,571] ERROR - Failed to get friend list for invalid-steam-id
[2025-05-26 16:33:55,867] INFO - Request to get friend list for Steam ID: 76561199000000000
[2025-05-26 16:33:57,057] ERROR - Failed to get friend list for 76561199000000000
[2025-05-26 16:33:57,345] INFO - Request to get batch inventories for 2 users
[2025-05-26 16:34:00,227] INFO - Retrieved 2 inventories in batch request
[2025-05-26 16:34:00,525] INFO - Request to get batch inventories for 0 users
[2025-05-26 16:34:00,829] INFO - Retrieved 0 inventories in batch request
[2025-05-26 16:34:01,141] INFO - Request to get batch inventories for 3 users
[2025-05-26 16:34:01,471] INFO - Retrieved 0 inventories in batch request
[2025-05-26 16:36:23,378] INFO - Request to get profile for Steam ID: 76561199562411448
[2025-05-26 16:36:24,408] INFO - Retrieved profile for 76561199562411448
[2025-05-26 16:36:31,948] INFO - Request to get profile for Steam ID: invalid-steam-id
[2025-05-26 16:36:37,120] ERROR - Failed to get profile for invalid-steam-id
[2025-05-26 16:36:37,434] INFO - Request to get profile for Steam ID: 76561199000000000
[2025-05-26 16:36:39,825] INFO - Retrieved profile for 76561199000000000
[2025-05-26 16:36:40,180] INFO - Request to get inventory for Steam ID: 76561199562411448
[2025-05-26 16:36:41,756] ERROR - Failed to get inventory for 76561199562411448
[2025-05-26 16:36:42,030] INFO - Request to get inventory for Steam ID: invalid-steam-id
[2025-05-26 16:36:42,454] ERROR - Failed to get inventory for invalid-steam-id
[2025-05-26 16:36:42,716] INFO - Request to get inventory for Steam ID: 76561199000000000
[2025-05-26 16:36:43,281] ERROR - Failed to get inventory for 76561199000000000
[2025-05-26 16:36:43,566] INFO - Request to get inventory items for Steam ID: 76561199562411448
[2025-05-26 16:36:45,052] ERROR - Failed to get inventory items for 76561199562411448
[2025-05-26 16:36:45,313] INFO - Request to get inventory items for Steam ID: invalid-steam-id
[2025-05-26 16:36:45,646] ERROR - Failed to get inventory items for invalid-steam-id
[2025-05-26 16:36:45,906] INFO - Request to get inventory items for Steam ID: 76561199000000000
[2025-05-26 16:36:46,449] ERROR - Failed to get inventory items for 76561199000000000
[2025-05-26 16:36:46,748] INFO - Request to check trade eligibility for Steam ID: 76561199562411448
[2025-05-26 16:36:46,748] INFO - Checked trade eligibility for 76561199562411448: True
[2025-05-26 16:36:47,040] INFO - Request to check trade eligibility for Steam ID: invalid-steam-id
[2025-05-26 16:36:47,040] INFO - Checked trade eligibility for invalid-steam-id: True
[2025-05-26 16:36:47,282] INFO - Request to check trade eligibility for Steam ID: 76561199000000000
[2025-05-26 16:36:47,282] INFO - Checked trade eligibility for 76561199000000000: True
[2025-05-26 16:36:47,559] INFO - Request to get privacy settings for Steam ID: 76561199562411448
[2025-05-26 16:36:47,874] ERROR - Failed to get privacy settings for 76561199562411448
[2025-05-26 16:36:48,220] INFO - Request to get privacy settings for Steam ID: invalid-steam-id
[2025-05-26 16:36:48,517] ERROR - Failed to get privacy settings for invalid-steam-id
[2025-05-26 16:36:48,797] INFO - Request to get privacy settings for Steam ID: 76561199000000000
[2025-05-26 16:36:49,080] ERROR - Failed to get privacy settings for 76561199000000000
[2025-05-26 16:36:49,342] INFO - Request to get friend list for Steam ID: 76561199562411448
[2025-05-26 16:36:49,940] ERROR - Failed to get friend list for 76561199562411448
[2025-05-26 16:36:50,336] INFO - Request to get friend list for Steam ID: invalid-steam-id
[2025-05-26 16:36:51,021] ERROR - Failed to get friend list for invalid-steam-id
[2025-05-26 16:36:51,350] INFO - Request to get friend list for Steam ID: 76561199000000000
[2025-05-26 16:36:51,957] ERROR - Failed to get friend list for 76561199000000000
[2025-05-26 16:36:52,240] INFO - Request to get batch inventories for 2 users
[2025-05-26 16:36:54,268] INFO - Retrieved 2 inventories in batch request
[2025-05-26 16:36:54,528] INFO - Request to get batch inventories for 0 users
[2025-05-26 16:36:54,829] INFO - Retrieved 0 inventories in batch request
[2025-05-26 16:36:55,137] INFO - Request to get batch inventories for 3 users
[2025-05-26 16:36:55,444] INFO - Retrieved 0 inventories in batch request
[2025-05-26 16:38:09,101] INFO - Request to get profile for Steam ID: 76561199999999999
[2025-05-26 16:38:10,946] ERROR - Failed to get profile for 76561199999999999
[2025-05-26 16:38:21,828] INFO - Request to check trade eligibility for Steam ID: invalid-steam-id
[2025-05-26 16:38:29,295] INFO - Request to check trade eligibility for Steam ID: 76561199999999999
[2025-05-26 16:41:49,210] INFO - Request to get profile for Steam ID: 76561199562411448
[2025-05-26 16:41:49,786] INFO - Retrieved profile for 76561199562411448
[2025-05-26 16:41:50,006] INFO - Request to get profile for Steam ID: invalid-steam-id
[2025-05-26 16:41:52,009] ERROR - Failed to get profile for invalid-steam-id
[2025-05-26 16:41:52,288] INFO - Request to get profile for Steam ID: 76561199999999999
[2025-05-26 16:41:53,753] ERROR - Failed to get profile for 76561199999999999
[2025-05-26 16:41:53,972] INFO - Request to get inventory for Steam ID: 76561199562411448
[2025-05-26 16:41:55,516] ERROR - Failed to get inventory for 76561199562411448
[2025-05-26 16:41:55,729] INFO - Request to get inventory for Steam ID: invalid-steam-id
[2025-05-26 16:41:56,096] ERROR - Failed to get inventory for invalid-steam-id
[2025-05-26 16:41:56,414] INFO - Request to get inventory for Steam ID: 76561199999999999
[2025-05-26 16:41:58,134] ERROR - Failed to get inventory for 76561199999999999
[2025-05-26 16:41:58,341] INFO - Request to get inventory items for Steam ID: 76561199562411448
[2025-05-26 16:41:59,836] ERROR - Failed to get inventory items for 76561199562411448
[2025-05-26 16:42:00,048] INFO - Request to get inventory items for Steam ID: invalid-steam-id
[2025-05-26 16:42:00,434] ERROR - Failed to get inventory items for invalid-steam-id
[2025-05-26 16:42:00,667] INFO - Request to get inventory items for Steam ID: 76561199999999999
[2025-05-26 16:42:02,222] ERROR - Failed to get inventory items for 76561199999999999
[2025-05-26 16:42:02,445] INFO - Request to check trade eligibility for Steam ID: 76561199562411448
[2025-05-26 16:42:02,789] INFO - Checked trade eligibility for 76561199562411448: True
[2025-05-26 16:42:03,014] INFO - Request to check trade eligibility for Steam ID: invalid-steam-id
[2025-05-26 16:42:03,241] INFO - Request to check trade eligibility for Steam ID: 76561199999999999
[2025-05-26 16:42:05,237] INFO - Request to get privacy settings for Steam ID: 76561199562411448
[2025-05-26 16:42:05,600] ERROR - Failed to get privacy settings for 76561199562411448
[2025-05-26 16:42:05,816] INFO - Request to get privacy settings for Steam ID: invalid-steam-id
[2025-05-26 16:42:06,105] ERROR - Failed to get privacy settings for invalid-steam-id
[2025-05-26 16:42:06,320] INFO - Request to get privacy settings for Steam ID: 76561199999999999
[2025-05-26 16:42:06,657] ERROR - Failed to get privacy settings for 76561199999999999
[2025-05-26 16:42:06,863] INFO - Request to get friend list for Steam ID: 76561199562411448
[2025-05-26 16:42:07,457] ERROR - Failed to get friend list for 76561199562411448
[2025-05-26 16:42:07,690] INFO - Request to get friend list for Steam ID: invalid-steam-id
[2025-05-26 16:42:08,267] ERROR - Failed to get friend list for invalid-steam-id
[2025-05-26 16:42:08,489] INFO - Request to get friend list for Steam ID: 76561199999999999
[2025-05-26 16:42:09,087] ERROR - Failed to get friend list for 76561199999999999
[2025-05-26 16:42:09,303] INFO - Request to get batch inventories for 2 users
[2025-05-26 16:42:11,586] INFO - Retrieved 0 inventories in batch request
[2025-05-26 16:42:11,826] INFO - Request to get batch inventories for 0 users
[2025-05-26 16:42:11,826] INFO - Retrieved 0 inventories in batch request
[2025-05-26 16:42:12,045] INFO - Request to get batch inventories for 3 users
[2025-05-26 16:42:13,496] WARNING - Invalid Steam ID format in batch request: invalid-steam-id
[2025-05-26 16:42:14,463] INFO - Retrieved 0 inventories in batch request
[2025-05-26 16:45:01,377] INFO - Request to get profile for Steam ID: 76561199562411448
[2025-05-26 16:45:01,683] INFO - Retrieved profile for 76561199562411448
[2025-05-26 16:45:10,452] INFO - Request to get profile for Steam ID: invalid-steam-id
[2025-05-26 16:45:11,862] ERROR - Failed to get profile for invalid-steam-id
[2025-05-26 16:45:12,097] INFO - Request to get profile for Steam ID: 76561199999999999
[2025-05-26 16:45:14,233] ERROR - Failed to get profile for 76561199999999999
[2025-05-26 16:45:14,442] INFO - Request to get inventory for Steam ID: 76561199562411448
[2025-05-26 16:53:15,269] INFO - Request to get profile for Steam ID: 76561199562411448
[2025-05-26 16:53:15,737] INFO - Retrieved profile for 76561199562411448
[2025-05-26 16:56:22,175] INFO - Request to get profile for Steam ID: 76561199562411448
[2025-05-26 16:56:22,511] INFO - Retrieved profile for 76561199562411448
[2025-05-26 17:05:54,416] INFO - Request to get profile for Steam ID: 76561199562411448
[2025-05-26 17:05:54,876] INFO - Retrieved profile for 76561199562411448
[2025-05-26 17:05:55,099] INFO - Request to get profile for Steam ID: invalid-steam-id
[2025-05-26 17:05:58,316] ERROR - Failed to get profile for invalid-steam-id
[2025-05-26 17:05:58,528] INFO - Request to get profile for Steam ID: 76561199999999999
[2025-05-26 17:06:00,725] ERROR - Failed to get profile for 76561199999999999
[2025-05-26 17:06:00,955] INFO - Request to get inventory for Steam ID: 76561199562411448
[2025-05-26 17:06:58,818] INFO - Request to get profile for Steam ID: 76561199562411448
[2025-05-26 17:06:59,153] INFO - Retrieved profile for 76561199562411448
[2025-05-26 17:06:59,398] INFO - Request to get profile for Steam ID: invalid-steam-id
[2025-05-26 17:07:00,945] ERROR - Failed to get profile for invalid-steam-id
[2025-05-26 17:07:01,168] INFO - Request to get profile for Steam ID: 76561199999999999
[2025-05-26 17:07:02,863] ERROR - Failed to get profile for 76561199999999999
[2025-05-26 17:07:03,079] INFO - Request to get inventory for Steam ID: 76561199562411448
[2025-05-26 17:12:36,433] INFO - Request to get profile for Steam ID: 76561199562411448
[2025-05-26 17:12:37,275] INFO - Retrieved profile for 76561199562411448
[2025-05-26 17:12:37,546] INFO - Request to get profile for Steam ID: invalid-steam-id
[2025-05-26 17:12:39,307] ERROR - Failed to get profile for invalid-steam-id
[2025-05-26 17:12:39,547] INFO - Request to get profile for Steam ID: 76561199999999999
[2025-05-26 17:12:41,288] ERROR - Failed to get profile for 76561199999999999
[2025-05-26 17:12:41,532] INFO - Request to get inventory for Steam ID: 76561199562411448
[2025-05-26 17:14:13,047] INFO - Request to get profile for Steam ID: 76561199562411448
[2025-05-26 17:14:13,366] INFO - Retrieved profile for 76561199562411448
[2025-05-26 17:14:20,816] INFO - Request to get profile for Steam ID: invalid-steam-id
[2025-05-26 17:14:22,185] ERROR - Failed to get profile for invalid-steam-id
[2025-05-26 17:14:22,409] INFO - Request to get profile for Steam ID: 76561199999999999
[2025-05-26 17:14:23,437] ERROR - Failed to get profile for 76561199999999999
[2025-05-26 17:14:23,669] INFO - Request to get inventory for Steam ID: 76561199562411448
[2025-05-26 17:16:32,182] INFO - Request to get profile for Steam ID: 76561199562411448
[2025-05-26 17:16:32,513] INFO - Retrieved profile for 76561199562411448
[2025-05-26 17:16:32,728] INFO - Request to get profile for Steam ID: invalid-steam-id
[2025-05-26 17:16:34,422] ERROR - Failed to get profile for invalid-steam-id
[2025-05-26 17:16:34,657] INFO - Request to get profile for Steam ID: 76561199999999999
[2025-05-26 17:16:36,084] ERROR - Failed to get profile for 76561199999999999
[2025-05-26 17:16:36,313] INFO - Request to get inventory for Steam ID: 76561199562411448
[2025-05-26 17:17:12,635] INFO - Request to get profile for Steam ID: 76561199562411448
[2025-05-26 17:17:12,967] INFO - Retrieved profile for 76561199562411448
[2025-05-26 17:17:16,424] INFO - Request to get profile for Steam ID: invalid-steam-id
[2025-05-26 17:17:18,297] ERROR - Failed to get profile for invalid-steam-id
[2025-05-26 17:17:18,539] INFO - Request to get profile for Steam ID: 76561199999999999
[2025-05-26 17:17:20,245] ERROR - Failed to get profile for 76561199999999999
[2025-05-26 17:17:20,463] INFO - Request to get inventory for Steam ID: 76561199562411448
[2025-05-26 17:18:30,890] INFO - Request to get profile for Steam ID: 76561199562411448
[2025-05-26 17:18:31,356] INFO - Retrieved profile for 76561199562411448
[2025-05-26 17:20:51,845] INFO - Request to get profile for Steam ID: 76561199562411448
[2025-05-26 17:20:52,146] INFO - Retrieved profile for 76561199562411448
[2025-05-26 17:20:58,735] INFO - Request to get profile for Steam ID: invalid-steam-id
[2025-05-26 17:21:00,228] ERROR - Failed to get profile for invalid-steam-id
[2025-05-26 17:21:00,458] INFO - Request to get profile for Steam ID: 76561199999999999
[2025-05-26 17:21:01,656] ERROR - Failed to get profile for 76561199999999999
[2025-05-26 17:21:01,864] INFO - Request to get inventory for Steam ID: 76561199562411448
[2025-05-26 17:21:04,363] ERROR - Failed to get inventory for 76561199562411448
[2025-05-26 17:21:04,580] INFO - Request to get inventory for Steam ID: invalid-steam-id
[2025-05-26 17:21:04,781] INFO - Request to get inventory for Steam ID: 76561199999999999
[2025-05-26 17:21:06,177] INFO - Request to get inventory items for Steam ID: 76561199562411448
[2025-05-26 17:21:08,830] ERROR - Failed to get inventory items for 76561199562411448
[2025-05-26 17:21:09,034] INFO - Request to get inventory items for Steam ID: invalid-steam-id
[2025-05-26 17:21:09,271] INFO - Request to get inventory items for Steam ID: 76561199999999999
[2025-05-26 17:21:11,026] INFO - Request to check trade eligibility for Steam ID: 76561199562411448
[2025-05-26 17:21:11,361] INFO - Checked trade eligibility for 76561199562411448: True
[2025-05-26 17:21:11,570] INFO - Request to check trade eligibility for Steam ID: invalid-steam-id
[2025-05-26 17:21:11,773] INFO - Request to check trade eligibility for Steam ID: 76561199999999999
[2025-05-26 17:21:13,308] INFO - Request to get privacy settings for Steam ID: 76561199562411448
[2025-05-26 17:21:13,629] INFO - Retrieved privacy settings for 76561199562411448
[2025-05-26 17:21:33,179] INFO - Request to get profile for Steam ID: 76561199562411448
[2025-05-26 17:21:33,521] INFO - Retrieved profile for 76561199562411448
[2025-05-26 17:21:40,627] INFO - Request to get profile for Steam ID: invalid-steam-id
[2025-05-26 17:21:42,453] ERROR - Failed to get profile for invalid-steam-id
[2025-05-26 17:21:42,676] INFO - Request to get profile for Steam ID: 76561199999999999
[2025-05-26 17:21:45,073] ERROR - Failed to get profile for 76561199999999999
[2025-05-26 17:21:45,293] INFO - Request to get inventory for Steam ID: 76561199562411448
[2025-05-26 17:21:47,658] ERROR - Failed to get inventory for 76561199562411448
[2025-05-26 17:21:47,866] INFO - Request to get inventory for Steam ID: invalid-steam-id
[2025-05-26 17:21:48,072] INFO - Request to get inventory for Steam ID: 76561199999999999
[2025-05-26 17:21:49,932] INFO - Request to get inventory items for Steam ID: 76561199562411448
[2025-05-26 17:21:52,711] ERROR - Failed to get inventory items for 76561199562411448
[2025-05-26 17:21:52,918] INFO - Request to get inventory items for Steam ID: invalid-steam-id
[2025-05-26 17:21:53,117] INFO - Request to get inventory items for Steam ID: 76561199999999999
[2025-05-26 17:22:12,744] INFO - Request to check trade eligibility for Steam ID: 76561199562411448
[2025-05-26 17:22:13,066] INFO - Checked trade eligibility for 76561199562411448: True
[2025-05-26 17:22:13,271] INFO - Request to check trade eligibility for Steam ID: invalid-steam-id
[2025-05-26 17:22:13,482] INFO - Request to check trade eligibility for Steam ID: 76561199999999999
[2025-05-26 17:22:16,903] INFO - Request to get privacy settings for Steam ID: 76561199562411448
[2025-05-26 17:22:17,402] INFO - Retrieved privacy settings for 76561199562411448
[2025-05-26 17:22:17,614] INFO - Request to get privacy settings for Steam ID: invalid-steam-id
[2025-05-26 17:22:17,833] INFO - Request to get privacy settings for Steam ID: 76561199999999999
[2025-05-26 17:22:19,818] INFO - Request to get friend list for Steam ID: 76561199562411448
[2025-05-26 17:22:45,806] INFO - Request to get profile for Steam ID: 76561199562411448
[2025-05-26 17:22:46,150] INFO - Retrieved profile for 76561199562411448
[2025-05-26 17:22:53,809] INFO - Request to get profile for Steam ID: invalid-steam-id
[2025-05-26 17:22:55,178] ERROR - Failed to get profile for invalid-steam-id
[2025-05-26 17:22:55,397] INFO - Request to get profile for Steam ID: 76561199999999999
[2025-05-26 17:22:57,375] ERROR - Failed to get profile for 76561199999999999
[2025-05-26 17:22:57,619] INFO - Request to get inventory for Steam ID: 76561199562411448
[2025-05-26 17:23:00,442] ERROR - Failed to get inventory for 76561199562411448
[2025-05-26 17:23:01,233] INFO - Request to get inventory for Steam ID: invalid-steam-id
[2025-05-26 17:23:01,762] INFO - Request to get inventory for Steam ID: 76561199999999999
[2025-05-26 17:23:03,908] INFO - Request to get inventory items for Steam ID: 76561199562411448
[2025-05-26 17:23:07,588] ERROR - Failed to get inventory items for 76561199562411448
[2025-05-26 17:23:08,302] INFO - Request to get inventory items for Steam ID: invalid-steam-id
[2025-05-26 17:23:08,987] INFO - Request to get inventory items for Steam ID: 76561199999999999
[2025-05-26 17:23:10,572] INFO - Request to check trade eligibility for Steam ID: 76561199562411448
[2025-05-26 17:23:10,887] INFO - Checked trade eligibility for 76561199562411448: True
[2025-05-26 17:23:11,099] INFO - Request to check trade eligibility for Steam ID: invalid-steam-id
[2025-05-26 17:23:11,316] INFO - Request to check trade eligibility for Steam ID: 76561199999999999
[2025-05-26 17:23:12,956] INFO - Request to get privacy settings for Steam ID: 76561199562411448
[2025-05-26 17:23:13,179] INFO - Retrieved privacy settings for 76561199562411448
[2025-05-26 17:23:13,394] INFO - Request to get privacy settings for Steam ID: invalid-steam-id
[2025-05-26 17:23:13,601] INFO - Request to get privacy settings for Steam ID: 76561199999999999
[2025-05-26 17:23:15,502] INFO - Request to get friend list for Steam ID: 76561199562411448
[2025-05-26 17:23:40,379] INFO - Request to get profile for Steam ID: 76561199562411448
[2025-05-26 17:23:40,780] INFO - Retrieved profile for 76561199562411448
[2025-05-26 17:23:44,762] INFO - Request to get profile for Steam ID: invalid-steam-id
[2025-05-26 17:23:46,087] ERROR - Failed to get profile for invalid-steam-id
[2025-05-26 17:23:46,331] INFO - Request to get profile for Steam ID: 76561199999999999
[2025-05-26 17:23:48,273] ERROR - Failed to get profile for 76561199999999999
[2025-05-26 17:23:48,488] INFO - Request to get inventory for Steam ID: 76561199562411448
[2025-05-26 17:23:50,980] ERROR - Failed to get inventory for 76561199562411448
[2025-05-26 17:23:51,211] INFO - Request to get inventory for Steam ID: invalid-steam-id
[2025-05-26 17:23:51,466] INFO - Request to get inventory for Steam ID: 76561199999999999
[2025-05-26 17:23:53,080] INFO - Request to get inventory items for Steam ID: 76561199562411448
[2025-05-26 17:23:55,522] ERROR - Failed to get inventory items for 76561199562411448
[2025-05-26 17:23:55,763] INFO - Request to get inventory items for Steam ID: invalid-steam-id
[2025-05-26 17:23:56,025] INFO - Request to get inventory items for Steam ID: 76561199999999999
[2025-05-26 17:23:57,766] INFO - Request to check trade eligibility for Steam ID: 76561199562411448
[2025-05-26 17:23:58,078] INFO - Checked trade eligibility for 76561199562411448: True
[2025-05-26 17:23:58,308] INFO - Request to check trade eligibility for Steam ID: invalid-steam-id
[2025-05-26 17:23:58,577] INFO - Request to check trade eligibility for Steam ID: 76561199999999999
[2025-05-26 17:24:00,427] INFO - Request to get privacy settings for Steam ID: 76561199562411448
[2025-05-26 17:24:00,757] INFO - Retrieved privacy settings for 76561199562411448
[2025-05-26 17:24:04,041] INFO - Request to get privacy settings for Steam ID: invalid-steam-id
[2025-05-26 17:24:04,260] INFO - Request to get privacy settings for Steam ID: 76561199999999999
[2025-05-26 17:24:06,054] INFO - Request to get friend list for Steam ID: 76561199562411448
[2025-05-26 17:26:56,609] INFO - Request to get profile for Steam ID: 76561199562411448
[2025-05-26 17:26:56,928] INFO - Retrieved profile for 76561199562411448
[2025-05-26 17:27:03,354] INFO - Request to get profile for Steam ID: invalid-steam-id
[2025-05-26 17:27:04,717] ERROR - Failed to get profile for invalid-steam-id
[2025-05-26 17:27:04,945] INFO - Request to get profile for Steam ID: 76561199999999999
[2025-05-26 17:27:06,542] ERROR - Failed to get profile for 76561199999999999
[2025-05-26 17:27:06,745] INFO - Request to get inventory for Steam ID: 76561199562411448
[2025-05-26 17:27:08,241] ERROR - Failed to get inventory for 76561199562411448
[2025-05-26 17:27:08,466] INFO - Request to get inventory for Steam ID: invalid-steam-id
[2025-05-26 17:27:08,711] INFO - Request to get inventory for Steam ID: 76561199999999999
[2025-05-26 17:27:10,875] INFO - Request to get inventory items for Steam ID: 76561199562411448
[2025-05-26 17:27:12,303] ERROR - Failed to get inventory items for 76561199562411448
[2025-05-26 17:27:12,516] INFO - Request to get inventory items for Steam ID: invalid-steam-id
[2025-05-26 17:27:12,720] INFO - Request to get inventory items for Steam ID: 76561199999999999
[2025-05-26 17:27:14,066] INFO - Request to check trade eligibility for Steam ID: 76561199562411448
[2025-05-26 17:27:14,402] INFO - Checked trade eligibility for 76561199562411448: True
[2025-05-26 17:27:14,639] INFO - Request to check trade eligibility for Steam ID: invalid-steam-id
[2025-05-26 17:27:14,849] INFO - Request to check trade eligibility for Steam ID: 76561199999999999
[2025-05-26 17:27:16,306] INFO - Request to get privacy settings for Steam ID: 76561199562411448
[2025-05-26 17:27:16,626] INFO - Retrieved privacy settings for 76561199562411448
[2025-05-26 17:27:16,837] INFO - Request to get privacy settings for Steam ID: invalid-steam-id
[2025-05-26 17:27:17,058] INFO - Request to get privacy settings for Steam ID: 76561199999999999
[2025-05-26 17:27:18,787] INFO - Request to get friend list for Steam ID: 76561199562411448
[2025-05-26 17:32:58,483] INFO - Request to get friend list for Steam ID: 76561199562411448
[2025-05-26 18:49:30,665] INFO - Request to get profile for Steam ID: 76561199562411448
[2025-05-26 18:49:31,064] INFO - Retrieved profile for 76561199562411448
[2025-05-26 18:49:31,279] INFO - Request to get profile for Steam ID: invalid-steam-id
[2025-05-26 18:49:32,445] ERROR - Failed to get profile for invalid-steam-id
[2025-05-26 18:49:32,651] INFO - Request to get profile for Steam ID: 76561199999999999
[2025-05-26 18:49:35,373] ERROR - Failed to get profile for 76561199999999999
[2025-05-26 18:49:44,158] INFO - Request to check trade eligibility for Steam ID: 76561199562411448
[2025-05-26 18:49:44,484] INFO - Checked trade eligibility for 76561199562411448: True
[2025-05-26 18:49:44,703] INFO - Request to check trade eligibility for Steam ID: invalid-steam-id
[2025-05-26 18:49:44,911] INFO - Request to check trade eligibility for Steam ID: 76561199999999999
[2025-05-26 18:49:55,259] INFO - Request to get batch inventories for 2 users
[2025-05-26 18:49:57,620] INFO - Retrieved 2 inventories in batch request
[2025-05-26 18:50:02,067] INFO - Request to get batch inventories for 0 users
[2025-05-26 18:50:02,068] INFO - Retrieved 0 inventories in batch request
[2025-05-26 18:50:02,384] INFO - Request to get batch inventories for 3 users
[2025-05-26 18:50:03,771] WARNING - Invalid Steam ID format in batch request: invalid-steam-id
[2025-05-26 18:50:10,627] INFO - Retrieved 1 inventories in batch request
[2025-05-26 18:50:47,120] INFO - Request to get profile for Steam ID: 76561199562411448
[2025-05-26 18:50:47,447] INFO - Retrieved profile for 76561199562411448
[2025-05-26 18:50:54,466] INFO - Request to get profile for Steam ID: invalid-steam-id
[2025-05-26 18:51:08,541] ERROR - Failed to get profile for invalid-steam-id
[2025-05-26 18:51:08,756] INFO - Request to get profile for Steam ID: 76561199999999999
[2025-05-26 18:51:10,978] ERROR - Failed to get profile for 76561199999999999
[2025-05-26 18:51:20,467] INFO - Request to check trade eligibility for Steam ID: 76561199562411448
[2025-05-26 18:51:20,794] INFO - Checked trade eligibility for 76561199562411448: True
[2025-05-26 18:51:21,002] INFO - Request to check trade eligibility for Steam ID: invalid-steam-id
[2025-05-26 18:51:21,270] INFO - Request to check trade eligibility for Steam ID: 76561199999999999
[2025-05-26 18:51:30,654] INFO - Request to get batch inventories for 2 users
[2025-05-26 18:51:32,626] INFO - Retrieved 2 inventories in batch request
[2025-05-26 18:51:36,885] INFO - Request to get batch inventories for 0 users
[2025-05-26 18:51:36,885] INFO - Retrieved 0 inventories in batch request
[2025-05-26 18:51:37,124] INFO - Request to get batch inventories for 3 users
[2025-05-26 18:51:38,392] WARNING - Invalid Steam ID format in batch request: invalid-steam-id
[2025-05-26 18:51:39,877] INFO - Retrieved 1 inventories in batch request
[2025-05-26 19:19:08,942] INFO - Request to get profile for Steam ID: 76561199562411448
[2025-05-26 19:19:09,266] INFO - Retrieved profile for 76561199562411448
[2025-05-26 21:16:19,497] INFO - Request to get profile for Steam ID: 76561199562411448
[2025-05-26 21:16:19,824] INFO - Retrieved profile for 76561199562411448
[2025-05-26 22:09:53,668] INFO - Request to get profile for Steam ID: 76561199487496862
[2025-05-26 22:09:54,410] INFO - Retrieved profile for 76561199487496862
