
Market page params: {
    page: 1,
    category: undefined,
    searchParams: Promise {
      {},
      [Symbol(async_id_symbol)]: 5896,
      [Symbol(trigger_async_id_symbol)]: 5878,
      [Symbol(kResourceStore)]: {
        url: URL {},
        invocationId: '73c01c42-da68-4a9e-a2cd-67e57fe3b080',
        serverId: 'f579d454-0354-403f-8a7b-d7d7cfc7f4fb',
        requestId: 1,
        vercelId: 'iad1::927nm-1748397026021-d17493e6c800',
        intraSession: '3.SGcxV293bmc5YlFuUG1hZDATohvYidkSnZSygDsyCq2KVDCqi0PHKKijHizy8JwM',
        otelContext: undefined,
        tracer: undefined
      },
      [Symbol(kResourceStore)]: {
        mutateResponseHeadersBeforeFlush: [Function: mutateResponseHeadersBeforeFlush],
        telemetry: [Object],
        reportEdgeOnNode: [Function: reportEdgeOnNode],
        waitUntil: [Function: bound ],
        cache: undefined,
        url: 'https://www.gigaswap.dev/market',
        flags: [Object],
        headers: [Object]
      },
      [Symbol(kResourceStore)]: { waitUntil: [Function: bound ] },
      [Symbol(kResourceStore)]: {
        isStaticGeneration: false,
        page: '/market/page',
        fallbackRouteParams: null,
        route: '/market',
        incrementalCache: [nU],
        cacheLifeProfiles: [Object],
        isRevalidate: false,
        isPrerendering: undefined,
        fetchCache: undefined,
        isOnDemandRevalidate: false,
        isDraftMode: false,
        requestEndedState: [Object],
        isPrefetchRequest: false,
        buildId: 'MyV5xAk7nrS5BG_cc7kpp',
        reactLoadableManifest: [Object],
        assetPrefix: '',
        afterContext: [eM],
        dynamicIOEnabled: false,
        dev: false,
        fetchMetrics: []
      },
      [Symbol(kResourceStore)]: {
        type: 'request',
        phase: 'render',
        implicitTags: [Array],
        url: [Object],
        rootParams: {},
        headers: [Getter],
        cookies: [Getter/Setter],
        mutableCookies: [Getter],
        userspaceMutableCookies: [Getter],
        draftMode: [Getter],
        renderResumeDataCache: null,
        isHmrRefresh: false,
        serverComponentsHmrCache: undefined
      },
      [Symbol(kResourceStore)]: undefined,
      [Symbol(kResourceStore)]: undefined,
      [Symbol(kResourceStore)]: undefined
    }
  }
  Theme object at render: {
    breakpoints: {
      keys: [ 'xs', 'sm', 'md', 'lg', 'xl', 'xxl' ],
      values: { xs: 0, sm: 600, md: 960, lg: 1280, xl: 1600, xxl: 1920 },
      up: [Function: l],
      down: [Function: u],
      between: [Function: c],
      only: [Function: only],
      not: [Function: not],
      unit: 'px'
    },
    direction: 'ltr',
    components: {
      MuiCssBaseline: { styleOverrides: [Object] },
      MuiDialog: { styleOverrides: [Object] },
      MuiCard: { defaultProps: [Object], styleOverrides: [Object] },
      MuiPagination: { defaultProps: [Object] },
      MuiPaginationItem: { styleOverrides: [Object] },
      MuiMenuItem: { styleOverrides: [Object] },
      MuiSvgIcon: { styleOverrides: [Object] },
      MuiTextField: { defaultProps: [Object] },
      MuiInputLabel: { styleOverrides: [Object] },
      MuiOutlinedInput: { styleOverrides: [Object] },
      MuiButton: {
        variants: [Array],
        defaultProps: [Object],
        styleOverrides: [Object]
      },
      MuiChip: { defaultProps: [Object], styleOverrides: [Object] },
      MuiContainer: { defaultProps: [Object] },
      MuiBackdrop: { styleOverrides: [Object] },
      MuiIconButton: { styleOverrides: [Object] },
      MuiAvatar: { styleOverrides: [Object] },
      MuiPopover: { defaultProps: [Object], styleOverrides: [Object] },
      MuiSlider: { styleOverrides: [Object] },
      MuiRating: { styleOverrides: [Object] }
    },
    palette: {
      mode: 'light',
      primary: {
        '50': '#f7f5fd',
        '100': '#ede6fa',
        '200': '#decff5',
        '300': '#cbb7ee',
        '400': '#b59fe7',
        '500': '#9B66F3',
        '600': '#8656da',
        '700': '#7046b8',
        '800': '#5a3a91',
        '900': '#2e1e4a',
        main: '#9B66F3',
        light: '#b59fe7',
        dark: '#7046b8',
        contrastText: '#FFFFFF'
      },
      dark: {
        '50': '#e9edf8',
        '100': '#cad4e1',
        '200': '#abb7c8',
        '300': '#8c9ab0',
        '400': '#75859d',
        '500': '#5e708b',
        '600': '#50627a',
        '700': '#404f64',
        '800': '#313d4e',
        '900': '#1A1D26',
        main: '#1A1D26',
        contrastText: '#e9edf8'
      },
      grey: {
        '50': '#fafafa',
        '100': '#F6F9FC',
        '200': '#F3F5F9',
        '300': '#E3E9EF',
        '400': '#DAE1E7',
        '500': '#AEB4BE',
        '600': '#7D879C',
        '700': '#4B566B',
        '800': '#373F50',
        '900': '#2B3445',
        A100: '#f5f5f5',
        A200: '#eeeeee',
        A400: '#bdbdbd',
        A700: '#616161'
      },
      gold: {
        '50': '#fffae8',
        '100': '#fef3c5',
        '200': '#fdeca0',
        '300': '#fbe57b',
        '400': '#f7df60',
        '500': '#f5d946',
        '600': '#e5c841',
        '700': '#d0b23b',
        '800': '#BB9C36',
        '900': '#98772d',
        main: '#BB9C36',
        light: '#f5d946',
        dark: '#98772d',
        contrastText: '#fffae8'
      },
      paste: {
        '50': '#F5F5F5',
        '100': '#DDFBF1',
        '200': '#BDF7E8',
        '300': '#97E8DA',
        '400': '#76D2CA',
        '500': '#4BB4B4',
        '600': '#36929A',
        '700': '#257181',
        '800': '#175368',
        '900': '#0E3D56',
        main: '#4BB4B4',
        light: '#DDFBF1',
        contrastText: '#FFFFFF'
      },
      error: {
        '100': '#FFEAEA',
        '200': '#FFCBCB',
        '300': '#FFA9A9',
        '400': '#FF6D6D',
        '500': '#FF5353',
        '600': '#FF4C4C',
        '700': '#FF4242',
        '800': '#FF3939',
        '900': '#FF2929',
        main: '#E94560',
        light: '#FFA9A9',
        dark: '#FF4242',
        contrastText: '#fff'
      },
      orange: {
        '50': '#FEE9D2',
        '100': '#FDD8AF',
        '200': '#FCC487',
        '300': '#FCB05F',
        '400': '#FB9C37',
        '500': '#FA8C16',
        '600': '#C86904',
        '700': '#A05403',
        '800': '#783F03',
        '900': '#502A02',
        main: '#FA8C16',
        dark: '#C86904',
        light: '#FDD8AF'
      },
      marron: {
        '50': '#f3f5f9',
        '100': '#F6F2ED',
        '200': '#F8DBD1',
        '300': '#EBBCB3',
        '400': '#D89C98',
        '500': '#BE7374',
        '600': '#A3545C',
        '700': '#883948',
        '800': '#6E2438',
        '900': '#5B162F',
        main: '#BE7374',
        light: '#F6F2ED',
        contrastText: '#f3f5f9'
      },
      bluish: {
        '50': '#e0f2f3',
        '100': '#b2dedf',
        '200': '#7fc9ca',
        '300': '#4bb4b4',
        '400': '#22a4a3',
        '500': '#009491',
        '600': '#008783',
        '700': '#257181',
        '800': '#175368',
        '900': '#0E3D56',
        main: '#4BB4B4',
        dark: '#36929A',
        light: '#BDF7E8'
      },
      warning: {
        '50': '#fff8e4',
        '100': '#ffedbb',
        '200': '#ffe290',
        '300': '#ffd767',
        '400': '#ffcd4e',
        '500': '#fec544',
        '600': '#fdb73f',
        '700': '#faa63b',
        '800': '#f89738',
        '900': '#f67a30',
        main: '#fec544',
        dark: '#faa63b',
        light: '#ffd767',
        contrastText: 'rgba(0, 0, 0, 0.87)'
      },
      success: {
        '100': '#E7F9ED',
        '200': '#C2F1D1',
        '300': '#99E8B3',
        '400': '#52D77E',
        '500': '#33D067',
        '600': '#2ECB5F',
        '700': '#27C454',
        '800': '#20BE4A',
        '900': '#0b7724',
        main: 'rgb(51, 208, 103)',
        light: '#99E8B3',
        dark: '#27C454',
        contrastText: 'rgba(0, 0, 0, 0.87)'
      },
      secondary: {
        '100': '#F3E5F5',
        '200': '#E1BEE7',
        '300': '#CE93D8',
        '400': '#BA68C8',
        '500': '#AB47BC',
        '600': '#9C27B0',
        '700': '#8E24AA',
        '800': '#7B1FA2',
        '900': '#6A1B9A',
        main: '#9C27B0',
        dark: '#6A1B9A',
        light: '#BA68C8',
        contrastText: '#fff'
      },
      purple: {
        '50': '#f3e6ff',
        '100': '#e0ccff',
        '200': '#cc99ff',
        '300': '#b366ff',
        '400': '#9933ff',
        '500': '#a46cfc',
        '600': '#934ae6',
        '700': '#7a33cc',
        '800': '#6128a3',
        '900': '#481870',
        main: '#a46cfc',
        light: '#b366ff',
        dark: '#7a33cc',
        contrastText: '#FFFFFF'
      },
      skinportBlue: {
        '50': '#e6f5fe',
        '100': '#cceafb',
        '200': '#99d6f8',
        '300': '#66c1f5',
        '400': '#4EADEB',
        '500': '#33acf2',
        '600': '#2e9bd9',
        '700': '#2889bf',
        '800': '#2277a6',
        '900': '#1c658c',
        main: '#4EADEB',
        light: '#66c1f5',
        dark: '#2889bf',
        contrastText: '#FFFFFF'
      },
      cs2NavbarPurple: {
        '50': '#f7f5fd',
        '100': '#ede6fa',
        '200': '#decff5',
        '300': '#cbb7ee',
        '400': '#b59fe7',
        '500': '#9B66F3',
        '600': '#8656da',
        '700': '#7046b8',
        '800': '#5a3a91',
        '900': '#2e1e4a',
        main: '#9B66F3',
        light: '#b59fe7',
        dark: '#7046b8',
        contrastText: '#FFFFFF'
      },
      topBar: {
        '50': '#f3e6ff',
        '100': '#e0ccff',
        '200': '#cc99ff',
        '300': '#b366ff',
        '400': '#9933ff',
        '500': '#a46cfc',
        '600': '#934ae6',
        '700': '#7a33cc',
        '800': '#6128a3',
        '900': '#481870',
        main: '#a46cfc',
        light: '#b366ff',
        dark: '#7a33cc',
        contrastText: '#FFFFFF'
      },
      header: {
        '50': '#f7f5fd',
        '100': '#ede6fa',
        '200': '#decff5',
        '300': '#cbb7ee',
        '400': '#b59fe7',
        '500': '#9B66F3',
        '600': '#8656da',
        '700': '#7046b8',
        '800': '#5a3a91',
        '900': '#2e1e4a',
        main: '#9B66F3',
        light: '#b59fe7',
        dark: '#7046b8',
        contrastText: '#FFFFFF',
        background: '#1A1D26',
        paper: '#22252f'
      },
      footer: {
        '50': '#f7f5fd',
        '100': '#ede6fa',
        '200': '#decff5',
        '300': '#cbb7ee',
        '400': '#b59fe7',
        '500': '#9B66F3',
        '600': '#8656da',
        '700': '#7046b8',
        '800': '#5a3a91',
        '900': '#1A1D26',
        main: '#9B66F3',
        light: '#b59fe7',
        dark: '#7046b8',
        contrastText: '#FFFFFF',
        background: '#1A1D26',
        paper: '#22252f'
      },
      info: {
        '50': '#f3f5f9',
        '100': '#DBF0FE',
        '200': '#B8DEFE',
        '300': '#94C9FE',
        '400': '#7AB6FD',
        '500': '#4E97FD',
        '600': '#3975D9',
        '700': '#2756B6',
        '800': '#183C92',
        '900': '#0E2979',
        main: '#4E97FD',
        light: '#DBF0FE',
        contrastText: '#FFFFFF',
        dark: '#2756B6'
      },
      divider: 'rgba(227, 233, 239, 0.2)',
      background: { default: '#0a0a0a', paper: '#22252f' },
      text: {
        primary: '#ffffff',
        secondary: 'rgba(255, 255, 255, 0.7)',
        disabled: 'rgba(255, 255, 255, 0.5)'
      },
      action: {
        focus: 'rgba(246, 249, 252, 0.12)',
        hover: 'rgba(246, 249, 252, 0.04)',
        active: 'rgba(246, 249, 252, 0.54)',
        selected: 'rgba(246, 249, 252, 0.08)',
        disabled: 'rgba(246, 249, 252, 0.26)',
        disabledBackground: 'rgba(246, 249, 252, 0.12)',
        hoverOpacity: 0.04,
        selectedOpacity: 0.08,
        disabledOpacity: 0.38,
        focusOpacity: 0.12,
        activatedOpacity: 0.12
      },
      common: { black: '#000', white: '#fff' },
      contrastThreshold: 3,
      getContrastText: [Function: S],
      augmentColor: [Function: O],
      tonalOffset: 0.2
    },
    spacing: [Function: r] { mui: true },
    shape: { borderRadius: 4 },
    typography: {
      fontSize: 14,
      htmlFontSize: 16,
      fontFamily: "'Public Sans', 'Public Sans Fallback'",
      body1: {
        fontSize: '14px',
        lineHeight: 1.5,
        fontFamily: "'Public Sans', 'Public Sans Fallback'",
        fontWeight: 400
      },
      body2: {
        fontSize: '14px',
        lineHeight: 1.5,
        fontFamily: "'Public Sans', 'Public Sans Fallback'",
        fontWeight: 400
      },
      h1: {
        fontSize: '30px',
        fontWeight: 600,
        lineHeight: 1.5,
        fontFamily: "'Public Sans', 'Public Sans Fallback'"
      },
      h2: {
        fontSize: '25px',
        fontWeight: 600,
        lineHeight: 1.5,
        fontFamily: "'Public Sans', 'Public Sans Fallback'"
      },
      h3: {
        fontSize: '20px',
        fontWeight: 600,
        lineHeight: 1.5,
        fontFamily: "'Public Sans', 'Public Sans Fallback'"
      },
      h4: {
        fontSize: '17px',
        fontWeight: 500,
        lineHeight: 1.5,
        fontFamily: "'Public Sans', 'Public Sans Fallback'"
      },
      h5: {
        fontSize: '16px',
        fontWeight: 500,
        lineHeight: 1.5,
        fontFamily: "'Public Sans', 'Public Sans Fallback'"
      },
      h6: {
        fontSize: '14px',
        fontWeight: 500,
        lineHeight: 1.5,
        fontFamily: "'Public Sans', 'Public Sans Fallback'"
      },
      pxToRem: [Function (anonymous)],
      fontWeightLight: 300,
      fontWeightRegular: 400,
      fontWeightMedium: 500,
      fontWeightBold: 700,
      subtitle1: {
        fontFamily: "'Public Sans', 'Public Sans Fallback'",
        fontWeight: 400,
        fontSize: '1rem',
        lineHeight: 1.75
      },
      subtitle2: {
        fontFamily: "'Public Sans', 'Public Sans Fallback'",
        fontWeight: 500,
        fontSize: '0.875rem',
        lineHeight: 1.57
      },
      button: {
        fontFamily: "'Public Sans', 'Public Sans Fallback'",
        fontWeight: 500,
        fontSize: '0.875rem',
        lineHeight: 1.75,
        textTransform: 'uppercase'
      },
      caption: {
        fontFamily: "'Public Sans', 'Public Sans Fallback'",
        fontWeight: 400,
        fontSize: '0.75rem',
        lineHeight: 1.66
      },
      overline: {
        fontFamily: "'Public Sans', 'Public Sans Fallback'",
        fontWeight: 400,
        fontSize: '0.75rem',
        lineHeight: 2.66,
        textTransform: 'uppercase'
      },
      inherit: {
        fontFamily: 'inherit',
        fontWeight: 'inherit',
        fontSize: 'inherit',
        lineHeight: 'inherit',
        letterSpacing: 'inherit'
      }
    },
    containerQueries: [Function: o] {
      up: [Function (anonymous)],
      down: [Function (anonymous)],
      between: [Function (anonymous)],
      only: [Function (anonymous)],
      not: [Function (anonymous)]
    },
    applyStyles: [Function: c],
    unstable_sxConfig: {
      border: { themeKey: 'borders', transform: [Function: l] },
      borderTop: { themeKey: 'borders', transform: [Function: l] },
      borderRight: { themeKey: 'borders', transform: [Function: l] },
      borderBottom: { themeKey: 'borders', transform: [Function: l] },
      borderLeft: { themeKey: 'borders', transform: [Function: l] },
      borderColor: { themeKey: 'palette' },
      borderTopColor: { themeKey: 'palette' },
      borderRightColor: { themeKey: 'palette' },
      borderBottomColor: { themeKey: 'palette' },
      borderLeftColor: { themeKey: 'palette' },
      outline: { themeKey: 'borders', transform: [Function: l] },
      outlineColor: { themeKey: 'palette' },
      borderRadius: { themeKey: 'shape.borderRadius', style: [Function] },
      color: { themeKey: 'palette', transform: [Function: M] },
      bgcolor: {
        themeKey: 'palette',
        cssProperty: 'backgroundColor',
        transform: [Function: M]
      },
      backgroundColor: { themeKey: 'palette', transform: [Function: M] },
      p: { style: [Function] },
      pt: { style: [Function] },
      pr: { style: [Function] },
      pb: { style: [Function] },
      pl: { style: [Function] },
      px: { style: [Function] },
      py: { style: [Function] },
      padding: { style: [Function] },
      paddingTop: { style: [Function] },
      paddingRight: { style: [Function] },
      paddingBottom: { style: [Function] },
      paddingLeft: { style: [Function] },
      paddingX: { style: [Function] },
      paddingY: { style: [Function] },
      paddingInline: { style: [Function] },
      paddingInlineStart: { style: [Function] },
      paddingInlineEnd: { style: [Function] },
      paddingBlock: { style: [Function] },
      paddingBlockStart: { style: [Function] },
      paddingBlockEnd: { style: [Function] },
      m: { style: [Function] },
      mt: { style: [Function] },
      mr: { style: [Function] },
      mb: { style: [Function] },
      ml: { style: [Function] },
      mx: { style: [Function] },
      my: { style: [Function] },
      margin: { style: [Function] },
      marginTop: { style: [Function] },
      marginRight: { style: [Function] },
      marginBottom: { style: [Function] },
      marginLeft: { style: [Function] },
      marginX: { style: [Function] },
      marginY: { style: [Function] },
      marginInline: { style: [Function] },
      marginInlineStart: { style: [Function] },
      marginInlineEnd: { style: [Function] },
      marginBlock: { style: [Function] },
      marginBlockStart: { style: [Function] },
      marginBlockEnd: { style: [Function] },
      displayPrint: { cssProperty: false, transform: [Function: transform] },
      display: {},
      overflow: {},
      textOverflow: {},
      visibility: {},
      whiteSpace: {},
      flexBasis: {},
      flexDirection: {},
      flexWrap: {},
      justifyContent: {},
      alignItems: {},
      alignContent: {},
      order: {},
      flex: {},
      flexGrow: {},
      flexShrink: {},
      alignSelf: {},
      justifyItems: {},
      justifySelf: {},
      gap: { style: [Function] },
      rowGap: { style: [Function] },
      columnGap: { style: [Function] },
      gridColumn: {},
      gridRow: {},
      gridAutoFlow: {},
      gridAutoColumns: {},
      gridAutoRows: {},
      gridTemplateColumns: {},
      gridTemplateRows: {},
      gridTemplateAreas: {},
      gridArea: {},
      position: {},
      zIndex: { themeKey: 'zIndex' },
      top: {},
      right: {},
      bottom: {},
      left: {},
      boxShadow: { themeKey: 'shadows' },
      width: { transform: [Function: B] },
      maxWidth: { style: [Function] },
      minWidth: { transform: [Function: B] },
      height: { transform: [Function: B] },
      maxHeight: { transform: [Function: B] },
      minHeight: { transform: [Function: B] },
      boxSizing: {},
      font: { themeKey: 'font' },
      fontFamily: { themeKey: 'typography' },
      fontSize: { themeKey: 'typography' },
      fontStyle: { themeKey: 'typography' },
      fontWeight: { themeKey: 'typography' },
      letterSpacing: {},
      textTransform: {},
      lineHeight: {},
      textAlign: {},
      typography: { cssProperty: false, themeKey: 'typography' }
    },
    unstable_sx: [Function (anonymous)],
    mixins: {
      toolbar: {
        minHeight: 56,
        '@media (min-width:0px)': [Object],
        '@media (min-width:600px)': [Object]
      }
    },
    shadows: [
      'none',
      '0px 1px 3px rgba(3, 0, 71, 0.09)',
      '0px 4px 16px rgba(43, 52, 69, 0.1)',
      '0px 8px 45px rgba(3, 0, 71, 0.09)',
      '0px 0px 28px rgba(3, 0, 71, 0.01)',
      'rgba(43, 52, 69, 0.05) 0px 0px 24px 0px,rgba(43, 52, 69, 0.05) 0px 3px 6px 0px',
      '#7d879c0d 0px 1px 3px 0px, #7d879c0d 0px 1px 2px 0px',
      'rgba(43, 52, 69, .07) 1px 1px 1px 0px',
      '0px 5px 5px -3px rgba(0,0,0,0.2),0px 8px 10px 1px rgba(0,0,0,0.14),0px 3px 14px 2px rgba(0,0,0,0.12)',
      '0px 5px 6px -3px rgba(0,0,0,0.2),0px 9px 12px 1px rgba(0,0,0,0.14),0px 3px 16px 2px rgba(0,0,0,0.12)',
      '0px 6px 6px -3px rgba(0,0,0,0.2),0px 10px 14px 1px rgba(0,0,0,0.14),0px 4px 18px 3px rgba(0,0,0,0.12)',
      '0px 6px 7px -4px rgba(0,0,0,0.2),0px 11px 15px 1px rgba(0,0,0,0.14),0px 4px 20px 3px rgba(0,0,0,0.12)',
      '0px 7px 8px -4px rgba(0,0,0,0.2),0px 12px 17px 2px rgba(0,0,0,0.14),0px 5px 22px 4px rgba(0,0,0,0.12)',
      '0px 7px 8px -4px rgba(0,0,0,0.2),0px 13px 19px 2px rgba(0,0,0,0.14),0px 5px 24px 4px rgba(0,0,0,0.12)',
      '0px 7px 9px -4px rgba(0,0,0,0.2),0px 14px 21px 2px rgba(0,0,0,0.14),0px 5px 26px 4px rgba(0,0,0,0.12)',
      '0px 8px 9px -5px rgba(0,0,0,0.2),0px 15px 22px 2px rgba(0,0,0,0.14),0px 6px 28px 5px rgba(0,0,0,0.12)',
      '0px 8px 10px -5px rgba(0,0,0,0.2),0px 16px 24px 2px rgba(0,0,0,0.14),0px 6px 30px 5px rgba(0,0,0,0.12)',
      '0px 8px 11px -5px rgba(0,0,0,0.2),0px 17px 26px 2px rgba(0,0,0,0.14),0px 6px 32px 5px rgba(0,0,0,0.12)',
      '0px 9px 11px -5px rgba(0,0,0,0.2),0px 18px 28px 2px rgba(0,0,0,0.14),0px 7px 34px 6px rgba(0,0,0,0.12)',
      '0px 9px 12px -6px rgba(0,0,0,0.2),0px 19px 29px 2px rgba(0,0,0,0.14),0px 7px 36px 6px rgba(0,0,0,0.12)',
      '0px 10px 13px -6px rgba(0,0,0,0.2),0px 20px 31px 3px rgba(0,0,0,0.14),0px 8px 38px 7px rgba(0,0,0,0.12)',
      '0px 10px 13px -6px rgba(0,0,0,0.2),0px 21px 33px 3px rgba(0,0,0,0.14),0px 8px 40px 7px rgba(0,0,0,0.12)',
      '0px 10px 14px -6px rgba(0,0,0,0.2),0px 22px 35px 3px rgba(0,0,0,0.14),0px 8px 42px 7px rgba(0,0,0,0.12)',
      '0px 11px 14px -7px rgba(0,0,0,0.2),0px 23px 36px 3px rgba(0,0,0,0.14),0px 9px 44px 8px rgba(0,0,0,0.12)',
      '0px 11px 15px -7px rgba(0,0,0,0.2),0px 24px 38px 3px rgba(0,0,0,0.14),0px 9px 46px 8px rgba(0,0,0,0.12)'
    ],
    transitions: {
      getAutoHeightDuration: [Function: i],
      create: [Function: create],
      easing: {
        easeInOut: 'cubic-bezier(0.4, 0, 0.2, 1)',
        easeOut: 'cubic-bezier(0.0, 0, 0.2, 1)',
        easeIn: 'cubic-bezier(0.4, 0, 1, 1)',
        sharp: 'cubic-bezier(0.4, 0, 0.6, 1)'
      },
      duration: {
        shortest: 150,
        shorter: 200,
        short: 250,
        standard: 300,
        complex: 375,
        enteringScreen: 225,
        leavingScreen: 195
      }
    },
    zIndex: {
      mobileStepper: 1000,
      fab: 1050,
      speedDial: 1050,
      appBar: 1100,
      drawer: 1200,
      modal: 1300,
      snackbar: 1400,
      tooltip: 1500
    },
    toRuntimeSource: [Function: B]
  }
  Theme palette at render: {
    mode: 'light',
    primary: {
      '50': '#f7f5fd',
      '100': '#ede6fa',
      '200': '#decff5',
      '300': '#cbb7ee',
      '400': '#b59fe7',
      '500': '#9B66F3',
      '600': '#8656da',
      '700': '#7046b8',
      '800': '#5a3a91',
      '900': '#2e1e4a',
      main: '#9B66F3',
      light: '#b59fe7',
      dark: '#7046b8',
      contrastText: '#FFFFFF'
    },
    dark: {
      '50': '#e9edf8',
      '100': '#cad4e1',
      '200': '#abb7c8',
      '300': '#8c9ab0',
      '400': '#75859d',
      '500': '#5e708b',
      '600': '#50627a',
      '700': '#404f64',
      '800': '#313d4e',
      '900': '#1A1D26',
      main: '#1A1D26',
      contrastText: '#e9edf8'
    },
    grey: {
      '50': '#fafafa',
      '100': '#F6F9FC',
      '200': '#F3F5F9',
      '300': '#E3E9EF',
      '400': '#DAE1E7',
      '500': '#AEB4BE',
      '600': '#7D879C',
      '700': '#4B566B',
      '800': '#373F50',
      '900': '#2B3445',
      A100: '#f5f5f5',
      A200: '#eeeeee',
      A400: '#bdbdbd',
      A700: '#616161'
    },
    gold: {
      '50': '#fffae8',
      '100': '#fef3c5',
      '200': '#fdeca0',
      '300': '#fbe57b',
      '400': '#f7df60',
      '500': '#f5d946',
      '600': '#e5c841',
      '700': '#d0b23b',
      '800': '#BB9C36',
      '900': '#98772d',
      main: '#BB9C36',
      light: '#f5d946',
      dark: '#98772d',
      contrastText: '#fffae8'
    },
    paste: {
      '50': '#F5F5F5',
      '100': '#DDFBF1',
      '200': '#BDF7E8',
      '300': '#97E8DA',
      '400': '#76D2CA',
      '500': '#4BB4B4',
      '600': '#36929A',
      '700': '#257181',
      '800': '#175368',
      '900': '#0E3D56',
      main: '#4BB4B4',
      light: '#DDFBF1',
      contrastText: '#FFFFFF'
    },
    error: {
      '100': '#FFEAEA',
      '200': '#FFCBCB',
      '300': '#FFA9A9',
      '400': '#FF6D6D',
      '500': '#FF5353',
      '600': '#FF4C4C',
      '700': '#FF4242',
      '800': '#FF3939',
      '900': '#FF2929',
      main: '#E94560',
      light: '#FFA9A9',
      dark: '#FF4242',
      contrastText: '#fff'
    },
    orange: {
      '50': '#FEE9D2',
      '100': '#FDD8AF',
      '200': '#FCC487',
      '300': '#FCB05F',
      '400': '#FB9C37',
      '500': '#FA8C16',
      '600': '#C86904',
      '700': '#A05403',
      '800': '#783F03',
      '900': '#502A02',
      main: '#FA8C16',
      dark: '#C86904',
      light: '#FDD8AF'
    },
    marron: {
      '50': '#f3f5f9',
      '100': '#F6F2ED',
      '200': '#F8DBD1',
      '300': '#EBBCB3',
      '400': '#D89C98',
      '500': '#BE7374',
      '600': '#A3545C',
      '700': '#883948',
      '800': '#6E2438',
      '900': '#5B162F',
      main: '#BE7374',
      light: '#F6F2ED',
      contrastText: '#f3f5f9'
    },
    bluish: {
      '50': '#e0f2f3',
      '100': '#b2dedf',
      '200': '#7fc9ca',
      '300': '#4bb4b4',
      '400': '#22a4a3',
      '500': '#009491',
      '600': '#008783',
      '700': '#257181',
      '800': '#175368',
      '900': '#0E3D56',
      main: '#4BB4B4',
      dark: '#36929A',
      light: '#BDF7E8'
    },
    warning: {
      '50': '#fff8e4',
      '100': '#ffedbb',
      '200': '#ffe290',
      '300': '#ffd767',
      '400': '#ffcd4e',
      '500': '#fec544',
      '600': '#fdb73f',
      '700': '#faa63b',
      '800': '#f89738',
      '900': '#f67a30',
      main: '#fec544',
      dark: '#faa63b',
      light: '#ffd767',
      contrastText: 'rgba(0, 0, 0, 0.87)'
    },
    success: {
      '100': '#E7F9ED',
      '200': '#C2F1D1',
      '300': '#99E8B3',
      '400': '#52D77E',
      '500': '#33D067',
      '600': '#2ECB5F',
      '700': '#27C454',
      '800': '#20BE4A',
      '900': '#0b7724',
      main: 'rgb(51, 208, 103)',
      light: '#99E8B3',
      dark: '#27C454',
      contrastText: 'rgba(0, 0, 0, 0.87)'
    },
    secondary: {
      '100': '#F3E5F5',
      '200': '#E1BEE7',
      '300': '#CE93D8',
      '400': '#BA68C8',
      '500': '#AB47BC',
      '600': '#9C27B0',
      '700': '#8E24AA',
      '800': '#7B1FA2',
      '900': '#6A1B9A',
      main: '#9C27B0',
      dark: '#6A1B9A',
      light: '#BA68C8',
      contrastText: '#fff'
    },
    purple: {
      '50': '#f3e6ff',
      '100': '#e0ccff',
      '200': '#cc99ff',
      '300': '#b366ff',
      '400': '#9933ff',
      '500': '#a46cfc',
      '600': '#934ae6',
      '700': '#7a33cc',
      '800': '#6128a3',
      '900': '#481870',
      main: '#a46cfc',
      light: '#b366ff',
      dark: '#7a33cc',
      contrastText: '#FFFFFF'
    },
    skinportBlue: {
      '50': '#e6f5fe',
      '100': '#cceafb',
      '200': '#99d6f8',
      '300': '#66c1f5',
      '400': '#4EADEB',
      '500': '#33acf2',
      '600': '#2e9bd9',
      '700': '#2889bf',
      '800': '#2277a6',
      '900': '#1c658c',
      main: '#4EADEB',
      light: '#66c1f5',
      dark: '#2889bf',
      contrastText: '#FFFFFF'
    },
    cs2NavbarPurple: {
      '50': '#f7f5fd',
      '100': '#ede6fa',
      '200': '#decff5',
      '300': '#cbb7ee',
      '400': '#b59fe7',
      '500': '#9B66F3',
      '600': '#8656da',
      '700': '#7046b8',
      '800': '#5a3a91',
      '900': '#2e1e4a',
      main: '#9B66F3',
      light: '#b59fe7',
      dark: '#7046b8',
      contrastText: '#FFFFFF'
    },
    topBar: {
      '50': '#f3e6ff',
      '100': '#e0ccff',
      '200': '#cc99ff',
      '300': '#b366ff',
      '400': '#9933ff',
      '500': '#a46cfc',
      '600': '#934ae6',
      '700': '#7a33cc',
      '800': '#6128a3',
      '900': '#481870',
      main: '#a46cfc',
      light: '#b366ff',
      dark: '#7a33cc',
      contrastText: '#FFFFFF'
    },
    header: {
      '50': '#f7f5fd',
      '100': '#ede6fa',
      '200': '#decff5',
      '300': '#cbb7ee',
      '400': '#b59fe7',
      '500': '#9B66F3',
      '600': '#8656da',
      '700': '#7046b8',
      '800': '#5a3a91',
      '900': '#2e1e4a',
      main: '#9B66F3',
      light: '#b59fe7',
      dark: '#7046b8',
      contrastText: '#FFFFFF',
      background: '#1A1D26',
      paper: '#22252f'
    },
    footer: {
      '50': '#f7f5fd',
      '100': '#ede6fa',
      '200': '#decff5',
      '300': '#cbb7ee',
      '400': '#b59fe7',
      '500': '#9B66F3',
      '600': '#8656da',
      '700': '#7046b8',
      '800': '#5a3a91',
      '900': '#1A1D26',
      main: '#9B66F3',
      light: '#b59fe7',
      dark: '#7046b8',
      contrastText: '#FFFFFF',
      background: '#1A1D26',
      paper: '#22252f'
    },
    info: {
      '50': '#f3f5f9',
      '100': '#DBF0FE',
      '200': '#B8DEFE',
      '300': '#94C9FE',
      '400': '#7AB6FD',
      '500': '#4E97FD',
      '600': '#3975D9',
      '700': '#2756B6',
      '800': '#183C92',
      '900': '#0E2979',
      main: '#4E97FD',
      light: '#DBF0FE',
      contrastText: '#FFFFFF',
      dark: '#2756B6'
    },
    divider: 'rgba(227, 233, 239, 0.2)',
    background: { default: '#0a0a0a', paper: '#22252f' },
    text: {
      primary: '#ffffff',
      secondary: 'rgba(255, 255, 255, 0.7)',
      disabled: 'rgba(255, 255, 255, 0.5)'
    },
    action: {
      focus: 'rgba(246, 249, 252, 0.12)',
      hover: 'rgba(246, 249, 252, 0.04)',
      active: 'rgba(246, 249, 252, 0.54)',
      selected: 'rgba(246, 249, 252, 0.08)',
      disabled: 'rgba(246, 249, 252, 0.26)',
      disabledBackground: 'rgba(246, 249, 252, 0.12)',
      hoverOpacity: 0.04,
      selectedOpacity: 0.08,
      disabledOpacity: 0.38,
      focusOpacity: 0.12,
      activatedOpacity: 0.12
    },
    common: { black: '#000', white: '#fff' },
    contrastThreshold: 3,
    getContrastText: [Function: S],
    augmentColor: [Function: O],
    tonalOffset: 0.2
  }
  Theme palette primary at render: {
    '50': '#f7f5fd',
    '100': '#ede6fa',
    '200': '#decff5',
    '300': '#cbb7ee',
    '400': '#b59fe7',
    '500': '#9B66F3',
    '600': '#8656da',
    '700': '#7046b8',
    '800': '#5a3a91',
    '900': '#2e1e4a',
    main: '#9B66F3',
    light: '#b59fe7',
    dark: '#7046b8',
    contrastText: '#FFFFFF'
  }
  No inventory data found: { bot2331: [], bot3257: [], combined: [], totalItems: 0 }