[2025-03-11 19:07:27,912] INFO - Main application starting
[2025-03-11 19:07:27,917] INFO - Application starting up
[2025-03-11 19:07:28,713] INFO - Analytics background tasks initialized
[2025-03-11 19:28:33,047] INFO - Application shutting down
[2025-03-11 19:28:33,047] INFO - Analytics background tasks stopped
[2025-03-11 22:42:59,936] INFO - Main application starting
[2025-03-11 22:42:59,946] INFO - Application starting up
[2025-03-11 22:43:00,800] INFO - Analytics background tasks initialized
[2025-03-11 23:56:25,544] INFO - Application shutting down
[2025-03-11 23:56:25,545] INFO - Analytics background tasks stopped
[2025-03-11 23:56:51,915] INFO - Main application starting
[2025-03-11 23:56:51,920] INFO - Application starting up
[2025-03-11 23:56:52,736] INFO - Analytics background tasks initialized
[2025-03-12 00:22:58,367] INFO - Application shutting down
[2025-03-12 00:22:58,367] INFO - Analytics background tasks stopped
[2025-03-12 00:28:28,843] INFO - Main application starting
[2025-03-12 00:28:28,848] INFO - Application starting up
[2025-03-12 00:28:29,663] INFO - Analytics background tasks initialized
[2025-03-12 00:49:54,166] INFO - Application shutting down
[2025-03-12 00:49:54,167] INFO - Analytics background tasks stopped
[2025-03-12 00:50:01,424] INFO - Main application starting
[2025-03-12 00:50:01,429] INFO - Application starting up
[2025-03-12 00:50:02,240] INFO - Analytics background tasks initialized
[2025-03-12 01:14:40,291] INFO - Application shutting down
[2025-03-12 01:14:40,292] INFO - Analytics background tasks stopped
[2025-03-12 01:14:49,855] INFO - Main application starting
[2025-03-12 01:14:49,855] INFO - Application starting up
[2025-03-12 01:15:02,840] INFO - Main application starting
[2025-03-12 01:15:02,845] INFO - Application starting up
[2025-03-12 01:15:31,963] INFO - Main application starting
[2025-03-12 01:15:31,979] INFO - Application starting up
[2025-03-12 01:17:22,845] INFO - Main application starting
[2025-03-12 01:17:22,845] INFO - Application starting up
[2025-03-12 01:17:24,095] INFO - Analytics background tasks initialized
[2025-03-12 01:34:12,028] INFO - Application shutting down
[2025-03-12 01:34:12,029] INFO - Analytics background tasks stopped
[2025-03-12 01:34:24,922] INFO - Main application starting
[2025-03-12 01:34:24,926] INFO - Application starting up
[2025-03-12 01:34:25,720] INFO - Analytics background tasks initialized
[2025-03-12 01:44:22,678] INFO - Application shutting down
[2025-03-12 01:44:22,678] INFO - Analytics background tasks stopped
[2025-03-12 01:44:24,853] INFO - Main application starting
[2025-03-12 01:44:24,857] INFO - Application starting up
[2025-03-12 01:44:25,693] INFO - Analytics background tasks initialized
[2025-03-12 01:44:53,755] INFO - Application shutting down
[2025-03-12 01:44:53,756] INFO - Analytics background tasks stopped
[2025-03-12 01:44:56,250] INFO - Main application starting
[2025-03-12 01:44:56,250] INFO - Application starting up
[2025-03-12 01:44:57,052] INFO - Analytics background tasks initialized
[2025-03-12 01:44:57,052] INFO - Application shutting down
[2025-03-12 01:44:57,052] INFO - Analytics background tasks stopped
[2025-03-12 01:44:59,726] INFO - Main application starting
[2025-03-12 01:44:59,734] INFO - Application starting up
[2025-03-12 01:45:00,618] INFO - Analytics background tasks initialized
[2025-03-12 02:11:57,258] INFO - Application shutting down
[2025-03-12 02:11:57,259] INFO - Analytics background tasks stopped
[2025-03-12 02:12:05,647] INFO - Main application starting
[2025-03-12 02:12:05,666] INFO - Application starting up
[2025-03-12 02:12:06,541] INFO - Analytics background tasks initialized
[2025-03-12 02:12:06,541] INFO - Application shutting down
[2025-03-12 02:12:06,541] INFO - Analytics background tasks stopped
[2025-03-12 02:12:13,824] INFO - Main application starting
[2025-03-12 02:12:13,824] INFO - Application starting up
[2025-03-12 02:12:14,610] INFO - Analytics background tasks initialized
[2025-03-12 02:38:11,487] INFO - Application shutting down
[2025-03-12 02:38:11,488] INFO - Analytics background tasks stopped
[2025-03-12 02:38:16,221] INFO - Main application starting
[2025-03-12 02:38:16,226] INFO - Application starting up
[2025-03-12 02:38:17,030] INFO - Analytics background tasks initialized
[2025-03-12 02:51:32,032] INFO - Application shutting down
[2025-03-12 02:51:32,034] INFO - Analytics background tasks stopped
[2025-03-12 02:51:37,067] INFO - Main application starting
[2025-03-12 02:51:37,073] INFO - Application starting up
[2025-03-12 02:51:37,954] INFO - Analytics background tasks initialized
[2025-03-12 02:56:11,967] INFO - Application shutting down
[2025-03-12 02:56:11,969] INFO - Analytics background tasks stopped
[2025-03-12 11:57:12,793] INFO - Main application starting
[2025-03-12 11:57:12,810] INFO - Application starting up
[2025-03-12 11:57:13,806] INFO - Analytics background tasks initialized
[2025-03-12 13:34:35,862] INFO - Application shutting down
[2025-03-12 13:34:35,864] INFO - Analytics background tasks stopped
[2025-03-12 15:37:03,176] INFO - Main application starting
[2025-03-12 15:37:03,186] INFO - Application starting up
[2025-03-12 15:37:04,718] INFO - Analytics background tasks initialized
[2025-03-12 17:44:04,430] INFO - Application shutting down
[2025-03-12 17:44:04,432] INFO - Analytics background tasks stopped
[2025-03-14 10:20:15,647] INFO - Main application starting
[2025-03-14 10:20:15,657] INFO - Application starting up
[2025-03-14 10:20:16,567] INFO - Analytics background tasks initialized
[2025-03-14 11:32:30,725] INFO - Main application starting
[2025-03-14 11:32:30,758] INFO - Application starting up
[2025-03-14 11:32:31,675] INFO - Analytics background tasks initialized
[2025-03-14 11:36:08,025] INFO - Application shutting down
[2025-03-14 11:36:08,026] INFO - Analytics background tasks stopped
[2025-03-14 11:43:43,606] INFO - Main application starting
[2025-03-14 11:43:43,625] INFO - Application starting up
[2025-03-14 11:43:44,635] INFO - Analytics background tasks initialized
[2025-03-14 12:48:45,447] INFO - Application shutting down
[2025-03-14 12:48:45,449] INFO - Analytics background tasks stopped
[2025-03-14 13:14:31,240] INFO - Main application starting
[2025-03-14 13:14:31,259] INFO - Application starting up
[2025-03-14 13:14:32,229] INFO - Analytics background tasks initialized
[2025-03-14 15:27:10,503] INFO - Application shutting down
[2025-03-14 15:27:10,503] INFO - Analytics background tasks stopped
[2025-03-14 15:27:19,415] INFO - Main application starting
[2025-03-14 15:27:19,433] INFO - Application starting up
[2025-03-14 15:27:20,327] INFO - Analytics background tasks initialized
[2025-03-14 16:19:10,624] INFO - Application shutting down
[2025-03-14 16:19:10,624] INFO - Analytics background tasks stopped
[2025-03-14 22:53:37,094] INFO - Main application starting
[2025-03-14 22:53:37,099] INFO - Application starting up
[2025-03-14 22:53:38,036] INFO - Analytics background tasks initialized
[2025-03-14 23:32:49,069] INFO - Application shutting down
[2025-03-14 23:32:49,069] INFO - Analytics background tasks stopped
[2025-03-15 15:43:59,632] INFO - Main application starting
[2025-03-15 15:43:59,652] INFO - Application starting up
[2025-03-15 15:44:00,609] INFO - Analytics background tasks initialized
[2025-03-15 17:19:50,180] INFO - Application shutting down
[2025-03-15 17:19:50,180] INFO - Analytics background tasks stopped
[2025-03-15 20:29:04,311] INFO - Main application starting
[2025-03-15 20:29:04,320] INFO - Application starting up
[2025-03-15 20:29:05,233] INFO - Analytics background tasks initialized
[2025-03-15 22:09:59,275] INFO - Main application starting
[2025-03-15 22:09:59,292] INFO - Application starting up
[2025-03-15 22:10:00,191] INFO - Analytics background tasks initialized
[2025-03-16 00:36:01,328] INFO - Application shutting down
[2025-03-16 00:36:01,344] INFO - Analytics background tasks stopped
[2025-03-16 11:53:40,222] INFO - Main application starting
[2025-03-16 11:53:40,243] INFO - Application starting up
[2025-03-16 11:53:41,297] INFO - Analytics background tasks initialized
[2025-03-16 14:47:28,722] INFO - Application shutting down
[2025-03-16 14:47:28,724] INFO - Analytics background tasks stopped
[2025-03-16 14:48:06,607] INFO - Main application starting
[2025-03-16 14:48:06,654] INFO - Application starting up
[2025-03-16 14:48:09,323] INFO - Analytics background tasks initialized
[2025-03-16 17:36:53,841] INFO - Application shutting down
[2025-03-16 17:36:53,841] INFO - Analytics background tasks stopped
[2025-03-16 17:54:36,039] INFO - Main application starting
[2025-03-16 17:54:36,061] INFO - Application starting up
[2025-03-16 17:54:38,623] INFO - Analytics background tasks initialized
[2025-03-16 18:08:33,903] INFO - Application shutting down
[2025-03-16 18:08:33,903] INFO - Analytics background tasks stopped
[2025-03-16 18:11:38,121] INFO - Main application starting
[2025-03-16 18:11:38,126] INFO - Application starting up
[2025-03-16 18:11:40,281] INFO - Analytics background tasks initialized
[2025-03-16 19:02:53,056] INFO - Application shutting down
[2025-03-16 19:02:53,058] INFO - Analytics background tasks stopped
[2025-03-16 19:11:35,002] INFO - Main application starting
[2025-03-16 19:11:35,035] INFO - Application starting up
[2025-03-16 19:11:37,230] INFO - Analytics background tasks initialized
[2025-03-16 19:22:17,683] INFO - Application shutting down
[2025-03-16 19:22:17,685] INFO - Analytics background tasks stopped
[2025-03-17 00:03:17,484] INFO - Main application starting
[2025-03-17 00:03:17,506] INFO - Application starting up
[2025-03-17 00:03:18,432] INFO - Analytics background tasks initialized
[2025-03-17 01:33:40,529] INFO - Application shutting down
[2025-03-17 01:33:40,531] INFO - Analytics background tasks stopped
[2025-03-18 17:44:05,224] INFO - Main application starting
[2025-03-18 17:44:05,230] INFO - Application starting up
[2025-03-18 17:44:06,052] INFO - Analytics background tasks initialized
[2025-03-18 17:48:47,915] INFO - Application shutting down
[2025-03-18 17:48:47,920] INFO - Analytics background tasks stopped
[2025-03-18 18:17:34,563] INFO - Main application starting
[2025-03-18 18:17:34,581] INFO - Application starting up
[2025-03-18 18:17:35,435] INFO - Analytics background tasks initialized
[2025-03-18 18:38:13,646] INFO - Application shutting down
[2025-03-18 18:38:13,647] INFO - Analytics background tasks stopped
[2025-03-18 19:30:03,135] INFO - Main application starting
[2025-03-18 19:30:03,143] INFO - Application starting up
[2025-03-18 19:30:04,046] INFO - Analytics background tasks initialized
[2025-03-18 20:01:03,571] INFO - Main application starting
[2025-03-18 20:01:03,571] INFO - Application starting up
[2025-03-18 20:01:04,378] INFO - Analytics background tasks initialized
[2025-03-18 20:02:28,418] INFO - Application shutting down
[2025-03-18 20:02:28,419] INFO - Analytics background tasks stopped
[2025-03-19 22:15:59,522] INFO - Main application starting
[2025-03-19 22:15:59,551] INFO - Application starting up
[2025-03-19 22:16:00,465] INFO - Analytics background tasks initialized
[2025-03-19 22:21:23,982] INFO - Application shutting down
[2025-03-19 22:21:23,982] INFO - Analytics background tasks stopped
[2025-03-20 05:42:03,908] INFO - Main application starting
[2025-03-20 05:42:03,925] INFO - Application starting up
[2025-03-20 05:42:04,738] INFO - Analytics background tasks initialized
[2025-03-20 06:01:44,138] INFO - Application shutting down
[2025-03-20 06:01:44,138] INFO - Analytics background tasks stopped
[2025-03-20 06:34:30,575] INFO - Main application starting
[2025-03-20 06:34:30,587] INFO - Application starting up
[2025-03-20 06:34:31,468] INFO - Analytics background tasks initialized
[2025-03-20 06:38:34,582] INFO - Application shutting down
[2025-03-20 06:38:34,582] INFO - Analytics background tasks stopped
[2025-03-20 08:10:38,143] INFO - Main application starting
[2025-03-20 08:10:38,150] INFO - Application starting up
[2025-03-20 08:10:38,999] INFO - Analytics background tasks initialized
[2025-03-20 08:43:40,343] INFO - Main application starting
[2025-03-20 08:43:40,348] INFO - Application starting up
[2025-03-20 08:43:41,197] INFO - Analytics background tasks initialized
[2025-03-20 08:57:26,446] INFO - Application shutting down
[2025-03-20 08:57:26,447] INFO - Analytics background tasks stopped
[2025-03-20 09:03:14,425] INFO - Main application starting
[2025-03-20 09:03:14,437] INFO - Application starting up
[2025-03-20 09:03:15,293] INFO - Analytics background tasks initialized
[2025-03-20 09:12:40,877] INFO - Application shutting down
[2025-03-20 09:12:40,877] INFO - Analytics background tasks stopped
[2025-03-20 17:38:40,376] INFO - Main application starting
[2025-03-20 17:38:40,376] INFO - Application starting up
[2025-03-20 17:38:41,262] INFO - Analytics background tasks initialized
[2025-03-20 22:43:44,343] INFO - Application shutting down
[2025-03-20 22:43:44,347] INFO - Analytics background tasks stopped
[2025-03-21 16:36:24,193] INFO - Main application starting
[2025-03-21 16:36:24,199] INFO - Application starting up
[2025-03-21 16:36:25,042] INFO - Analytics background tasks initialized
[2025-03-21 23:05:34,072] INFO - Application shutting down
[2025-03-21 23:05:34,072] INFO - Analytics background tasks stopped
[2025-03-21 23:05:44,076] INFO - Main application starting
[2025-03-21 23:05:44,087] INFO - Application starting up
[2025-03-21 23:05:46,522] INFO - Analytics background tasks initialized
[2025-03-21 23:39:07,040] INFO - Application shutting down
[2025-03-21 23:39:07,041] INFO - Analytics background tasks stopped
[2025-03-23 15:08:48,529] INFO - Main application starting
[2025-03-23 15:08:48,535] INFO - Application starting up
[2025-03-23 15:08:49,390] INFO - Analytics background tasks initialized
[2025-03-23 15:09:22,283] INFO - Application shutting down
[2025-03-23 15:09:22,284] INFO - Analytics background tasks stopped
[2025-03-23 15:38:36,194] INFO - Main application starting
[2025-03-23 15:38:36,202] INFO - Application starting up
[2025-03-23 15:38:37,170] INFO - Analytics background tasks initialized
[2025-03-23 16:23:26,351] INFO - Application shutting down
[2025-03-23 16:23:26,355] INFO - Analytics background tasks stopped
[2025-03-23 16:23:33,116] INFO - Main application starting
[2025-03-23 16:23:33,122] INFO - Application starting up
[2025-03-23 16:23:34,084] INFO - Analytics background tasks initialized
[2025-03-23 18:33:53,700] INFO - Application shutting down
[2025-03-23 18:33:53,700] INFO - Analytics background tasks stopped
[2025-03-27 19:57:05,217] INFO - Main application starting
[2025-03-27 19:57:05,229] INFO - Application starting up
[2025-03-27 19:57:06,222] INFO - Analytics background tasks initialized
[2025-03-27 21:50:39,874] INFO - Application shutting down
[2025-03-27 21:50:39,874] INFO - Analytics background tasks stopped
[2025-04-01 16:58:51,504] INFO - Main application starting
[2025-04-01 16:58:51,517] INFO - Application starting up
[2025-04-01 16:58:52,399] INFO - Analytics background tasks initialized
[2025-04-01 18:18:48,279] INFO - Application shutting down
[2025-04-01 18:18:48,279] INFO - Analytics background tasks stopped
[2025-04-01 19:02:24,720] INFO - Main application starting
[2025-04-01 19:02:24,730] INFO - Application starting up
[2025-04-01 19:02:25,628] INFO - Analytics background tasks initialized
[2025-04-01 21:41:17,544] INFO - Application shutting down
[2025-04-01 21:41:17,545] INFO - Analytics background tasks stopped
[2025-04-02 18:28:43,117] INFO - Main application starting
[2025-04-02 18:28:43,123] INFO - Application starting up
[2025-04-02 18:28:44,639] INFO - Analytics background tasks initialized
[2025-04-02 18:28:49,555] INFO - Application shutting down
[2025-04-02 18:28:49,556] INFO - Analytics background tasks stopped
[2025-04-18 19:59:54,312] INFO - Main application starting
[2025-04-18 19:59:54,319] INFO - Application starting up
[2025-04-18 19:59:55,257] INFO - Analytics background tasks initialized
[2025-04-18 20:25:26,689] INFO - Application shutting down
[2025-04-18 20:25:26,690] INFO - Analytics background tasks stopped
[2025-04-18 20:25:31,387] INFO - Main application starting
[2025-04-18 20:25:31,392] INFO - Application starting up
[2025-04-18 20:25:32,270] INFO - Analytics background tasks initialized
[2025-04-18 20:25:32,271] INFO - Application shutting down
[2025-04-18 20:25:32,271] INFO - Analytics background tasks stopped
[2025-04-18 20:25:34,719] INFO - Main application starting
[2025-04-18 20:25:34,725] INFO - Application starting up
[2025-04-18 20:25:35,554] INFO - Analytics background tasks initialized
[2025-04-18 20:26:03,593] INFO - Application shutting down
[2025-04-18 20:26:03,594] INFO - Analytics background tasks stopped
[2025-04-18 20:26:05,621] INFO - Main application starting
[2025-04-18 20:26:05,627] INFO - Application starting up
[2025-04-18 20:26:06,439] INFO - Analytics background tasks initialized
[2025-04-18 20:40:49,553] INFO - Application shutting down
[2025-04-18 20:40:49,554] INFO - Analytics background tasks stopped
[2025-04-18 20:40:54,168] INFO - Main application starting
[2025-04-18 20:40:54,173] INFO - Application starting up
[2025-04-18 20:40:55,095] INFO - Analytics background tasks initialized
[2025-04-18 20:40:55,098] INFO - Application shutting down
[2025-04-18 20:40:55,100] INFO - Analytics background tasks stopped
[2025-04-18 20:40:57,725] INFO - Main application starting
[2025-04-18 20:40:57,734] INFO - Application starting up
[2025-04-18 20:40:58,574] INFO - Analytics background tasks initialized
[2025-04-18 20:40:58,576] INFO - Application shutting down
[2025-04-18 20:40:58,576] INFO - Analytics background tasks stopped
[2025-04-18 20:41:01,226] INFO - Main application starting
[2025-04-18 20:41:01,237] INFO - Application starting up
[2025-04-18 20:41:02,091] INFO - Analytics background tasks initialized
[2025-04-18 20:41:02,091] INFO - Application shutting down
[2025-04-18 20:41:02,092] INFO - Analytics background tasks stopped
[2025-04-18 20:41:04,559] INFO - Main application starting
[2025-04-18 20:41:04,566] INFO - Application starting up
[2025-04-18 20:41:05,436] INFO - Analytics background tasks initialized
[2025-04-18 20:41:05,436] INFO - Application shutting down
[2025-04-18 20:41:05,436] INFO - Analytics background tasks stopped
[2025-04-18 20:41:07,880] INFO - Main application starting
[2025-04-18 20:41:07,886] INFO - Application starting up
[2025-04-18 20:41:08,758] INFO - Analytics background tasks initialized
[2025-04-18 20:41:08,759] INFO - Application shutting down
[2025-04-18 20:41:08,760] INFO - Analytics background tasks stopped
[2025-04-18 20:58:12,347] INFO - Main application starting
[2025-04-18 20:58:12,355] INFO - Application starting up
[2025-04-18 20:58:13,241] INFO - Analytics background tasks initialized
[2025-04-18 20:58:13,740] INFO - Root endpoint accessed
[2025-04-18 20:58:22,174] INFO - Root endpoint accessed
[2025-04-18 20:58:40,101] INFO - Application shutting down
[2025-04-18 20:58:40,101] INFO - Analytics background tasks stopped
[2025-04-18 20:58:42,371] INFO - Main application starting
[2025-04-18 20:58:42,377] INFO - Application starting up
[2025-04-18 20:58:43,212] INFO - Analytics background tasks initialized
[2025-04-18 20:58:43,213] INFO - Application shutting down
[2025-04-18 20:58:43,213] INFO - Analytics background tasks stopped
[2025-04-18 20:58:45,571] INFO - Main application starting
[2025-04-18 20:58:45,578] INFO - Application starting up
[2025-04-18 20:58:46,345] INFO - Analytics background tasks initialized
[2025-04-18 20:58:46,345] INFO - Application shutting down
[2025-04-18 20:58:46,346] INFO - Analytics background tasks stopped
[2025-04-18 20:58:48,803] INFO - Main application starting
[2025-04-18 20:58:48,813] INFO - Application starting up
[2025-04-18 20:58:49,643] INFO - Analytics background tasks initialized
[2025-04-18 20:58:49,643] INFO - Application shutting down
[2025-04-18 20:58:49,644] INFO - Analytics background tasks stopped
[2025-04-18 23:25:36,383] INFO - Main application starting
[2025-04-18 23:25:36,401] INFO - Application starting up
[2025-04-18 23:25:37,197] INFO - Analytics background tasks initialized
[2025-04-18 23:30:34,096] INFO - Application shutting down
[2025-04-18 23:30:34,096] INFO - Analytics background tasks stopped
[2025-04-18 23:30:36,496] INFO - Main application starting
[2025-04-18 23:30:36,513] INFO - Application starting up
[2025-04-18 23:30:37,298] INFO - Analytics background tasks initialized
[2025-04-18 23:30:37,298] INFO - Application shutting down
[2025-04-18 23:30:37,298] INFO - Analytics background tasks stopped
[2025-04-18 23:30:39,496] INFO - Main application starting
[2025-04-18 23:30:39,511] INFO - Application starting up
[2025-04-18 23:30:40,299] INFO - Analytics background tasks initialized
[2025-04-18 23:31:08,230] INFO - Application shutting down
[2025-04-18 23:31:08,231] INFO - Analytics background tasks stopped
[2025-04-18 23:31:10,446] INFO - Main application starting
[2025-04-18 23:31:10,463] INFO - Application starting up
[2025-04-18 23:31:11,279] INFO - Analytics background tasks initialized
[2025-04-18 23:31:11,279] INFO - Application shutting down
[2025-04-18 23:31:11,279] INFO - Analytics background tasks stopped
[2025-04-18 23:31:13,380] INFO - Main application starting
[2025-04-18 23:31:13,393] INFO - Application starting up
[2025-04-18 23:31:14,230] INFO - Analytics background tasks initialized
[2025-04-18 23:31:42,139] INFO - Application shutting down
[2025-04-18 23:31:42,139] INFO - Analytics background tasks stopped
[2025-04-18 23:31:44,509] INFO - Main application starting
[2025-04-18 23:31:44,524] INFO - Application starting up
[2025-04-18 23:31:45,276] INFO - Analytics background tasks initialized
[2025-04-18 23:31:45,276] INFO - Application shutting down
[2025-04-18 23:31:45,276] INFO - Analytics background tasks stopped
[2025-04-18 23:31:47,400] INFO - Main application starting
[2025-04-18 23:31:47,414] INFO - Application starting up
[2025-04-18 23:31:48,171] INFO - Analytics background tasks initialized
[2025-04-18 23:35:34,114] INFO - Application shutting down
[2025-04-18 23:35:34,115] INFO - Analytics background tasks stopped
[2025-04-18 23:35:36,660] INFO - Main application starting
[2025-04-18 23:35:36,674] INFO - Application starting up
[2025-04-18 23:35:37,558] INFO - Analytics background tasks initialized
[2025-04-18 23:35:37,559] INFO - Application shutting down
[2025-04-18 23:35:37,559] INFO - Analytics background tasks stopped
[2025-04-18 23:35:39,894] INFO - Main application starting
[2025-04-18 23:35:39,909] INFO - Application starting up
[2025-04-18 23:35:40,756] INFO - Analytics background tasks initialized
[2025-04-18 23:45:38,048] INFO - Application shutting down
[2025-04-18 23:45:38,050] INFO - Analytics background tasks stopped
[2025-04-18 23:45:40,969] INFO - Main application starting
[2025-04-18 23:45:40,983] INFO - Application starting up
[2025-04-18 23:45:41,957] INFO - Analytics background tasks initialized
[2025-04-18 23:45:41,957] INFO - Application shutting down
[2025-04-18 23:45:41,958] INFO - Analytics background tasks stopped
[2025-04-18 23:45:44,255] INFO - Main application starting
[2025-04-18 23:45:44,268] INFO - Application starting up
[2025-04-18 23:45:45,084] INFO - Analytics background tasks initialized
[2025-04-18 23:55:22,364] INFO - Application shutting down
[2025-04-18 23:55:22,366] INFO - Analytics background tasks stopped
[2025-04-18 23:55:25,816] INFO - Main application starting
[2025-04-18 23:55:25,817] INFO - Application starting up
[2025-04-18 23:55:26,746] INFO - Analytics background tasks initialized
[2025-04-18 23:55:26,747] INFO - Application shutting down
[2025-04-18 23:55:26,747] INFO - Analytics background tasks stopped
[2025-04-18 23:55:29,066] INFO - Main application starting
[2025-04-18 23:55:29,084] INFO - Application starting up
[2025-04-18 23:55:29,897] INFO - Analytics background tasks initialized
[2025-04-18 23:55:29,898] INFO - Application shutting down
[2025-04-18 23:55:29,898] INFO - Analytics background tasks stopped
[2025-04-18 23:55:32,257] INFO - Main application starting
[2025-04-18 23:55:32,274] INFO - Application starting up
[2025-04-18 23:55:33,101] INFO - Analytics background tasks initialized
[2025-04-18 23:55:33,101] INFO - Application shutting down
[2025-04-18 23:55:33,101] INFO - Analytics background tasks stopped
[2025-04-18 23:55:35,766] INFO - Main application starting
[2025-04-18 23:55:35,783] INFO - Application starting up
[2025-04-18 23:55:36,621] INFO - Analytics background tasks initialized
[2025-04-18 23:55:36,622] INFO - Application shutting down
[2025-04-18 23:55:36,622] INFO - Analytics background tasks stopped
[2025-04-18 23:55:39,247] INFO - Main application starting
[2025-04-18 23:55:39,266] INFO - Application starting up
[2025-04-18 23:55:40,067] INFO - Analytics background tasks initialized
[2025-04-18 23:55:40,068] INFO - Application shutting down
[2025-04-18 23:55:40,069] INFO - Analytics background tasks stopped
[2025-04-18 23:55:42,450] INFO - Main application starting
[2025-04-18 23:55:42,466] INFO - Application starting up
[2025-04-18 23:55:43,269] INFO - Analytics background tasks initialized
[2025-04-18 23:55:43,270] INFO - Application shutting down
[2025-04-18 23:55:43,271] INFO - Analytics background tasks stopped
[2025-04-18 23:55:45,601] INFO - Main application starting
[2025-04-18 23:55:45,612] INFO - Application starting up
[2025-04-18 23:55:46,446] INFO - Analytics background tasks initialized
[2025-04-18 23:56:14,279] INFO - Application shutting down
[2025-04-18 23:56:14,281] INFO - Analytics background tasks stopped
[2025-04-18 23:56:16,749] INFO - Main application starting
[2025-04-18 23:56:16,770] INFO - Application starting up
[2025-04-18 23:56:17,531] INFO - Analytics background tasks initialized
[2025-04-18 23:56:17,531] INFO - Application shutting down
[2025-04-18 23:56:17,531] INFO - Analytics background tasks stopped
[2025-04-18 23:56:19,968] INFO - Main application starting
[2025-04-18 23:56:19,981] INFO - Application starting up
[2025-04-18 23:56:20,784] INFO - Analytics background tasks initialized
[2025-04-18 23:56:20,784] INFO - Application shutting down
[2025-04-18 23:56:20,795] INFO - Analytics background tasks stopped
[2025-04-18 23:56:23,169] INFO - Main application starting
[2025-04-18 23:56:23,183] INFO - Application starting up
[2025-04-18 23:56:24,067] INFO - Analytics background tasks initialized
[2025-04-19 11:47:58,976] INFO - Main application starting
[2025-04-19 11:48:30,065] INFO - Main application starting
[2025-04-19 17:31:52,492] INFO - Main application starting
[2025-04-19 17:32:04,619] INFO - Main application starting
[2025-04-19 17:32:15,222] INFO - Main application starting
[2025-04-19 17:32:45,569] INFO - Main application starting
[2025-04-19 17:41:30,749] INFO - Main application starting
[2025-04-19 17:41:30,770] INFO - Application starting up
[2025-04-19 17:41:31,711] INFO - Analytics background tasks initialized
[2025-04-19 17:42:03,099] INFO - Application shutting down
[2025-04-19 17:42:03,100] INFO - Analytics background tasks stopped
[2025-04-19 17:42:05,496] INFO - Main application starting
[2025-04-19 17:42:05,521] INFO - Application starting up
[2025-04-19 17:42:06,394] INFO - Analytics background tasks initialized
[2025-04-19 17:42:06,395] INFO - Application shutting down
[2025-04-19 17:42:06,395] INFO - Analytics background tasks stopped
[2025-04-19 17:42:08,664] INFO - Main application starting
[2025-04-19 17:42:08,687] INFO - Application starting up
[2025-04-19 17:42:09,494] INFO - Analytics background tasks initialized
[2025-04-19 17:43:36,283] INFO - Application shutting down
[2025-04-19 17:43:36,283] INFO - Analytics background tasks stopped
[2025-04-19 17:43:38,591] INFO - Main application starting
[2025-04-19 17:43:38,611] INFO - Application starting up
[2025-04-19 17:43:39,532] INFO - Analytics background tasks initialized
[2025-04-19 17:43:39,532] INFO - Application shutting down
[2025-04-19 17:43:39,532] INFO - Analytics background tasks stopped
[2025-04-19 17:43:41,559] INFO - Main application starting
[2025-04-19 17:43:41,580] INFO - Application starting up
[2025-04-19 17:43:42,346] INFO - Analytics background tasks initialized
[2025-04-19 17:46:28,002] INFO - Application shutting down
[2025-04-19 17:46:28,003] INFO - Analytics background tasks stopped
[2025-04-19 17:46:33,987] INFO - Main application starting
[2025-04-19 17:46:34,006] INFO - Application starting up
[2025-04-19 17:46:34,874] INFO - Analytics background tasks initialized
[2025-04-19 17:55:54,895] INFO - Application shutting down
[2025-04-19 17:55:54,895] INFO - Analytics background tasks stopped
[2025-04-19 17:55:57,311] INFO - Main application starting
[2025-04-19 17:55:57,333] INFO - Application starting up
[2025-04-19 17:55:58,109] INFO - Analytics background tasks initialized
[2025-04-19 17:55:58,109] INFO - Application shutting down
[2025-04-19 17:55:58,109] INFO - Analytics background tasks stopped
[2025-04-19 17:56:00,392] INFO - Main application starting
[2025-04-19 17:56:00,413] INFO - Application starting up
[2025-04-19 17:56:01,229] INFO - Analytics background tasks initialized
[2025-04-19 17:57:23,917] INFO - Application shutting down
[2025-04-19 17:57:23,918] INFO - Analytics background tasks stopped
[2025-04-19 17:57:26,035] INFO - Main application starting
[2025-04-19 17:57:26,057] INFO - Application starting up
[2025-04-19 17:57:26,823] INFO - Analytics background tasks initialized
[2025-04-19 17:57:37,268] INFO - Application shutting down
[2025-04-19 17:57:37,269] INFO - Analytics background tasks stopped
[2025-04-19 17:57:39,100] INFO - Main application starting
[2025-04-19 17:57:39,118] INFO - Application starting up
[2025-04-19 17:57:39,989] INFO - Analytics background tasks initialized
[2025-04-19 17:58:43,786] INFO - Application shutting down
[2025-04-19 17:58:43,787] INFO - Analytics background tasks stopped
[2025-04-19 17:58:45,764] INFO - Main application starting
[2025-04-19 17:58:45,783] INFO - Application starting up
[2025-04-19 17:58:46,530] INFO - Analytics background tasks initialized
[2025-04-19 17:58:46,530] INFO - Application shutting down
[2025-04-19 17:58:46,530] INFO - Analytics background tasks stopped
[2025-04-19 17:58:48,474] INFO - Main application starting
[2025-04-19 17:58:48,497] INFO - Application starting up
[2025-04-19 17:58:49,310] INFO - Analytics background tasks initialized
[2025-04-19 18:00:04,850] INFO - Application shutting down
[2025-04-19 18:00:04,851] INFO - Analytics background tasks stopped
[2025-04-19 18:00:07,124] INFO - Main application starting
[2025-04-19 18:00:07,147] INFO - Application starting up
[2025-04-19 18:00:08,001] INFO - Analytics background tasks initialized
[2025-04-19 18:00:08,002] INFO - Application shutting down
[2025-04-19 18:00:08,002] INFO - Analytics background tasks stopped
[2025-04-19 18:00:10,178] INFO - Main application starting
[2025-04-19 18:00:10,201] INFO - Application starting up
[2025-04-19 18:00:11,011] INFO - Analytics background tasks initialized
[2025-04-19 18:03:07,149] INFO - Application shutting down
[2025-04-19 18:03:07,150] INFO - Analytics background tasks stopped
[2025-04-19 18:03:09,462] INFO - Main application starting
[2025-04-19 18:03:09,484] INFO - Application starting up
[2025-04-19 18:03:10,408] INFO - Analytics background tasks initialized
[2025-04-19 18:03:10,408] INFO - Application shutting down
[2025-04-19 18:03:10,408] INFO - Analytics background tasks stopped
[2025-04-19 18:03:12,408] INFO - Main application starting
[2025-04-19 18:03:12,429] INFO - Application starting up
[2025-04-19 18:03:13,234] INFO - Analytics background tasks initialized
[2025-04-19 18:04:44,533] INFO - Application shutting down
[2025-04-19 18:04:44,534] INFO - Analytics background tasks stopped
[2025-04-19 18:04:46,608] INFO - Main application starting
[2025-04-19 18:04:46,626] INFO - Application starting up
[2025-04-19 18:04:47,500] INFO - Analytics background tasks initialized
[2025-04-19 18:04:47,501] INFO - Application shutting down
[2025-04-19 18:04:47,501] INFO - Analytics background tasks stopped
[2025-04-19 18:04:49,485] INFO - Main application starting
[2025-04-19 18:04:49,505] INFO - Application starting up
[2025-04-19 18:04:50,378] INFO - Analytics background tasks initialized
[2025-04-19 18:07:58,578] INFO - Main application starting
[2025-04-19 18:08:39,063] INFO - Main application starting
[2025-04-19 18:09:37,917] INFO - Application shutting down
[2025-04-19 18:09:37,918] INFO - Analytics background tasks stopped
[2025-04-19 18:09:40,194] INFO - Main application starting
[2025-04-19 18:09:40,217] INFO - Application starting up
[2025-04-19 18:09:41,066] INFO - Analytics background tasks initialized
[2025-04-19 18:09:41,066] INFO - Application shutting down
[2025-04-19 18:09:41,066] INFO - Analytics background tasks stopped
[2025-04-19 18:09:43,238] INFO - Main application starting
[2025-04-19 18:09:43,260] INFO - Application starting up
[2025-04-19 18:09:44,115] INFO - Analytics background tasks initialized
[2025-04-19 18:14:41,504] INFO - Application shutting down
[2025-04-19 18:14:41,505] INFO - Analytics background tasks stopped
[2025-04-19 18:14:43,731] INFO - Main application starting
[2025-04-19 18:14:43,749] INFO - Application starting up
[2025-04-19 18:14:44,590] INFO - Analytics background tasks initialized
[2025-04-19 19:39:40,933] INFO - Application shutting down
[2025-04-19 19:39:40,934] INFO - Analytics background tasks stopped
[2025-04-19 20:46:36,108] INFO - Main application starting
[2025-04-19 20:46:36,133] INFO - Application starting up
[2025-04-19 20:46:37,071] INFO - Analytics background tasks initialized
[2025-04-19 20:46:37,072] INFO - Application shutting down
[2025-04-19 20:46:37,072] INFO - Analytics background tasks stopped
[2025-04-19 20:46:39,208] INFO - Main application starting
[2025-04-19 20:46:39,240] INFO - Application starting up
[2025-04-19 20:46:40,084] INFO - Analytics background tasks initialized
[2025-04-19 20:47:02,075] INFO - Application shutting down
[2025-04-19 20:47:02,075] INFO - Analytics background tasks stopped
[2025-04-19 20:47:04,335] INFO - Main application starting
[2025-04-19 20:47:04,357] INFO - Application starting up
[2025-04-19 20:47:05,256] INFO - Analytics background tasks initialized
[2025-04-19 20:47:05,256] INFO - Application shutting down
[2025-04-19 20:47:05,257] INFO - Analytics background tasks stopped
[2025-04-19 20:47:07,205] INFO - Main application starting
[2025-04-19 20:47:07,226] INFO - Application starting up
[2025-04-19 20:47:08,067] INFO - Analytics background tasks initialized
[2025-05-23 23:55:32,058] INFO - Main application starting
[2025-05-23 23:55:32,099] INFO - Application starting up
[2025-05-23 23:55:33,234] INFO - Analytics background tasks initialized
[2025-05-24 00:15:32,481] INFO - Application shutting down
[2025-05-24 00:15:32,482] INFO - Analytics background tasks stopped
[2025-05-26 13:13:59,034] INFO - Main application starting
[2025-05-26 13:34:42,795] INFO - Main application starting
[2025-05-26 13:34:42,821] INFO - Application starting up
[2025-05-26 13:34:44,080] INFO - Analytics background tasks initialized
[2025-05-26 13:36:21,667] INFO - Application shutting down
[2025-05-26 13:36:21,667] INFO - Analytics background tasks stopped
[2025-05-26 13:38:12,343] INFO - Main application starting
[2025-05-26 13:38:12,360] INFO - Application starting up
[2025-05-26 13:38:13,359] INFO - Analytics background tasks initialized
[2025-05-26 13:38:39,200] INFO - Application shutting down
[2025-05-26 13:38:39,200] INFO - Analytics background tasks stopped
[2025-05-26 13:38:50,925] INFO - Main application starting
[2025-05-26 13:38:50,946] INFO - Application starting up
[2025-05-26 13:38:51,927] INFO - Analytics background tasks initialized
[2025-05-26 13:39:28,838] INFO - Application shutting down
[2025-05-26 13:39:28,838] INFO - Analytics background tasks stopped
[2025-05-26 13:39:37,926] INFO - Main application starting
[2025-05-26 13:39:37,975] INFO - Application starting up
[2025-05-26 13:39:39,098] INFO - Analytics background tasks initialized
[2025-05-26 13:39:56,189] INFO - Application shutting down
[2025-05-26 13:39:56,189] INFO - Analytics background tasks stopped
[2025-05-26 13:42:36,653] INFO - Main application starting
[2025-05-26 13:42:36,675] INFO - Application starting up
[2025-05-26 13:42:37,646] INFO - Analytics background tasks initialized
[2025-05-26 13:53:37,539] INFO - Main application starting
[2025-05-26 13:55:31,970] INFO - Application shutting down
[2025-05-26 13:55:31,971] INFO - Analytics background tasks stopped
[2025-05-26 14:48:02,484] INFO - Main application starting
[2025-05-26 14:48:02,641] INFO - Root endpoint accessed
[2025-05-26 15:04:42,921] INFO - Main application starting
[2025-05-26 15:04:51,884] INFO - Main application starting
[2025-05-26 15:04:52,078] INFO - Root endpoint accessed
[2025-05-26 15:17:50,461] INFO - Main application starting
[2025-05-26 15:17:50,486] INFO - Application starting up
[2025-05-26 15:17:51,625] INFO - Analytics background tasks initialized
[2025-05-26 15:21:51,022] INFO - Application shutting down
[2025-05-26 15:21:51,023] INFO - Analytics background tasks stopped
[2025-05-26 15:21:53,253] INFO - Main application starting
[2025-05-26 15:21:53,279] INFO - Application starting up
[2025-05-26 15:21:54,475] INFO - Analytics background tasks initialized
[2025-05-26 15:21:54,475] INFO - Application shutting down
[2025-05-26 15:21:54,475] INFO - Analytics background tasks stopped
[2025-05-26 15:21:57,212] INFO - Main application starting
[2025-05-26 15:21:57,234] INFO - Application starting up
[2025-05-26 15:21:58,985] INFO - Analytics background tasks initialized
[2025-05-26 15:24:12,591] INFO - Application shutting down
[2025-05-26 15:24:12,591] INFO - Analytics background tasks stopped
[2025-05-26 15:24:14,685] INFO - Main application starting
[2025-05-26 15:24:14,707] INFO - Application starting up
[2025-05-26 15:24:15,787] INFO - Analytics background tasks initialized
[2025-05-26 15:24:15,787] INFO - Application shutting down
[2025-05-26 15:24:15,787] INFO - Analytics background tasks stopped
[2025-05-26 15:24:17,919] INFO - Main application starting
[2025-05-26 15:24:17,940] INFO - Application starting up
[2025-05-26 15:24:21,560] INFO - Analytics background tasks initialized
[2025-05-26 15:26:05,577] INFO - Application shutting down
[2025-05-26 15:26:05,577] INFO - Analytics background tasks stopped
[2025-05-26 15:26:08,143] INFO - Main application starting
[2025-05-26 15:26:08,167] INFO - Application starting up
[2025-05-26 15:26:10,880] INFO - Analytics background tasks initialized
[2025-05-26 15:26:10,881] INFO - Application shutting down
[2025-05-26 15:26:10,881] INFO - Analytics background tasks stopped
[2025-05-26 15:26:12,871] INFO - Main application starting
[2025-05-26 15:26:12,893] INFO - Application starting up
[2025-05-26 15:26:14,071] INFO - Analytics background tasks initialized
[2025-05-26 15:27:02,654] INFO - Application shutting down
[2025-05-26 15:27:02,654] INFO - Analytics background tasks stopped
[2025-05-26 15:27:04,900] INFO - Main application starting
[2025-05-26 15:27:04,922] INFO - Application starting up
[2025-05-26 15:27:05,978] INFO - Analytics background tasks initialized
[2025-05-26 15:27:05,979] INFO - Application shutting down
[2025-05-26 15:27:05,979] INFO - Analytics background tasks stopped
[2025-05-26 15:27:08,106] INFO - Main application starting
[2025-05-26 15:27:08,134] INFO - Application starting up
[2025-05-26 15:27:09,161] INFO - Analytics background tasks initialized
[2025-05-26 15:29:10,029] INFO - Application shutting down
[2025-05-26 15:29:10,029] INFO - Analytics background tasks stopped
[2025-05-26 15:29:12,330] INFO - Main application starting
[2025-05-26 15:29:12,351] INFO - Application starting up
[2025-05-26 15:29:14,267] INFO - Analytics background tasks initialized
[2025-05-26 15:29:14,268] INFO - Application shutting down
[2025-05-26 15:29:14,268] INFO - Analytics background tasks stopped
[2025-05-26 15:29:16,527] INFO - Main application starting
[2025-05-26 15:29:16,550] INFO - Application starting up
[2025-05-26 15:29:18,005] INFO - Analytics background tasks initialized
[2025-05-26 15:34:14,833] INFO - Application shutting down
[2025-05-26 15:34:14,833] INFO - Analytics background tasks stopped
[2025-05-26 15:34:17,371] INFO - Main application starting
[2025-05-26 15:34:17,396] INFO - Application starting up
[2025-05-26 15:34:18,544] INFO - Analytics background tasks initialized
[2025-05-26 15:34:18,544] INFO - Application shutting down
[2025-05-26 15:34:18,545] INFO - Analytics background tasks stopped
[2025-05-26 15:34:20,693] INFO - Main application starting
[2025-05-26 15:34:20,716] INFO - Application starting up
[2025-05-26 15:34:21,781] INFO - Analytics background tasks initialized
[2025-05-26 15:35:20,046] INFO - Application shutting down
[2025-05-26 15:35:20,047] INFO - Analytics background tasks stopped
[2025-05-26 15:35:22,541] INFO - Main application starting
[2025-05-26 15:35:22,565] INFO - Application starting up
[2025-05-26 15:35:24,971] INFO - Analytics background tasks initialized
[2025-05-26 15:35:24,971] INFO - Application shutting down
[2025-05-26 15:35:24,971] INFO - Analytics background tasks stopped
[2025-05-26 15:35:27,141] INFO - Main application starting
[2025-05-26 15:35:27,165] INFO - Application starting up
[2025-05-26 15:35:28,225] INFO - Analytics background tasks initialized
[2025-05-26 15:37:07,790] INFO - Application shutting down
[2025-05-26 15:37:07,790] INFO - Analytics background tasks stopped
[2025-05-26 15:38:14,273] INFO - Main application starting
[2025-05-26 15:38:14,294] INFO - Application starting up
[2025-05-26 15:38:15,485] INFO - Analytics background tasks initialized
[2025-05-26 15:38:15,485] INFO - Application shutting down
[2025-05-26 15:38:15,485] INFO - Analytics background tasks stopped
[2025-05-26 15:38:17,635] INFO - Main application starting
[2025-05-26 15:38:17,657] INFO - Application starting up
[2025-05-26 15:38:18,734] INFO - Analytics background tasks initialized
[2025-05-26 15:38:18,734] INFO - Application shutting down
[2025-05-26 15:38:18,734] INFO - Analytics background tasks stopped
[2025-05-26 15:38:20,885] INFO - Main application starting
[2025-05-26 15:38:20,908] INFO - Application starting up
[2025-05-26 15:38:21,928] INFO - Analytics background tasks initialized
[2025-05-26 15:43:07,992] INFO - Application shutting down
[2025-05-26 15:43:07,993] INFO - Analytics background tasks stopped
[2025-05-26 15:43:10,540] INFO - Main application starting
[2025-05-26 15:43:10,564] INFO - Application starting up
[2025-05-26 15:43:11,565] INFO - Analytics background tasks initialized
[2025-05-26 15:43:11,565] INFO - Application shutting down
[2025-05-26 15:43:11,565] INFO - Analytics background tasks stopped
[2025-05-26 15:43:13,783] INFO - Main application starting
[2025-05-26 15:43:13,833] INFO - Application starting up
[2025-05-26 15:43:14,950] INFO - Analytics background tasks initialized
[2025-05-26 15:48:12,103] INFO - Application shutting down
[2025-05-26 15:48:12,103] INFO - Analytics background tasks stopped
[2025-05-26 15:48:14,371] INFO - Main application starting
[2025-05-26 15:48:14,393] INFO - Application starting up
[2025-05-26 15:48:15,662] INFO - Analytics background tasks initialized
[2025-05-26 15:48:15,663] INFO - Application shutting down
[2025-05-26 15:48:15,663] INFO - Analytics background tasks stopped
[2025-05-26 15:48:17,586] INFO - Main application starting
[2025-05-26 15:48:17,606] INFO - Application starting up
[2025-05-26 15:48:18,675] INFO - Analytics background tasks initialized
[2025-05-26 16:05:16,881] INFO - Application shutting down
[2025-05-26 16:05:16,881] INFO - Analytics background tasks stopped
[2025-05-26 16:05:19,532] INFO - Main application starting
[2025-05-26 16:05:19,555] INFO - Application starting up
[2025-05-26 16:05:20,683] INFO - Analytics background tasks initialized
[2025-05-26 16:05:20,683] INFO - Application shutting down
[2025-05-26 16:05:20,683] INFO - Analytics background tasks stopped
[2025-05-26 16:05:22,904] INFO - Main application starting
[2025-05-26 16:05:22,926] INFO - Application starting up
[2025-05-26 16:05:24,166] INFO - Analytics background tasks initialized
[2025-05-26 16:06:55,734] INFO - Application shutting down
[2025-05-26 16:06:55,734] INFO - Analytics background tasks stopped
[2025-05-26 16:06:57,834] INFO - Main application starting
[2025-05-26 16:06:57,854] INFO - Application starting up
[2025-05-26 16:06:59,192] INFO - Analytics background tasks initialized
[2025-05-26 16:06:59,192] INFO - Application shutting down
[2025-05-26 16:06:59,192] INFO - Analytics background tasks stopped
[2025-05-26 16:07:01,137] INFO - Main application starting
[2025-05-26 16:07:01,162] INFO - Application starting up
[2025-05-26 16:07:02,176] INFO - Analytics background tasks initialized
[2025-05-26 16:14:50,043] INFO - Application shutting down
[2025-05-26 16:14:50,043] INFO - Analytics background tasks stopped
[2025-05-26 16:14:52,652] INFO - Main application starting
[2025-05-26 16:14:52,675] INFO - Application starting up
[2025-05-26 16:14:53,787] INFO - Analytics background tasks initialized
[2025-05-26 16:14:53,788] INFO - Application shutting down
[2025-05-26 16:14:53,788] INFO - Analytics background tasks stopped
[2025-05-26 16:14:55,803] INFO - Main application starting
[2025-05-26 16:14:55,826] INFO - Application starting up
[2025-05-26 16:14:56,853] INFO - Analytics background tasks initialized
[2025-05-26 16:15:21,141] INFO - Application shutting down
[2025-05-26 16:15:21,142] INFO - Analytics background tasks stopped
[2025-05-26 16:15:23,644] INFO - Main application starting
[2025-05-26 16:15:23,667] INFO - Application starting up
[2025-05-26 16:15:24,820] INFO - Analytics background tasks initialized
[2025-05-26 16:15:24,820] INFO - Application shutting down
[2025-05-26 16:15:24,820] INFO - Analytics background tasks stopped
[2025-05-26 16:15:26,949] INFO - Main application starting
[2025-05-26 16:15:26,973] INFO - Application starting up
[2025-05-26 16:15:28,132] INFO - Analytics background tasks initialized
[2025-05-26 16:20:25,265] INFO - Application shutting down
[2025-05-26 16:20:25,266] INFO - Analytics background tasks stopped
[2025-05-26 16:20:27,476] INFO - Main application starting
[2025-05-26 16:20:27,496] INFO - Application starting up
[2025-05-26 16:20:28,624] INFO - Analytics background tasks initialized
[2025-05-26 16:20:28,624] INFO - Application shutting down
[2025-05-26 16:20:28,624] INFO - Analytics background tasks stopped
[2025-05-26 16:20:30,720] INFO - Main application starting
[2025-05-26 16:20:30,741] INFO - Application starting up
[2025-05-26 16:20:31,726] INFO - Analytics background tasks initialized
[2025-05-26 16:25:29,024] INFO - Application shutting down
[2025-05-26 16:25:29,024] INFO - Analytics background tasks stopped
[2025-05-26 16:25:31,341] INFO - Main application starting
[2025-05-26 16:25:31,362] INFO - Application starting up
[2025-05-26 16:25:32,950] INFO - Analytics background tasks initialized
[2025-05-26 16:25:32,950] INFO - Application shutting down
[2025-05-26 16:25:32,950] INFO - Analytics background tasks stopped
[2025-05-26 16:25:35,476] INFO - Main application starting
[2025-05-26 16:25:35,498] INFO - Application starting up
[2025-05-26 16:26:11,874] INFO - Main application starting
[2025-05-26 16:26:11,897] INFO - Application starting up
[2025-05-26 16:26:15,655] INFO - Analytics background tasks initialized
[2025-05-26 16:27:11,494] INFO - Application shutting down
[2025-05-26 16:27:11,494] INFO - Analytics background tasks stopped
[2025-05-26 16:27:13,640] INFO - Main application starting
[2025-05-26 16:27:13,661] INFO - Application starting up
[2025-05-26 16:27:16,925] INFO - Analytics background tasks initialized
[2025-05-26 16:27:16,926] INFO - Application shutting down
[2025-05-26 16:27:16,926] INFO - Analytics background tasks stopped
[2025-05-26 16:27:18,951] INFO - Main application starting
[2025-05-26 16:27:18,974] INFO - Application starting up
[2025-05-26 16:27:19,965] INFO - Analytics background tasks initialized
[2025-05-26 16:28:50,776] INFO - Application shutting down
[2025-05-26 16:28:50,776] INFO - Analytics background tasks stopped
[2025-05-26 16:28:53,002] INFO - Main application starting
[2025-05-26 16:28:53,027] INFO - Application starting up
[2025-05-26 16:28:54,005] INFO - Analytics background tasks initialized
[2025-05-26 16:28:54,005] INFO - Application shutting down
[2025-05-26 16:28:54,006] INFO - Analytics background tasks stopped
[2025-05-26 16:28:55,921] INFO - Main application starting
[2025-05-26 16:28:55,940] INFO - Application starting up
[2025-05-26 16:28:57,020] INFO - Analytics background tasks initialized
[2025-05-26 16:29:48,071] INFO - Application shutting down
[2025-05-26 16:29:48,071] INFO - Analytics background tasks stopped
[2025-05-26 16:29:50,142] INFO - Main application starting
[2025-05-26 16:29:50,166] INFO - Application starting up
[2025-05-26 16:29:51,286] INFO - Analytics background tasks initialized
[2025-05-26 16:29:51,286] INFO - Application shutting down
[2025-05-26 16:29:51,287] INFO - Analytics background tasks stopped
[2025-05-26 16:29:53,536] INFO - Main application starting
[2025-05-26 16:29:53,558] INFO - Application starting up
[2025-05-26 16:29:54,488] INFO - Analytics background tasks initialized
[2025-05-26 16:30:25,334] INFO - Application shutting down
[2025-05-26 16:30:25,334] INFO - Analytics background tasks stopped
[2025-05-26 16:30:27,449] INFO - Main application starting
[2025-05-26 16:30:27,471] INFO - Application starting up
[2025-05-26 16:30:28,513] INFO - Analytics background tasks initialized
[2025-05-26 16:36:24,626] INFO - Application shutting down
[2025-05-26 16:36:24,627] INFO - Analytics background tasks stopped
[2025-05-26 16:36:27,102] INFO - Main application starting
[2025-05-26 16:36:27,125] INFO - Application starting up
[2025-05-26 16:36:28,399] INFO - Analytics background tasks initialized
[2025-05-26 16:36:28,399] INFO - Application shutting down
[2025-05-26 16:36:28,400] INFO - Analytics background tasks stopped
[2025-05-26 16:36:30,566] INFO - Main application starting
[2025-05-26 16:36:30,587] INFO - Application starting up
[2025-05-26 16:36:31,915] INFO - Analytics background tasks initialized
[2025-05-26 16:38:11,161] INFO - Application shutting down
[2025-05-26 16:38:11,161] INFO - Analytics background tasks stopped
[2025-05-26 16:38:13,935] INFO - Main application starting
[2025-05-26 16:38:13,958] INFO - Application starting up
[2025-05-26 16:38:15,001] INFO - Analytics background tasks initialized
[2025-05-26 16:38:15,001] INFO - Application shutting down
[2025-05-26 16:38:15,001] INFO - Analytics background tasks stopped
[2025-05-26 16:38:17,440] INFO - Main application starting
[2025-05-26 16:38:17,469] INFO - Application starting up
[2025-05-26 16:38:18,581] INFO - Analytics background tasks initialized
[2025-05-26 16:38:18,582] INFO - Application shutting down
[2025-05-26 16:38:18,582] INFO - Analytics background tasks stopped
[2025-05-26 16:38:20,688] INFO - Main application starting
[2025-05-26 16:38:20,711] INFO - Application starting up
[2025-05-26 16:38:21,755] INFO - Analytics background tasks initialized
[2025-05-26 16:43:18,970] INFO - Application shutting down
[2025-05-26 16:43:18,970] INFO - Analytics background tasks stopped
[2025-05-26 16:43:21,787] INFO - Main application starting
[2025-05-26 16:43:21,814] INFO - Application starting up
[2025-05-26 16:43:22,919] INFO - Analytics background tasks initialized
[2025-05-26 16:43:22,919] INFO - Application shutting down
[2025-05-26 16:43:22,919] INFO - Analytics background tasks stopped
[2025-05-26 16:43:25,048] INFO - Main application starting
[2025-05-26 16:43:25,070] INFO - Application starting up
[2025-05-26 16:43:26,268] INFO - Analytics background tasks initialized
[2025-05-26 16:43:26,268] INFO - Application shutting down
[2025-05-26 16:43:26,268] INFO - Analytics background tasks stopped
[2025-05-26 16:43:28,415] INFO - Main application starting
[2025-05-26 16:43:28,439] INFO - Application starting up
[2025-05-26 16:43:29,406] INFO - Analytics background tasks initialized
[2025-05-26 16:45:01,901] INFO - Application shutting down
[2025-05-26 16:45:01,901] INFO - Analytics background tasks stopped
[2025-05-26 16:45:04,523] INFO - Main application starting
[2025-05-26 16:45:04,544] INFO - Application starting up
[2025-05-26 16:45:05,995] INFO - Analytics background tasks initialized
[2025-05-26 16:45:05,995] INFO - Application shutting down
[2025-05-26 16:45:05,995] INFO - Analytics background tasks stopped
[2025-05-26 16:45:09,043] INFO - Main application starting
[2025-05-26 16:45:09,066] INFO - Application starting up
[2025-05-26 16:45:10,359] INFO - Analytics background tasks initialized
[2025-05-26 16:50:06,437] INFO - Application shutting down
[2025-05-26 16:50:06,437] INFO - Analytics background tasks stopped
[2025-05-26 16:53:14,102] INFO - Main application starting
[2025-05-26 16:53:14,118] INFO - Application starting up
[2025-05-26 16:53:15,263] INFO - Analytics background tasks initialized
[2025-05-26 16:53:55,505] INFO - Root endpoint accessed
[2025-05-26 16:53:55,696] INFO - Application shutting down
[2025-05-26 16:53:55,697] INFO - Analytics background tasks stopped
[2025-05-26 16:56:17,799] INFO - Main application starting
[2025-05-26 16:56:17,833] INFO - Application starting up
[2025-05-26 16:56:18,942] INFO - Analytics background tasks initialized
[2025-05-26 16:56:18,943] INFO - Application shutting down
[2025-05-26 16:56:18,943] INFO - Analytics background tasks stopped
[2025-05-26 16:56:21,015] INFO - Main application starting
[2025-05-26 16:56:21,038] INFO - Application starting up
[2025-05-26 16:56:22,165] INFO - Analytics background tasks initialized
[2025-05-26 17:01:19,418] INFO - Application shutting down
[2025-05-26 17:01:19,419] INFO - Analytics background tasks stopped
[2025-05-26 17:01:21,599] INFO - Main application starting
[2025-05-26 17:01:21,617] INFO - Application starting up
[2025-05-26 17:01:22,714] INFO - Analytics background tasks initialized
[2025-05-26 17:01:22,714] INFO - Application shutting down
[2025-05-26 17:01:22,714] INFO - Analytics background tasks stopped
[2025-05-26 17:01:25,212] INFO - Main application starting
[2025-05-26 17:01:25,226] INFO - Application starting up
[2025-05-26 17:01:26,149] INFO - Analytics background tasks initialized
[2025-05-26 17:14:13,574] INFO - Application shutting down
[2025-05-26 17:14:13,574] INFO - Analytics background tasks stopped
[2025-05-26 17:14:16,444] INFO - Main application starting
[2025-05-26 17:14:16,456] INFO - Application starting up
[2025-05-26 17:14:17,492] INFO - Analytics background tasks initialized
[2025-05-26 17:14:17,493] INFO - Application shutting down
[2025-05-26 17:14:17,493] INFO - Analytics background tasks stopped
[2025-05-26 17:14:19,751] INFO - Main application starting
[2025-05-26 17:14:19,766] INFO - Application starting up
[2025-05-26 17:14:20,808] INFO - Analytics background tasks initialized
[2025-05-26 17:17:13,188] INFO - Application shutting down
[2025-05-26 17:17:13,188] INFO - Analytics background tasks stopped
[2025-05-26 17:17:15,274] INFO - Main application starting
[2025-05-26 17:17:15,288] INFO - Application starting up
[2025-05-26 17:17:16,415] INFO - Analytics background tasks initialized
[2025-05-26 17:17:22,274] INFO - Application shutting down
[2025-05-26 17:17:22,274] INFO - Analytics background tasks stopped
[2025-05-26 17:17:24,417] INFO - Main application starting
[2025-05-26 17:17:24,435] INFO - Application starting up
[2025-05-26 17:17:25,421] INFO - Analytics background tasks initialized
[2025-05-26 17:18:31,568] INFO - Application shutting down
[2025-05-26 17:18:31,568] INFO - Analytics background tasks stopped
[2025-05-26 17:18:33,855] INFO - Main application starting
[2025-05-26 17:18:33,867] INFO - Application starting up
[2025-05-26 17:18:34,969] INFO - Analytics background tasks initialized
[2025-05-26 17:18:34,970] INFO - Application shutting down
[2025-05-26 17:18:34,970] INFO - Analytics background tasks stopped
[2025-05-26 17:18:37,241] INFO - Main application starting
[2025-05-26 17:18:37,253] INFO - Application starting up
[2025-05-26 17:18:38,289] INFO - Analytics background tasks initialized
[2025-05-26 17:20:52,356] INFO - Application shutting down
[2025-05-26 17:20:52,356] INFO - Analytics background tasks stopped
[2025-05-26 17:20:54,681] INFO - Main application starting
[2025-05-26 17:20:54,693] INFO - Application starting up
[2025-05-26 17:20:55,676] INFO - Analytics background tasks initialized
[2025-05-26 17:20:55,677] INFO - Application shutting down
[2025-05-26 17:20:55,677] INFO - Analytics background tasks stopped
[2025-05-26 17:20:57,723] INFO - Main application starting
[2025-05-26 17:20:57,735] INFO - Application starting up
[2025-05-26 17:20:58,711] INFO - Analytics background tasks initialized
[2025-05-26 17:21:33,738] INFO - Application shutting down
[2025-05-26 17:21:33,738] INFO - Analytics background tasks stopped
[2025-05-26 17:21:35,914] INFO - Main application starting
[2025-05-26 17:21:35,926] INFO - Application starting up
[2025-05-26 17:21:36,944] INFO - Analytics background tasks initialized
[2025-05-26 17:21:36,945] INFO - Application shutting down
[2025-05-26 17:21:36,945] INFO - Analytics background tasks stopped
[2025-05-26 17:21:39,065] INFO - Main application starting
[2025-05-26 17:21:39,079] INFO - Application starting up
[2025-05-26 17:21:40,619] INFO - Analytics background tasks initialized
[2025-05-26 17:22:09,124] INFO - Application shutting down
[2025-05-26 17:22:09,124] INFO - Analytics background tasks stopped
[2025-05-26 17:22:11,696] INFO - Main application starting
[2025-05-26 17:22:11,708] INFO - Application starting up
[2025-05-26 17:22:12,735] INFO - Analytics background tasks initialized
[2025-05-26 17:22:46,357] INFO - Application shutting down
[2025-05-26 17:22:46,357] INFO - Analytics background tasks stopped
[2025-05-26 17:22:48,438] INFO - Main application starting
[2025-05-26 17:22:48,451] INFO - Application starting up
[2025-05-26 17:22:49,492] INFO - Analytics background tasks initialized
[2025-05-26 17:22:49,493] INFO - Application shutting down
[2025-05-26 17:22:49,493] INFO - Analytics background tasks stopped
[2025-05-26 17:22:51,690] INFO - Main application starting
[2025-05-26 17:22:51,702] INFO - Application starting up
[2025-05-26 17:22:53,800] INFO - Analytics background tasks initialized
[2025-05-26 17:23:41,002] INFO - Application shutting down
[2025-05-26 17:23:41,003] INFO - Analytics background tasks stopped
[2025-05-26 17:23:43,223] INFO - Main application starting
[2025-05-26 17:23:43,236] INFO - Application starting up
[2025-05-26 17:23:44,750] INFO - Analytics background tasks initialized
[2025-05-26 17:24:00,868] INFO - Application shutting down
[2025-05-26 17:24:00,868] INFO - Analytics background tasks stopped
[2025-05-26 17:24:03,089] INFO - Main application starting
[2025-05-26 17:24:03,100] INFO - Application starting up
[2025-05-26 17:24:04,033] INFO - Analytics background tasks initialized
[2025-05-26 17:26:57,153] INFO - Application shutting down
[2025-05-26 17:26:57,153] INFO - Analytics background tasks stopped
[2025-05-26 17:26:59,339] INFO - Main application starting
[2025-05-26 17:26:59,351] INFO - Application starting up
[2025-05-26 17:27:00,338] INFO - Analytics background tasks initialized
[2025-05-26 17:27:00,338] INFO - Application shutting down
[2025-05-26 17:27:00,338] INFO - Analytics background tasks stopped
[2025-05-26 17:27:02,401] INFO - Main application starting
[2025-05-26 17:27:02,413] INFO - Application starting up
[2025-05-26 17:27:03,343] INFO - Analytics background tasks initialized
[2025-05-26 17:32:00,820] INFO - Application shutting down
[2025-05-26 17:32:00,821] INFO - Analytics background tasks stopped
[2025-05-26 17:32:03,614] INFO - Main application starting
[2025-05-26 17:32:03,626] INFO - Application starting up
[2025-05-26 17:32:04,706] INFO - Analytics background tasks initialized
[2025-05-26 17:32:04,706] INFO - Application shutting down
[2025-05-26 17:32:04,706] INFO - Analytics background tasks stopped
[2025-05-26 17:32:06,862] INFO - Main application starting
[2025-05-26 17:32:06,876] INFO - Application starting up
[2025-05-26 17:32:07,951] INFO - Analytics background tasks initialized
[2025-05-26 17:35:19,023] INFO - Application shutting down
[2025-05-26 17:35:19,024] INFO - Analytics background tasks stopped
[2025-05-26 17:35:21,035] INFO - Main application starting
[2025-05-26 17:35:21,046] INFO - Application starting up
[2025-05-26 17:35:22,197] INFO - Analytics background tasks initialized
[2025-05-26 17:35:22,198] INFO - Application shutting down
[2025-05-26 17:35:22,198] INFO - Analytics background tasks stopped
[2025-05-26 17:35:24,050] INFO - Main application starting
[2025-05-26 17:35:24,061] INFO - Application starting up
[2025-05-26 17:35:25,063] INFO - Analytics background tasks initialized
[2025-05-26 18:30:48,217] INFO - Application shutting down
[2025-05-26 18:30:48,218] INFO - Analytics background tasks stopped
[2025-05-26 18:30:52,534] INFO - Main application starting
[2025-05-26 18:30:52,548] INFO - Application starting up
[2025-05-26 18:30:53,721] INFO - Analytics background tasks initialized
[2025-05-26 18:33:29,160] INFO - Application shutting down
[2025-05-26 18:33:29,161] INFO - Analytics background tasks stopped
[2025-05-26 18:33:31,459] INFO - Main application starting
[2025-05-26 18:33:31,471] INFO - Application starting up
[2025-05-26 18:33:32,453] INFO - Analytics background tasks initialized
[2025-05-26 18:33:32,454] INFO - Application shutting down
[2025-05-26 18:33:32,454] INFO - Analytics background tasks stopped
[2025-05-26 18:33:34,682] INFO - Main application starting
[2025-05-26 18:33:34,692] INFO - Application starting up
[2025-05-26 18:33:35,779] INFO - Analytics background tasks initialized
[2025-05-26 18:33:35,780] INFO - Application shutting down
[2025-05-26 18:33:35,780] INFO - Analytics background tasks stopped
[2025-05-26 18:33:37,787] INFO - Main application starting
[2025-05-26 18:33:37,799] INFO - Application starting up
[2025-05-26 18:33:38,760] INFO - Analytics background tasks initialized
[2025-05-26 18:34:14,756] INFO - Application shutting down
[2025-05-26 18:34:14,757] INFO - Analytics background tasks stopped
[2025-05-26 18:34:16,811] INFO - Main application starting
[2025-05-26 18:34:16,821] INFO - Application starting up
[2025-05-26 18:34:18,900] INFO - Analytics background tasks initialized
[2025-05-26 18:34:18,901] INFO - Application shutting down
[2025-05-26 18:34:18,901] INFO - Analytics background tasks stopped
[2025-05-26 18:34:21,820] INFO - Main application starting
[2025-05-26 18:34:21,832] INFO - Application starting up
[2025-05-26 18:34:22,867] INFO - Analytics background tasks initialized
[2025-05-26 18:43:35,825] INFO - Application shutting down
[2025-05-26 18:43:35,826] INFO - Analytics background tasks stopped
[2025-05-26 18:43:38,463] INFO - Main application starting
[2025-05-26 18:43:38,474] INFO - Application starting up
[2025-05-26 18:43:39,574] INFO - Analytics background tasks initialized
[2025-05-26 18:43:39,575] INFO - Application shutting down
[2025-05-26 18:43:39,575] INFO - Analytics background tasks stopped
[2025-05-26 18:43:41,695] INFO - Main application starting
[2025-05-26 18:43:41,704] INFO - Application starting up
[2025-05-26 18:43:42,720] INFO - Analytics background tasks initialized
[2025-05-26 18:44:17,389] INFO - Application shutting down
[2025-05-26 18:44:17,389] INFO - Analytics background tasks stopped
[2025-05-26 18:44:19,463] INFO - Main application starting
[2025-05-26 18:44:19,473] INFO - Application starting up
[2025-05-26 18:44:20,556] INFO - Analytics background tasks initialized
[2025-05-26 18:44:44,441] INFO - Application shutting down
[2025-05-26 18:44:44,441] INFO - Analytics background tasks stopped
[2025-05-26 18:44:46,726] INFO - Main application starting
[2025-05-26 18:44:46,736] INFO - Application starting up
[2025-05-26 18:44:47,834] INFO - Analytics background tasks initialized
[2025-05-26 18:44:47,835] INFO - Application shutting down
[2025-05-26 18:44:47,835] INFO - Analytics background tasks stopped
[2025-05-26 18:44:49,753] INFO - Main application starting
[2025-05-26 18:44:49,770] INFO - Application starting up
[2025-05-26 18:44:50,752] INFO - Analytics background tasks initialized
[2025-05-26 18:45:55,057] INFO - Application shutting down
[2025-05-26 18:45:55,057] INFO - Analytics background tasks stopped
[2025-05-26 18:45:57,141] INFO - Main application starting
[2025-05-26 18:45:57,153] INFO - Application starting up
[2025-05-26 18:45:58,315] INFO - Analytics background tasks initialized
[2025-05-26 18:45:58,315] INFO - Application shutting down
[2025-05-26 18:45:58,315] INFO - Analytics background tasks stopped
[2025-05-26 18:46:00,482] INFO - Main application starting
[2025-05-26 18:46:00,493] INFO - Application starting up
[2025-05-26 18:46:01,591] INFO - Analytics background tasks initialized
[2025-05-26 18:46:36,490] INFO - Application shutting down
[2025-05-26 18:46:36,491] INFO - Analytics background tasks stopped
[2025-05-26 18:46:38,559] INFO - Main application starting
[2025-05-26 18:46:38,569] INFO - Application starting up
[2025-05-26 18:46:39,526] INFO - Analytics background tasks initialized
[2025-05-26 18:47:07,425] INFO - Application shutting down
[2025-05-26 18:47:07,425] INFO - Analytics background tasks stopped
[2025-05-26 18:47:09,927] INFO - Main application starting
[2025-05-26 18:47:09,937] INFO - Application starting up
[2025-05-26 18:47:11,035] INFO - Analytics background tasks initialized
[2025-05-26 18:47:11,036] INFO - Application shutting down
[2025-05-26 18:47:11,036] INFO - Analytics background tasks stopped
[2025-05-26 18:47:13,100] INFO - Main application starting
[2025-05-26 18:47:13,112] INFO - Application starting up
[2025-05-26 18:47:14,247] INFO - Analytics background tasks initialized
[2025-05-26 18:47:35,507] INFO - Application shutting down
[2025-05-26 18:47:35,507] INFO - Analytics background tasks stopped
[2025-05-26 18:47:37,696] INFO - Main application starting
[2025-05-26 18:47:37,716] INFO - Application starting up
[2025-05-26 18:47:38,720] INFO - Analytics background tasks initialized
[2025-05-26 18:47:38,720] INFO - Application shutting down
[2025-05-26 18:47:38,720] INFO - Analytics background tasks stopped
[2025-05-26 18:47:40,837] INFO - Main application starting
[2025-05-26 18:47:40,848] INFO - Application starting up
[2025-05-26 18:47:41,827] INFO - Analytics background tasks initialized
[2025-05-26 18:50:47,660] INFO - Application shutting down
[2025-05-26 18:50:47,661] INFO - Analytics background tasks stopped
[2025-05-26 18:50:50,014] INFO - Main application starting
[2025-05-26 18:50:50,024] INFO - Application starting up
[2025-05-26 18:50:51,053] INFO - Analytics background tasks initialized
[2025-05-26 18:50:51,053] INFO - Application shutting down
[2025-05-26 18:50:51,054] INFO - Analytics background tasks stopped
[2025-05-26 18:50:53,470] INFO - Main application starting
[2025-05-26 18:50:53,481] INFO - Application starting up
[2025-05-26 18:50:54,459] INFO - Analytics background tasks initialized
[2025-05-26 19:19:10,949] INFO - Application shutting down
[2025-05-26 19:19:10,949] INFO - Analytics background tasks stopped
[2025-05-26 19:19:13,738] INFO - Main application starting
[2025-05-26 19:19:13,749] INFO - Application starting up
[2025-05-26 19:19:14,814] INFO - Analytics background tasks initialized
[2025-05-26 19:19:14,815] INFO - Application shutting down
[2025-05-26 19:19:14,815] INFO - Analytics background tasks stopped
[2025-05-26 19:19:16,881] INFO - Main application starting
[2025-05-26 19:19:16,893] INFO - Application starting up
[2025-05-26 19:19:17,857] INFO - Analytics background tasks initialized
[2025-05-26 21:16:20,891] INFO - Application shutting down
[2025-05-26 21:16:20,892] INFO - Analytics background tasks stopped
[2025-05-26 21:16:24,640] INFO - Main application starting
[2025-05-26 21:16:24,651] INFO - Application starting up
[2025-05-26 21:16:25,770] INFO - Analytics background tasks initialized
[2025-05-26 22:09:37,864] INFO - Application shutting down
[2025-05-26 22:09:37,865] INFO - Analytics background tasks stopped
[2025-05-26 22:09:41,801] INFO - Main application starting
[2025-05-26 22:09:41,825] INFO - Application starting up
[2025-05-26 22:09:44,992] INFO - Analytics background tasks initialized
[2025-05-26 22:09:44,992] INFO - Application shutting down
[2025-05-26 22:09:44,992] INFO - Analytics background tasks stopped
[2025-05-26 22:09:49,304] INFO - Main application starting
[2025-05-26 22:09:49,319] INFO - Application starting up
[2025-05-26 22:09:53,660] INFO - Analytics background tasks initialized
[2025-05-26 22:14:45,495] INFO - Application shutting down
[2025-05-26 22:14:45,495] INFO - Analytics background tasks stopped
[2025-05-26 22:14:49,014] INFO - Main application starting
[2025-05-26 22:14:49,025] INFO - Application starting up
[2025-05-26 22:14:51,261] INFO - Analytics background tasks initialized
[2025-05-26 22:24:46,063] INFO - Application shutting down
[2025-05-26 22:24:46,063] INFO - Analytics background tasks stopped
[2025-05-26 22:24:49,557] INFO - Main application starting
[2025-05-26 22:24:49,567] INFO - Application starting up
[2025-05-26 22:24:53,435] INFO - Analytics background tasks initialized
[2025-05-26 22:24:53,435] INFO - Application shutting down
[2025-05-26 22:24:53,436] INFO - Analytics background tasks stopped
[2025-05-26 22:24:56,296] INFO - Main application starting
[2025-05-26 22:24:56,310] INFO - Application starting up
[2025-05-26 22:25:00,480] INFO - Analytics background tasks initialized
[2025-05-26 22:31:05,146] INFO - Application shutting down
[2025-05-26 22:31:05,146] INFO - Analytics background tasks stopped
[2025-05-26 22:31:09,338] INFO - Main application starting
[2025-05-26 22:31:09,354] INFO - Application starting up
[2025-05-26 22:31:12,452] INFO - Analytics background tasks initialized
[2025-05-26 22:31:12,453] INFO - Application shutting down
[2025-05-26 22:31:12,453] INFO - Analytics background tasks stopped
[2025-05-26 22:31:15,429] INFO - Main application starting
[2025-05-26 22:31:15,446] INFO - Application starting up
[2025-05-26 22:31:18,823] INFO - Analytics background tasks initialized
[2025-05-26 22:39:21,944] INFO - Application shutting down
[2025-05-26 22:39:21,944] INFO - Analytics background tasks stopped
[2025-05-26 22:39:25,329] INFO - Main application starting
[2025-05-26 22:39:25,344] INFO - Application starting up
[2025-05-26 22:39:26,527] INFO - Analytics background tasks initialized
[2025-05-26 22:39:49,765] INFO - Application shutting down
[2025-05-26 22:39:49,765] INFO - Analytics background tasks stopped
[2025-05-26 22:39:52,008] INFO - Main application starting
[2025-05-26 22:39:52,023] INFO - Application starting up
[2025-05-26 22:39:53,014] INFO - Analytics background tasks initialized
[2025-05-26 22:41:04,417] INFO - Application shutting down
[2025-05-26 22:41:04,418] INFO - Analytics background tasks stopped
[2025-05-26 22:41:06,520] INFO - Main application starting
[2025-05-26 22:41:06,531] INFO - Application starting up
[2025-05-26 22:41:07,629] INFO - Analytics background tasks initialized
[2025-05-26 22:41:07,630] INFO - Application shutting down
[2025-05-26 22:41:07,630] INFO - Analytics background tasks stopped
[2025-05-26 22:41:10,614] INFO - Main application starting
[2025-05-26 22:41:10,626] INFO - Application starting up
[2025-05-26 22:41:12,425] INFO - Analytics background tasks initialized
[2025-05-26 22:43:03,032] INFO - Application shutting down
[2025-05-26 22:43:03,032] INFO - Analytics background tasks stopped
[2025-05-26 22:43:05,128] INFO - Main application starting
[2025-05-26 22:43:05,140] INFO - Application starting up
[2025-05-26 22:43:06,252] INFO - Analytics background tasks initialized
[2025-05-26 22:43:06,252] INFO - Application shutting down
[2025-05-26 22:43:06,252] INFO - Analytics background tasks stopped
[2025-05-26 22:43:08,233] INFO - Main application starting
[2025-05-26 22:43:08,245] INFO - Application starting up
[2025-05-26 22:43:09,196] INFO - Analytics background tasks initialized
[2025-05-26 22:44:56,001] INFO - Application shutting down
[2025-05-26 22:44:56,001] INFO - Analytics background tasks stopped
[2025-05-26 22:44:58,242] INFO - Main application starting
[2025-05-26 22:44:58,253] INFO - Application starting up
[2025-05-26 22:44:59,234] INFO - Analytics background tasks initialized
[2025-05-26 22:47:12,173] INFO - Application shutting down
[2025-05-26 22:47:12,173] INFO - Analytics background tasks stopped
[2025-05-26 22:47:15,005] INFO - Main application starting
[2025-05-26 22:47:15,016] INFO - Application starting up
[2025-05-26 22:47:16,107] INFO - Analytics background tasks initialized
[2025-05-26 23:51:48,217] INFO - Application shutting down
[2025-05-26 23:51:48,217] INFO - Analytics background tasks stopped
[2025-05-27 18:51:25,155] INFO - Main application starting
[2025-05-27 18:51:25,167] INFO - Application starting up
[2025-05-27 18:51:26,247] INFO - Analytics background tasks initialized
[2025-05-27 19:10:27,851] INFO - Application shutting down
[2025-05-27 19:10:27,851] INFO - Analytics background tasks stopped
[2025-05-27 19:10:44,971] INFO - Main application starting
[2025-05-27 19:10:44,982] INFO - Application starting up
[2025-05-27 19:10:46,141] INFO - Analytics background tasks initialized
[2025-05-27 19:28:35,854] INFO - Application shutting down
[2025-05-27 19:28:35,854] INFO - Analytics background tasks stopped
[2025-05-27 19:29:41,710] INFO - Main application starting
[2025-05-27 19:29:41,721] INFO - Application starting up
[2025-05-27 19:29:42,831] INFO - Analytics background tasks initialized
[2025-05-27 19:38:17,320] INFO - Application shutting down
[2025-05-27 19:38:17,321] INFO - Analytics background tasks stopped
[2025-05-27 19:43:54,902] INFO - Main application starting
[2025-05-27 19:43:54,914] INFO - Application starting up
[2025-05-27 19:43:56,006] INFO - Analytics background tasks initialized
[2025-05-27 20:40:45,738] INFO - Application shutting down
[2025-05-27 20:40:45,740] INFO - Analytics background tasks stopped
[2025-05-27 21:38:03,096] INFO - Main application starting
[2025-05-27 21:38:03,107] INFO - Application starting up
[2025-05-27 21:38:04,108] INFO - Analytics background tasks initialized
[2025-05-27 22:05:18,956] INFO - Application shutting down
[2025-05-27 22:05:18,957] INFO - Analytics background tasks stopped
[2025-05-27 22:16:03,495] INFO - Main application starting
[2025-05-27 22:16:03,537] INFO - Application starting up
[2025-05-27 22:16:04,690] INFO - Analytics background tasks initialized
[2025-05-27 22:34:11,891] INFO - Application shutting down
[2025-05-27 22:34:11,892] INFO - Analytics background tasks stopped
[2025-05-29 11:42:43,344] INFO - Main application starting
[2025-05-29 11:42:43,358] INFO - Application starting up
[2025-05-29 11:42:44,533] INFO - Analytics background tasks initialized
[2025-05-29 12:32:28,835] INFO - Application shutting down
[2025-05-29 12:32:28,836] INFO - Analytics background tasks stopped
[2025-05-29 12:34:08,797] INFO - Main application starting
[2025-05-29 12:34:08,810] INFO - Application starting up
[2025-05-29 12:34:09,978] INFO - Analytics background tasks initialized
[2025-05-29 14:26:35,312] INFO - Application shutting down
[2025-05-29 14:26:35,312] INFO - Analytics background tasks stopped
