[2025-03-11 19:08:55,355] INFO - Session created in memory for wallet: 0x0300B70e40F138927e3a988ce4A9a069Ff875336
[2025-03-11 22:43:43,660] INFO - Session created in memory for wallet: 0x0300B70e40F138927e3a988ce4A9a069Ff875336
[2025-03-11 22:43:57,191] INFO - Session created in memory for wallet: 0x0300B70e40F138927e3a988ce4A9a069Ff875336
[2025-03-11 22:45:15,574] INFO - Session created in memory for wallet: 0x0300B70e40F138927e3a988ce4A9a069Ff875336
[2025-03-11 22:45:17,025] INFO - Session created in memory for wallet: 0x0300B70e40F138927e3a988ce4A9a069Ff875336
[2025-03-11 22:45:23,392] INFO - Session created in memory for wallet: 0x0300B70e40F138927e3a988ce4A9a069Ff875336
[2025-03-11 22:45:24,827] INFO - Session created in memory for wallet: 0x0300B70e40F138927e3a988ce4A9a069Ff875336
[2025-03-11 22:45:30,210] INFO - Session created in memory for wallet: 0x0300B70e40F138927e3a988ce4A9a069Ff875336
[2025-03-11 22:53:08,188] INFO - Session created in memory for wallet: 0x0300B70e40F138927e3a988ce4A9a069Ff875336
[2025-03-11 22:53:10,040] INFO - Session created in memory for wallet: 0x0300B70e40F138927e3a988ce4A9a069Ff875336
[2025-03-11 22:53:26,512] INFO - Session created in memory for wallet: 0x0300B70e40F138927e3a988ce4A9a069Ff875336
[2025-03-11 22:54:06,279] INFO - Session created in memory for wallet: 0x0300B70e40F138927e3a988ce4A9a069Ff875336
[2025-03-11 22:54:22,932] INFO - Session created in memory for wallet: 0x0300B70e40F138927e3a988ce4A9a069Ff875336
[2025-03-11 22:54:24,254] INFO - Session created in memory for wallet: 0x0300B70e40F138927e3a988ce4A9a069Ff875336
[2025-03-11 23:04:16,657] INFO - Session created in memory for wallet: 0x0300B70e40F138927e3a988ce4A9a069Ff875336
[2025-03-11 23:04:36,615] INFO - Session created in memory for wallet: 0x0300B70e40F138927e3a988ce4A9a069Ff875336
[2025-03-11 23:04:38,146] INFO - Session created in memory for wallet: 0x0300B70e40F138927e3a988ce4A9a069Ff875336
[2025-03-11 23:40:58,123] INFO - Session created in memory for wallet: 0x0300B70e40F138927e3a988ce4A9a069Ff875336
[2025-03-11 23:41:37,345] INFO - Session created in memory for wallet: 0x0300B70e40F138927e3a988ce4A9a069Ff875336
[2025-03-11 23:43:26,949] INFO - Session created in memory for wallet: 0x0300B70e40F138927e3a988ce4A9a069Ff875336
[2025-03-11 23:56:14,412] INFO - Session created in memory for wallet: 0x0300B70e40F138927e3a988ce4A9a069Ff875336
[2025-03-11 23:57:04,340] INFO - Session created in memory for wallet: 0xAbf4fb1AC5E3c0Db693deC235F9D9BE1a29bcDc9
[2025-03-11 23:57:49,475] INFO - Session created in memory for wallet: 0xAbf4fb1AC5E3c0Db693deC235F9D9BE1a29bcDc9
[2025-03-11 23:58:03,936] INFO - Session created in memory for wallet: 0xAbf4fb1AC5E3c0Db693deC235F9D9BE1a29bcDc9
[2025-03-11 23:58:05,241] INFO - Session created in memory for wallet: 0xAbf4fb1AC5E3c0Db693deC235F9D9BE1a29bcDc9
[2025-03-12 00:01:20,699] INFO - Session created in memory for wallet: 0xAbf4fb1AC5E3c0Db693deC235F9D9BE1a29bcDc9
[2025-03-12 00:01:43,248] INFO - Session created in memory for wallet: 0xAbf4fb1AC5E3c0Db693deC235F9D9BE1a29bcDc9
[2025-03-12 00:01:44,575] INFO - Session created in memory for wallet: 0xAbf4fb1AC5E3c0Db693deC235F9D9BE1a29bcDc9
[2025-03-12 00:11:29,098] INFO - Session created in memory for wallet: 0xAbf4fb1AC5E3c0Db693deC235F9D9BE1a29bcDc9
[2025-03-12 00:11:56,872] INFO - Session created in memory for wallet: 0xAbf4fb1AC5E3c0Db693deC235F9D9BE1a29bcDc9
[2025-03-12 00:17:56,078] INFO - Session created in memory for wallet: 0x0300B70e40F138927e3a988ce4A9a069Ff875336
[2025-03-12 00:18:07,344] INFO - Session created in memory for wallet: 0x0300B70e40F138927e3a988ce4A9a069Ff875336
[2025-03-12 00:22:30,022] INFO - Session created in memory for wallet: 0x0300B70e40F138927e3a988ce4A9a069Ff875336
[2025-03-12 00:22:30,025] INFO - Session created in memory for wallet: 0x0300B70e40F138927e3a988ce4A9a069Ff875336
[2025-03-12 00:22:30,527] INFO - Session created in memory for wallet: 0x0300B70e40F138927e3a988ce4A9a069Ff875336
[2025-03-12 00:22:40,142] INFO - Session created in memory for wallet: 0x0300B70e40F138927e3a988ce4A9a069Ff875336
[2025-03-12 00:22:40,149] INFO - Session created in memory for wallet: 0x0300B70e40F138927e3a988ce4A9a069Ff875336
[2025-03-12 00:22:40,285] INFO - Session created in memory for wallet: 0x0300B70e40F138927e3a988ce4A9a069Ff875336
[2025-03-12 00:22:46,499] INFO - Session created in memory for wallet: 0x0300B70e40F138927e3a988ce4A9a069Ff875336
[2025-03-12 00:29:15,830] INFO - Session created in memory for wallet: 0x0300B70e40F138927e3a988ce4A9a069Ff875336
[2025-03-12 00:29:22,419] INFO - Session created in memory for wallet: 0x0300B70e40F138927e3a988ce4A9a069Ff875336
[2025-03-12 00:29:49,293] INFO - Session created in memory for wallet: 0x0300B70e40F138927e3a988ce4A9a069Ff875336
[2025-03-12 00:29:50,793] INFO - Session created in memory for wallet: 0x0300B70e40F138927e3a988ce4A9a069Ff875336
[2025-03-12 00:29:58,131] INFO - Session created in memory for wallet: 0x0300B70e40F138927e3a988ce4A9a069Ff875336
[2025-03-12 00:29:59,351] INFO - Session created in memory for wallet: 0x0300B70e40F138927e3a988ce4A9a069Ff875336
[2025-03-12 00:39:45,757] INFO - Session created in memory for wallet: 0x0300B70e40F138927e3a988ce4A9a069Ff875336
[2025-03-12 00:39:47,455] INFO - Session created in memory for wallet: 0x0300B70e40F138927e3a988ce4A9a069Ff875336
[2025-03-12 00:45:26,245] INFO - Session created in memory for wallet: 0x0300B70e40F138927e3a988ce4A9a069Ff875336
[2025-03-12 00:45:30,190] INFO - Session created in memory for wallet: 0x0300B70e40F138927e3a988ce4A9a069Ff875336
[2025-03-12 00:45:36,620] INFO - Session created in memory for wallet: 0x0300B70e40F138927e3a988ce4A9a069Ff875336
[2025-03-12 00:45:39,817] INFO - Session created in memory for wallet: 0x0300B70e40F138927e3a988ce4A9a069Ff875336
[2025-03-12 00:45:40,875] INFO - Session created in memory for wallet: 0x0300B70e40F138927e3a988ce4A9a069Ff875336
[2025-03-12 00:46:15,034] INFO - Session created in memory for wallet: 0xAbf4fb1AC5E3c0Db693deC235F9D9BE1a29bcDc9
[2025-03-12 00:46:41,532] INFO - Session created in memory for wallet: 0xAbf4fb1AC5E3c0Db693deC235F9D9BE1a29bcDc9
[2025-03-12 00:46:43,045] INFO - Session created in memory for wallet: 0xAbf4fb1AC5E3c0Db693deC235F9D9BE1a29bcDc9
[2025-03-12 00:48:34,137] INFO - Session created in memory for wallet: 0xAbf4fb1AC5E3c0Db693deC235F9D9BE1a29bcDc9
[2025-03-12 00:48:39,661] INFO - Session created in memory for wallet: 0xAbf4fb1AC5E3c0Db693deC235F9D9BE1a29bcDc9
[2025-03-12 00:48:40,812] INFO - Session created in memory for wallet: 0xAbf4fb1AC5E3c0Db693deC235F9D9BE1a29bcDc9
[2025-03-12 00:48:55,317] INFO - Session created in memory for wallet: 0xAbf4fb1AC5E3c0Db693deC235F9D9BE1a29bcDc9
[2025-03-12 00:48:56,472] INFO - Session created in memory for wallet: 0xAbf4fb1AC5E3c0Db693deC235F9D9BE1a29bcDc9
[2025-03-12 00:49:26,966] INFO - Session created in memory for wallet: 0xAbf4fb1AC5E3c0Db693deC235F9D9BE1a29bcDc9
[2025-03-12 00:56:09,023] INFO - Session created in memory for wallet: 0xAbf4fb1AC5E3c0Db693deC235F9D9BE1a29bcDc9
[2025-03-12 00:56:41,096] INFO - Session created in memory for wallet: 0xAbf4fb1AC5E3c0Db693deC235F9D9BE1a29bcDc9
[2025-03-12 00:56:42,490] INFO - Session created in memory for wallet: 0xAbf4fb1AC5E3c0Db693deC235F9D9BE1a29bcDc9
[2025-03-12 01:08:40,070] INFO - Session created in memory for wallet: 0xAbf4fb1AC5E3c0Db693deC235F9D9BE1a29bcDc9
[2025-03-12 01:08:52,216] INFO - Session created in memory for wallet: 0xAbf4fb1AC5E3c0Db693deC235F9D9BE1a29bcDc9
[2025-03-12 01:09:06,758] INFO - Session created in memory for wallet: 0x0300B70e40F138927e3a988ce4A9a069Ff875336
[2025-03-12 01:10:00,421] INFO - Session created in memory for wallet: 0x0300B70e40F138927e3a988ce4A9a069Ff875336
[2025-03-12 01:12:23,222] INFO - Session created in memory for wallet: 0x0300B70e40F138927e3a988ce4A9a069Ff875336
[2025-03-12 01:12:24,616] INFO - Session created in memory for wallet: 0x0300B70e40F138927e3a988ce4A9a069Ff875336
[2025-03-12 01:12:41,162] INFO - Session created in memory for wallet: 0x0300B70e40F138927e3a988ce4A9a069Ff875336
[2025-03-12 01:13:28,171] INFO - Session created in memory for wallet: 0x0300B70e40F138927e3a988ce4A9a069Ff875336
[2025-03-12 01:13:56,529] INFO - Session created in memory for wallet: 0x50629C71967908D5C871A5eDAdDC853E2782E809
[2025-03-12 01:17:42,331] INFO - Session created in memory for wallet: 0x50629C71967908D5C871A5eDAdDC853E2782E809
[2025-03-12 01:18:11,778] INFO - Session created in memory for wallet: 0x50629C71967908D5C871A5eDAdDC853E2782E809
[2025-03-12 01:22:14,102] INFO - Session created in memory for wallet: 0x50629C71967908D5C871A5eDAdDC853E2782E809
[2025-03-12 01:22:15,054] INFO - Session created in memory for wallet: 0x50629C71967908D5C871A5eDAdDC853E2782E809
[2025-03-12 01:22:26,140] INFO - Session created in memory for wallet: 0x50629C71967908D5C871A5eDAdDC853E2782E809
[2025-03-12 01:23:20,865] INFO - Session created in memory for wallet: 0x50629C71967908D5C871A5eDAdDC853E2782E809
[2025-03-12 01:24:08,897] INFO - Session created in memory for wallet: 0x50629C71967908D5C871A5eDAdDC853E2782E809
[2025-03-12 01:25:14,755] INFO - Session created in memory for wallet: 0x50629C71967908D5C871A5eDAdDC853E2782E809
[2025-03-12 01:25:21,633] INFO - Session created in memory for wallet: 0x50629C71967908D5C871A5eDAdDC853E2782E809
[2025-03-12 01:25:30,913] INFO - Session created in memory for wallet: 0x50629C71967908D5C871A5eDAdDC853E2782E809
[2025-03-12 01:25:32,139] INFO - Session created in memory for wallet: 0x50629C71967908D5C871A5eDAdDC853E2782E809
[2025-03-12 01:25:32,141] INFO - Session created in memory for wallet: 0x50629C71967908D5C871A5eDAdDC853E2782E809
[2025-03-12 01:25:46,517] INFO - Session created in memory for wallet: 0x50629C71967908D5C871A5eDAdDC853E2782E809
[2025-03-12 01:25:55,790] INFO - Session created in memory for wallet: 0x50629C71967908D5C871A5eDAdDC853E2782E809
[2025-03-12 01:25:56,921] INFO - Session created in memory for wallet: 0x50629C71967908D5C871A5eDAdDC853E2782E809
[2025-03-12 01:25:56,922] INFO - Session created in memory for wallet: 0x50629C71967908D5C871A5eDAdDC853E2782E809
[2025-03-12 01:27:08,069] INFO - Session created in memory for wallet: 0x50629C71967908D5C871A5eDAdDC853E2782E809
[2025-03-12 01:28:41,196] INFO - Session created in memory for wallet: 0x50629C71967908D5C871A5eDAdDC853E2782E809
[2025-03-12 01:28:49,187] INFO - Session created in memory for wallet: 0x50629C71967908D5C871A5eDAdDC853E2782E809
[2025-03-12 01:28:50,308] INFO - Session created in memory for wallet: 0x50629C71967908D5C871A5eDAdDC853E2782E809
[2025-03-12 01:28:50,312] INFO - Session created in memory for wallet: 0x50629C71967908D5C871A5eDAdDC853E2782E809
[2025-03-12 01:29:11,631] INFO - Session created in memory for wallet: 0xAbf4fb1AC5E3c0Db693deC235F9D9BE1a29bcDc9
[2025-03-12 01:29:19,110] INFO - Session created in memory for wallet: 0xAbf4fb1AC5E3c0Db693deC235F9D9BE1a29bcDc9
[2025-03-12 01:29:20,192] INFO - Session created in memory for wallet: 0xAbf4fb1AC5E3c0Db693deC235F9D9BE1a29bcDc9
[2025-03-12 01:29:20,194] INFO - Session created in memory for wallet: 0xAbf4fb1AC5E3c0Db693deC235F9D9BE1a29bcDc9
[2025-03-12 01:30:15,970] INFO - Session created in memory for wallet: 0xAbf4fb1AC5E3c0Db693deC235F9D9BE1a29bcDc9
[2025-03-12 01:39:33,969] INFO - Session created in memory for wallet: 0x50629C71967908D5C871A5eDAdDC853E2782E809
[2025-03-12 01:40:06,709] INFO - Session created in memory for wallet: 0x50629C71967908D5C871A5eDAdDC853E2782E809
[2025-03-12 01:40:08,103] INFO - Session created in memory for wallet: 0x50629C71967908D5C871A5eDAdDC853E2782E809
[2025-03-12 01:40:08,104] INFO - Session created in memory for wallet: 0x50629C71967908D5C871A5eDAdDC853E2782E809
[2025-03-12 01:40:27,173] INFO - Session created in memory for wallet: 0x50629C71967908D5C871A5eDAdDC853E2782E809
[2025-03-12 01:45:07,588] INFO - Session created in memory for wallet: 0x50629C71967908D5C871A5eDAdDC853E2782E809, nonce: 399ebf8f3f0c81dc84dcdc6dd2472ee583bb10257773ae09276029f221f22505
[2025-03-12 01:45:09,467] INFO - Session verified and consumed for wallet: 0x50629C71967908D5C871A5eDAdDC853E2782E809
[2025-03-12 01:45:18,680] INFO - Session created in memory for wallet: 0x50629C71967908D5C871A5eDAdDC853E2782E809, nonce: 7aa80af48b720b8d47dbf73812e4cf9e274f9659ddffe1e01aebb667a4d8f4c9
[2025-03-12 01:45:19,981] INFO - Cleaning up existing session for wallet: 0x50629C71967908D5C871A5eDAdDC853E2782E809
[2025-03-12 01:45:19,981] INFO - Session created in memory for wallet: 0x50629C71967908D5C871A5eDAdDC853E2782E809, nonce: c21c6361195d6cd3822f9d3710855fae44021a70ce4a49d1c33420109d8970bd
[2025-03-12 01:45:19,983] INFO - Cleaning up existing session for wallet: 0x50629C71967908D5C871A5eDAdDC853E2782E809
[2025-03-12 01:45:19,984] INFO - Session created in memory for wallet: 0x50629C71967908D5C871A5eDAdDC853E2782E809, nonce: efe6980dde94bd05a2a3cb06c108916aafb99ce4c044e9ea8707a74cc778e4bc
[2025-03-12 01:45:42,502] ERROR - Nonce mismatch for wallet: 0x50629C71967908D5C871A5eDAdDC853E2782E809
[2025-03-12 01:45:42,830] INFO - Session verified and consumed for wallet: 0x50629C71967908D5C871A5eDAdDC853E2782E809
[2025-03-12 01:45:42,874] INFO - Session created in memory for wallet: 0x50629C71967908D5C871A5eDAdDC853E2782E809, nonce: c2bd8c24222e60c3cf01e3398a850f4bc48b7e8c628ac215e18334da15d919f2
[2025-03-12 01:45:43,130] INFO - Session verified and consumed for wallet: 0x50629C71967908D5C871A5eDAdDC853E2782E809
[2025-03-12 01:45:48,933] INFO - Session created in memory for wallet: 0x50629C71967908D5C871A5eDAdDC853E2782E809, nonce: 31cd2c464fe3357f31e72759003c17c2e084b7f21b5645501d5492d503bcd4c5
[2025-03-12 01:45:50,740] INFO - Session verified and consumed for wallet: 0x50629C71967908D5C871A5eDAdDC853E2782E809
[2025-03-12 01:45:58,854] INFO - Session created in memory for wallet: 0x50629C71967908D5C871A5eDAdDC853E2782E809, nonce: 3b0b8662f286120666478b31d16174409f74a182897fa6465b0b1c6731116310
[2025-03-12 01:46:00,674] INFO - Session verified and consumed for wallet: 0x50629C71967908D5C871A5eDAdDC853E2782E809
[2025-03-12 01:46:03,746] INFO - Session created in memory for wallet: 0x50629C71967908D5C871A5eDAdDC853E2782E809, nonce: bcfc10132b21a8f7588681925ebcae2fafb3e4bb658853ffd4e27a274c721d6b
[2025-03-12 01:46:04,888] INFO - Session verified and consumed for wallet: 0x50629C71967908D5C871A5eDAdDC853E2782E809
[2025-03-12 02:11:05,998] INFO - Session created in memory for wallet: 0x50629C71967908D5C871A5eDAdDC853E2782E809, nonce: dd66b69089cfe78789fa54eb097d028f43bc2eb90048583add33594724907bec
[2025-03-12 02:11:08,162] INFO - Session verified and consumed for wallet: 0x50629C71967908D5C871A5eDAdDC853E2782E809
[2025-03-12 02:13:54,473] INFO - Session created in memory for wallet: 0x50629C71967908D5C871A5eDAdDC853E2782E809
[2025-03-12 02:25:42,189] INFO - Session created in memory for wallet: 0x50629C71967908D5C871A5eDAdDC853E2782E809
[2025-03-12 02:25:58,502] INFO - Session created in memory for wallet: 0x50629C71967908D5C871A5eDAdDC853E2782E809
[2025-03-12 02:27:48,713] INFO - Session created in memory for wallet: 0x50629C71967908D5C871A5eDAdDC853E2782E809
[2025-03-12 02:28:06,860] INFO - Session created in memory for wallet: 0x0300B70e40F138927e3a988ce4A9a069Ff875336
[2025-03-12 02:28:07,921] INFO - Session created in memory for wallet: 0x0300B70e40F138927e3a988ce4A9a069Ff875336
[2025-03-12 02:28:07,923] INFO - Session created in memory for wallet: 0x0300B70e40F138927e3a988ce4A9a069Ff875336
[2025-03-12 02:28:18,787] INFO - Session created in memory for wallet: 0x0300B70e40F138927e3a988ce4A9a069Ff875336
[2025-03-12 02:28:19,979] INFO - Session created in memory for wallet: 0x0300B70e40F138927e3a988ce4A9a069Ff875336
[2025-03-12 02:28:19,981] INFO - Session created in memory for wallet: 0x0300B70e40F138927e3a988ce4A9a069Ff875336
[2025-03-12 02:28:26,691] INFO - Session created in memory for wallet: 0x0300B70e40F138927e3a988ce4A9a069Ff875336
[2025-03-12 02:28:46,175] INFO - Session created in memory for wallet: 0x0300B70e40F138927e3a988ce4A9a069Ff875336
[2025-03-12 02:39:01,622] INFO - Session created in memory for wallet: 0x0300B70e40F138927e3a988ce4A9a069Ff875336
[2025-03-12 02:39:30,308] INFO - Session created in memory for wallet: 0x0300B70e40F138927e3a988ce4A9a069Ff875336
[2025-03-12 02:48:14,414] INFO - Session created in memory for wallet: 0x0300B70e40F138927e3a988ce4A9a069Ff875336
[2025-03-12 02:48:25,983] INFO - Session created in memory for wallet: 0x0300B70e40F138927e3a988ce4A9a069Ff875336
[2025-03-12 02:48:32,921] INFO - Session created in memory for wallet: 0x0300B70e40F138927e3a988ce4A9a069Ff875336
[2025-03-12 02:50:43,718] INFO - Session created in memory for wallet: 0x0300B70e40F138927e3a988ce4A9a069Ff875336
[2025-03-12 02:52:24,731] INFO - Session created in memory for wallet: 0x0300B70e40F138927e3a988ce4A9a069Ff875336
[2025-03-12 02:52:47,052] INFO - Session created in memory for wallet: 0x0300B70e40F138927e3a988ce4A9a069Ff875336
[2025-03-12 02:54:51,747] INFO - Session created in memory for wallet: 0x0300B70e40F138927e3a988ce4A9a069Ff875336
[2025-03-12 12:21:07,713] INFO - Session created in memory for wallet: 0x0300B70e40F138927e3a988ce4A9a069Ff875336
[2025-03-12 12:21:08,666] INFO - Session created in memory for wallet: 0x0300B70e40F138927e3a988ce4A9a069Ff875336
[2025-03-12 12:21:20,343] INFO - Session created in memory for wallet: 0x0300B70e40F138927e3a988ce4A9a069Ff875336
[2025-03-12 12:21:21,334] INFO - Session created in memory for wallet: 0x0300B70e40F138927e3a988ce4A9a069Ff875336
[2025-03-12 12:27:30,271] INFO - Session created in memory for wallet: 0x0300B70e40F138927e3a988ce4A9a069Ff875336
[2025-03-12 12:28:17,716] INFO - Session created in memory for wallet: 0x0300B70e40F138927e3a988ce4A9a069Ff875336
[2025-03-12 12:28:18,948] INFO - Session created in memory for wallet: 0x0300B70e40F138927e3a988ce4A9a069Ff875336
[2025-03-12 12:28:18,951] INFO - Session created in memory for wallet: 0x0300B70e40F138927e3a988ce4A9a069Ff875336
[2025-03-12 12:32:03,832] INFO - Session created in memory for wallet: 0x0300B70e40F138927e3a988ce4A9a069Ff875336
[2025-03-12 12:32:33,229] INFO - Session created in memory for wallet: 0x0300B70e40F138927e3a988ce4A9a069Ff875336
[2025-03-12 12:32:39,446] INFO - Session created in memory for wallet: 0x0300B70e40F138927e3a988ce4A9a069Ff875336
[2025-03-12 12:33:06,144] INFO - Session created in memory for wallet: 0x0300B70e40F138927e3a988ce4A9a069Ff875336
[2025-03-12 12:33:25,166] INFO - Session created in memory for wallet: 0x0300B70e40F138927e3a988ce4A9a069Ff875336
[2025-03-12 12:33:34,204] INFO - Session created in memory for wallet: 0x0300B70e40F138927e3a988ce4A9a069Ff875336
[2025-03-14 13:23:35,030] INFO - Session created in memory for wallet: 0x0300B70e40F138927e3a988ce4A9a069Ff875336
[2025-03-14 13:30:34,973] INFO - Session created in memory for wallet: 0x0300B70e40F138927e3a988ce4A9a069Ff875336
[2025-03-15 16:33:05,608] INFO - Session created in memory for wallet: 0x0300B70e40F138927e3a988ce4A9a069Ff875336
[2025-03-15 16:37:32,803] INFO - Session created in memory for wallet: 0x0300B70e40F138927e3a988ce4A9a069Ff875336
[2025-03-15 17:11:36,080] INFO - Session created in memory for wallet: 0x0300B70e40F138927e3a988ce4A9a069Ff875336
[2025-03-15 17:13:25,244] INFO - Session created in memory for wallet: 0x0300B70e40F138927e3a988ce4A9a069Ff875336
[2025-03-16 18:32:43,750] INFO - Session created in memory for wallet: 0x0300B70e40F138927e3a988ce4A9a069Ff875336
[2025-03-16 18:33:26,155] INFO - Session created in memory for wallet: 0x0300B70e40F138927e3a988ce4A9a069Ff875336
[2025-03-16 18:48:22,902] INFO - Session created in memory for wallet: 0x0300B70e40F138927e3a988ce4A9a069Ff875336
[2025-03-16 18:51:53,638] INFO - Session created in memory for wallet: 0x0300B70e40F138927e3a988ce4A9a069Ff875336
[2025-03-16 18:51:59,652] INFO - Session created in memory for wallet: 0x0300B70e40F138927e3a988ce4A9a069Ff875336
[2025-03-16 18:59:05,681] INFO - Session created in memory for wallet: 0x0300B70e40F138927e3a988ce4A9a069Ff875336
[2025-03-16 19:12:39,176] INFO - Session created in memory for wallet: 0x0300B70e40F138927e3a988ce4A9a069Ff875336
[2025-03-18 17:45:17,695] INFO - Session created in memory for wallet: 0xA1E82F804D00d7CDe0dc591fBa2AD5A8A22C45b4
[2025-03-18 17:45:17,782] INFO - Session created in memory for wallet: 0xA1E82F804D00d7CDe0dc591fBa2AD5A8A22C45b4
[2025-03-18 17:45:30,758] INFO - Session created in memory for wallet: 0xA1E82F804D00d7CDe0dc591fBa2AD5A8A22C45b4
[2025-03-18 17:45:30,760] INFO - Session created in memory for wallet: 0xA1E82F804D00d7CDe0dc591fBa2AD5A8A22C45b4
[2025-03-18 17:45:30,848] INFO - Session created in memory for wallet: 0xA1E82F804D00d7CDe0dc591fBa2AD5A8A22C45b4
[2025-03-18 17:45:30,851] INFO - Session created in memory for wallet: 0xA1E82F804D00d7CDe0dc591fBa2AD5A8A22C45b4
[2025-03-18 17:45:49,919] INFO - Session created in memory for wallet: 0xA1E82F804D00d7CDe0dc591fBa2AD5A8A22C45b4
[2025-03-18 17:45:50,116] INFO - Session created in memory for wallet: 0xA1E82F804D00d7CDe0dc591fBa2AD5A8A22C45b4
[2025-03-18 17:47:05,242] INFO - Session created in memory for wallet: 0xA1E82F804D00d7CDe0dc591fBa2AD5A8A22C45b4
[2025-03-18 17:47:09,312] INFO - Session created in memory for wallet: 0xA1E82F804D00d7CDe0dc591fBa2AD5A8A22C45b4
[2025-03-18 17:47:09,317] INFO - Session created in memory for wallet: 0xA1E82F804D00d7CDe0dc591fBa2AD5A8A22C45b4
[2025-03-18 17:47:37,708] INFO - Session created in memory for wallet: 0xA1E82F804D00d7CDe0dc591fBa2AD5A8A22C45b4
[2025-03-18 18:24:13,125] INFO - Session created in memory for wallet: 0xA1E82F804D00d7CDe0dc591fBa2AD5A8A22C45b4
[2025-03-18 18:24:15,182] INFO - Session created in memory for wallet: 0xA1E82F804D00d7CDe0dc591fBa2AD5A8A22C45b4
[2025-03-18 18:24:16,970] INFO - Session created in memory for wallet: 0xA1E82F804D00d7CDe0dc591fBa2AD5A8A22C45b4
[2025-03-18 18:24:16,972] INFO - Session created in memory for wallet: 0xA1E82F804D00d7CDe0dc591fBa2AD5A8A22C45b4
[2025-03-18 18:24:41,328] INFO - Session created in memory for wallet: 0x0300B70e40F138927e3a988ce4A9a069Ff875336
[2025-03-18 18:24:41,328] INFO - Session created in memory for wallet: 0x0300B70e40F138927e3a988ce4A9a069Ff875336
[2025-03-18 18:24:42,484] INFO - Session created in memory for wallet: 0x0300B70e40F138927e3a988ce4A9a069Ff875336
[2025-03-18 18:24:42,486] INFO - Session created in memory for wallet: 0x0300B70e40F138927e3a988ce4A9a069Ff875336
[2025-03-18 19:30:36,616] INFO - Session created in memory for wallet: 0x0300B70e40F138927e3a988ce4A9a069Ff875336
[2025-03-19 22:17:59,075] INFO - Session created in memory for wallet: 0x0300B70e40F138927e3a988ce4A9a069Ff875336
[2025-03-20 05:43:02,846] INFO - Session created in memory for wallet: 0x0300B70e40F138927e3a988ce4A9a069Ff875336
[2025-03-20 05:59:27,887] INFO - Session created in memory for wallet: 0x0300B70e40F138927e3a988ce4A9a069Ff875336
[2025-03-20 05:59:27,901] INFO - Session created in memory for wallet: 0x0300B70e40F138927e3a988ce4A9a069Ff875336
[2025-03-20 05:59:39,179] INFO - Session created in memory for wallet: 0x0300B70e40F138927e3a988ce4A9a069Ff875336
[2025-03-20 05:59:39,187] INFO - Session created in memory for wallet: 0x0300B70e40F138927e3a988ce4A9a069Ff875336
[2025-03-20 06:00:20,387] INFO - Session created in memory for wallet: 0x0300B70e40F138927e3a988ce4A9a069Ff875336
[2025-03-20 06:00:20,391] INFO - Session created in memory for wallet: 0x0300B70e40F138927e3a988ce4A9a069Ff875336
[2025-03-20 06:35:49,185] INFO - Session created in memory for wallet: 0x0300B70e40F138927e3a988ce4A9a069Ff875336
[2025-03-20 08:13:15,595] INFO - Session created in memory for wallet: 0x0300B70e40F138927e3a988ce4A9a069Ff875336
[2025-03-20 08:17:10,864] INFO - Session created in memory for wallet: 0x0300B70e40F138927e3a988ce4A9a069Ff875336
[2025-03-20 09:08:27,065] INFO - Session created in memory for wallet: 0x0300B70e40F138927e3a988ce4A9a069Ff875336
[2025-03-20 09:09:56,853] INFO - Session created in memory for wallet: 0x0300B70e40F138927e3a988ce4A9a069Ff875336
[2025-03-20 09:10:06,085] INFO - Session created in memory for wallet: 0x0300B70e40F138927e3a988ce4A9a069Ff875336
[2025-03-21 18:51:40,214] INFO - Session created in memory for wallet: 0x0300B70e40F138927e3a988ce4A9a069Ff875336
[2025-03-21 18:58:16,437] INFO - Session created in memory for wallet: 0x0300B70e40F138927e3a988ce4A9a069Ff875336
[2025-03-21 18:58:16,748] INFO - Session created in memory for wallet: 0x0300B70e40F138927e3a988ce4A9a069Ff875336
[2025-03-21 18:58:16,754] INFO - Session created in memory for wallet: 0x0300B70e40F138927e3a988ce4A9a069Ff875336
[2025-03-21 19:03:07,850] INFO - Session created in memory for wallet: 0x0300B70e40F138927e3a988ce4A9a069Ff875336
[2025-03-21 19:05:30,916] INFO - Session created in memory for wallet: 0x0300B70e40F138927e3a988ce4A9a069Ff875336
[2025-03-21 19:05:31,682] INFO - Session created in memory for wallet: 0x0300B70e40F138927e3a988ce4A9a069Ff875336
[2025-03-21 19:05:31,690] INFO - Session created in memory for wallet: 0x0300B70e40F138927e3a988ce4A9a069Ff875336
[2025-03-21 19:07:04,892] INFO - Session created in memory for wallet: 0x0300B70e40F138927e3a988ce4A9a069Ff875336
[2025-03-21 21:42:48,179] INFO - Session created in memory for wallet: 0x0300B70e40F138927e3a988ce4A9a069Ff875336
[2025-03-21 23:22:28,058] INFO - Session created in memory for wallet: 0x0300B70e40F138927e3a988ce4A9a069Ff875336
[2025-03-21 23:22:42,128] INFO - Session created in memory for wallet: 0x0300B70e40F138927e3a988ce4A9a069Ff875336
[2025-03-21 23:27:29,719] INFO - Session created in memory for wallet: 0x0300B70e40F138927e3a988ce4A9a069Ff875336
[2025-03-21 23:30:11,852] INFO - Session created in memory for wallet: 0x0300B70e40F138927e3a988ce4A9a069Ff875336
[2025-03-23 15:09:05,013] INFO - Session created in memory for wallet: 0x0300B70e40F138927e3a988ce4A9a069Ff875336
[2025-04-01 17:56:14,639] INFO - Session created in memory for wallet: 0x0300B70e40F138927e3a988ce4A9a069Ff875336
[2025-04-01 19:03:21,816] INFO - Session created in memory for wallet: 0x0300B70e40F138927e3a988ce4A9a069Ff875336
[2025-05-26 15:04:42,965] INFO - Session created in memory for wallet: 0x1234567890abcdef
[2025-05-26 15:04:42,970] INFO - Session created in memory for wallet: not_a_wallet
[2025-05-26 15:04:51,925] INFO - Session created in memory for wallet: 0x1234567890abcdef
[2025-05-26 15:04:51,930] INFO - Session created in memory for wallet: not_a_wallet
